Archive member included to satisfy reference by file (symbol)

/usr/local/gcc-arm-none-eabi-5_4-2016q3/bin/../lib/gcc/arm-none-eabi/5.4.1/../../../../arm-none-eabi/lib/armv7e-m/fpu/libc_nano.a(lib_a-exit.o)
                              /usr/local/gcc-arm-none-eabi-5_4-2016q3/bin/../lib/gcc/arm-none-eabi/5.4.1/../../../../arm-none-eabi/lib/armv7e-m/fpu/crt0.o (exit)
/usr/local/gcc-arm-none-eabi-5_4-2016q3/bin/../lib/gcc/arm-none-eabi/5.4.1/../../../../arm-none-eabi/lib/armv7e-m/fpu/libc_nano.a(lib_a-impure.o)
                              /usr/local/gcc-arm-none-eabi-5_4-2016q3/bin/../lib/gcc/arm-none-eabi/5.4.1/../../../../arm-none-eabi/lib/armv7e-m/fpu/libc_nano.a(lib_a-exit.o) (_global_impure_ptr)
/usr/local/gcc-arm-none-eabi-5_4-2016q3/bin/../lib/gcc/arm-none-eabi/5.4.1/../../../../arm-none-eabi/lib/armv7e-m/fpu/libc_nano.a(lib_a-init.o)
                              /usr/local/gcc-arm-none-eabi-5_4-2016q3/bin/../lib/gcc/arm-none-eabi/5.4.1/../../../../arm-none-eabi/lib/armv7e-m/fpu/crt0.o (__libc_init_array)
/usr/local/gcc-arm-none-eabi-5_4-2016q3/bin/../lib/gcc/arm-none-eabi/5.4.1/../../../../arm-none-eabi/lib/armv7e-m/fpu/libc_nano.a(lib_a-memset.o)
                              /usr/local/gcc-arm-none-eabi-5_4-2016q3/bin/../lib/gcc/arm-none-eabi/5.4.1/../../../../arm-none-eabi/lib/armv7e-m/fpu/crt0.o (memset)
/usr/local/gcc-arm-none-eabi-5_4-2016q3/bin/../lib/gcc/arm-none-eabi/5.4.1/../../../../arm-none-eabi/lib/armv7e-m/fpu/libnosys.a(_exit.o)
                              /usr/local/gcc-arm-none-eabi-5_4-2016q3/bin/../lib/gcc/arm-none-eabi/5.4.1/../../../../arm-none-eabi/lib/armv7e-m/fpu/libc_nano.a(lib_a-exit.o) (_exit)
/usr/local/gcc-arm-none-eabi-5_4-2016q3/bin/../lib/gcc/arm-none-eabi/5.4.1/../../../../arm-none-eabi/lib/armv7e-m/fpu/libm.a(lib_a-w_pow.o)
                              _build/nrf52832_xxaa_main.c.o (pow)
/usr/local/gcc-arm-none-eabi-5_4-2016q3/bin/../lib/gcc/arm-none-eabi/5.4.1/../../../../arm-none-eabi/lib/armv7e-m/fpu/libm.a(lib_a-e_pow.o)
                              /usr/local/gcc-arm-none-eabi-5_4-2016q3/bin/../lib/gcc/arm-none-eabi/5.4.1/../../../../arm-none-eabi/lib/armv7e-m/fpu/libm.a(lib_a-w_pow.o) (__ieee754_pow)
/usr/local/gcc-arm-none-eabi-5_4-2016q3/bin/../lib/gcc/arm-none-eabi/5.4.1/../../../../arm-none-eabi/lib/armv7e-m/fpu/libm.a(lib_a-e_sqrt.o)
                              /usr/local/gcc-arm-none-eabi-5_4-2016q3/bin/../lib/gcc/arm-none-eabi/5.4.1/../../../../arm-none-eabi/lib/armv7e-m/fpu/libm.a(lib_a-e_pow.o) (__ieee754_sqrt)
/usr/local/gcc-arm-none-eabi-5_4-2016q3/bin/../lib/gcc/arm-none-eabi/5.4.1/../../../../arm-none-eabi/lib/armv7e-m/fpu/libm.a(lib_a-s_fabs.o)
                              /usr/local/gcc-arm-none-eabi-5_4-2016q3/bin/../lib/gcc/arm-none-eabi/5.4.1/../../../../arm-none-eabi/lib/armv7e-m/fpu/libm.a(lib_a-e_pow.o) (fabs)
/usr/local/gcc-arm-none-eabi-5_4-2016q3/bin/../lib/gcc/arm-none-eabi/5.4.1/../../../../arm-none-eabi/lib/armv7e-m/fpu/libm.a(lib_a-s_finite.o)
                              /usr/local/gcc-arm-none-eabi-5_4-2016q3/bin/../lib/gcc/arm-none-eabi/5.4.1/../../../../arm-none-eabi/lib/armv7e-m/fpu/libm.a(lib_a-w_pow.o) (finite)
/usr/local/gcc-arm-none-eabi-5_4-2016q3/bin/../lib/gcc/arm-none-eabi/5.4.1/../../../../arm-none-eabi/lib/armv7e-m/fpu/libm.a(lib_a-s_lib_ver.o)
                              /usr/local/gcc-arm-none-eabi-5_4-2016q3/bin/../lib/gcc/arm-none-eabi/5.4.1/../../../../arm-none-eabi/lib/armv7e-m/fpu/libm.a(lib_a-w_pow.o) (__fdlib_version)
/usr/local/gcc-arm-none-eabi-5_4-2016q3/bin/../lib/gcc/arm-none-eabi/5.4.1/../../../../arm-none-eabi/lib/armv7e-m/fpu/libm.a(lib_a-s_matherr.o)
                              /usr/local/gcc-arm-none-eabi-5_4-2016q3/bin/../lib/gcc/arm-none-eabi/5.4.1/../../../../arm-none-eabi/lib/armv7e-m/fpu/libm.a(lib_a-w_pow.o) (matherr)
/usr/local/gcc-arm-none-eabi-5_4-2016q3/bin/../lib/gcc/arm-none-eabi/5.4.1/../../../../arm-none-eabi/lib/armv7e-m/fpu/libm.a(lib_a-s_nan.o)
                              /usr/local/gcc-arm-none-eabi-5_4-2016q3/bin/../lib/gcc/arm-none-eabi/5.4.1/../../../../arm-none-eabi/lib/armv7e-m/fpu/libm.a(lib_a-e_pow.o) (nan)
/usr/local/gcc-arm-none-eabi-5_4-2016q3/bin/../lib/gcc/arm-none-eabi/5.4.1/../../../../arm-none-eabi/lib/armv7e-m/fpu/libm.a(lib_a-s_rint.o)
                              /usr/local/gcc-arm-none-eabi-5_4-2016q3/bin/../lib/gcc/arm-none-eabi/5.4.1/../../../../arm-none-eabi/lib/armv7e-m/fpu/libm.a(lib_a-w_pow.o) (rint)
/usr/local/gcc-arm-none-eabi-5_4-2016q3/bin/../lib/gcc/arm-none-eabi/5.4.1/../../../../arm-none-eabi/lib/armv7e-m/fpu/libm.a(lib_a-s_scalbn.o)
                              /usr/local/gcc-arm-none-eabi-5_4-2016q3/bin/../lib/gcc/arm-none-eabi/5.4.1/../../../../arm-none-eabi/lib/armv7e-m/fpu/libm.a(lib_a-e_pow.o) (scalbn)
/usr/local/gcc-arm-none-eabi-5_4-2016q3/bin/../lib/gcc/arm-none-eabi/5.4.1/../../../../arm-none-eabi/lib/armv7e-m/fpu/libm.a(lib_a-s_copysign.o)
[...]
Memory Configuration

Name             Origin             Length             Attributes
FLASH            0x000000000001f000 0x0000000000061000 xr
RAM              0x0000000020002128 0x000000000000ded8 xrw
*default*        0x0000000000000000 0xffffffffffffffff

Linker script and memory map


.text           0x000000000001f000     0xa088
 *(.isr_vector)
 .isr_vector    0x000000000001f000      0x400 _build/nrf52832_xxaa_gcc_startup_nrf52.S.o
                0x000000000001f000                __isr_vector
 *(.text*)
 .text          0x000000000001f400       0x5c /usr/local/gcc-arm-none-eabi-5_4-2016q3/bin/../lib/gcc/arm-none-eabi/5.4.1/armv7e-m/fpu/crtbegin.o
 .text          0x000000000001f45c       0x74 /usr/local/gcc-arm-none-eabi-5_4-2016q3/bin/../lib/gcc/arm-none-eabi/5.4.1/../../../../arm-none-eabi/lib/armv7e-m/fpu/crt0.o
                0x000000000001f45c                _mainCRTStartup
                0x000000000001f45c                _start
 .text.exit     0x000000000001f4d0       0x28 /usr/local/gcc-arm-none-eabi-5_4-2016q3/bin/../lib/gcc/arm-none-eabi/5.4.1/../../../../arm-none-eabi/lib/armv7e-m/fpu/libc_nano.a(lib_a-exit.o)
                0x000000000001f4d0                exit
 .text.__libc_init_array
                0x000000000001f4f8       0x4c /usr/local/gcc-arm-none-eabi-5_4-2016q3/bin/../lib/gcc/arm-none-eabi/5.4.1/../../../../arm-none-eabi/lib/armv7e-m/fpu/libc_nano.a(lib_a-init.o)
                0x000000000001f4f8                __libc_init_array
 .text.memset   0x000000000001f544       0x10 /usr/local/gcc-arm-none-eabi-5_4-2016q3/bin/../lib/gcc/arm-none-eabi/5.4.1/../../../../arm-none-eabi/lib/armv7e-m/fpu/libc_nano.a(lib_a-memset.o)
                0x000000000001f544                memset
 .text._exit    0x000000000001f554        0x4 /usr/local/gcc-arm-none-eabi-5_4-2016q3/bin/../lib/gcc/arm-none-eabi/5.4.1/../../../../arm-none-eabi/lib/armv7e-m/fpu/libnosys.a(_exit.o)
                0x000000000001f554                _exit
 .text.uart_event_handler
                0x000000000001f558       0x28 _build/nrf52832_xxaa_nrf_log_backend_serial.c.o
 .text.nrf_log_backend_init
                0x000000000001f580       0xa4 _build/nrf52832_xxaa_nrf_log_backend_serial.c.o
                0x000000000001f580                nrf_log_backend_init
 .text.serial_is_busy
                0x000000000001f624       0x24 _build/nrf52832_xxaa_nrf_log_backend_serial.c.o
 .text.serial_tx
                0x000000000001f648       0x44 _build/nrf52832_xxaa_nrf_log_backend_serial.c.o
 .text.buf_len_update
                0x000000000001f68c       0x34 _build/nrf52832_xxaa_nrf_log_backend_serial.c.o
 .text.timestamp_process
                0x000000000001f6c0       0x50 _build/nrf52832_xxaa_nrf_log_backend_serial.c.o
 .text.nrf_log_backend_serial_std_handler
                0x000000000001f710      0x2c8 _build/nrf52832_xxaa_nrf_log_backend_serial.c.o
 .text.byte2hex
                0x000000000001f9d8       0x5c _build/nrf52832_xxaa_nrf_log_backend_serial.c.o
 .text.char2readablechar
                0x000000000001fa34       0x28 _build/nrf52832_xxaa_nrf_log_backend_serial.c.o
 .text.nrf_log_backend_serial_hexdump_handler
                0x000000000001fa5c      0x2b4 _build/nrf52832_xxaa_nrf_log_backend_serial.c.o
 .text.nrf_log_backend_std_handler_get
                0x000000000001fd10       0x14 _build/nrf52832_xxaa_nrf_log_backend_serial.c.o
                0x000000000001fd10                nrf_log_backend_std_handler_get
 .text.nrf_log_backend_hexdump_handler_get
                0x000000000001fd24       0x14 _build/nrf52832_xxaa_nrf_log_backend_serial.c.o
                0x000000000001fd24                nrf_log_backend_hexdump_handler_get
 .text.nrf_log_init
                0x000000000001fd38       0x38 _build/nrf52832_xxaa_nrf_log_frontend.c.o
                0x000000000001fd38                nrf_log_init
 .text.nrf_log_blocking_backend_set
                0x000000000001fd70       0x10 _build/nrf52832_xxaa_nrf_log_frontend.c.o
                0x000000000001fd70                nrf_log_blocking_backend_set
 .text.nrf_log_frontend_init
                0x000000000001fd80       0x34 _build/nrf52832_xxaa_nrf_log_frontend.c.o
                0x000000000001fd80                nrf_log_frontend_init
 .text.nrf_log_handlers_set
                0x000000000001fdb4       0x2c _build/nrf52832_xxaa_nrf_log_frontend.c.o
                0x000000000001fdb4                nrf_log_handlers_set
 .text.buf_prealloc
                0x000000000001fde0       0xcc _build/nrf52832_xxaa_nrf_log_frontend.c.o
 .text.nrf_log_frontend_std_0
                0x000000000001feac       0x8c _build/nrf52832_xxaa_nrf_log_frontend.c.o
                0x000000000001feac                nrf_log_frontend_std_0
 .text.nrf_log_frontend_std_1
                0x000000000001ff38       0xa0 _build/nrf52832_xxaa_nrf_log_frontend.c.o
                0x000000000001ff38                nrf_log_frontend_std_1
 .text.buffer_is_empty
                0x000000000001ffd8       0x24 _build/nrf52832_xxaa_nrf_log_frontend.c.o
                0x000000000001ffd8                buffer_is_empty
 .text.nrf_log_frontend_dequeue
                0x000000000001fffc      0x284 _build/nrf52832_xxaa_nrf_log_frontend.c.o
                0x000000000001fffc                nrf_log_frontend_dequeue
 .text.detection_delay_timeout_handler
                0x0000000000020280       0xc8 _build/nrf52832_xxaa_app_button.c.o
 .text.gpiote_event_handler
                0x0000000000020348       0xa0 _build/nrf52832_xxaa_app_button.c.o
 .text.app_button_init
                0x00000000000203e8       0xd4 _build/nrf52832_xxaa_app_button.c.o
                0x00000000000203e8                app_button_init
 .text.app_button_enable
                0x00000000000204bc       0x44 _build/nrf52832_xxaa_app_button.c.o
                0x00000000000204bc                app_button_enable
 .text.app_error_handler_bare
                0x0000000000020500       0x2c _build/nrf52832_xxaa_app_error.c.o
                0x0000000000020500                app_error_handler_bare
 .text.NVIC_SystemReset
                0x000000000002052c       0x28 _build/nrf52832_xxaa_app_error_weak.c.o
 .text.app_error_fault_handler
                0x0000000000020554       0x34 _build/nrf52832_xxaa_app_error_weak.c.o
                0x0000000000020554                app_error_fault_handler
 .text.NVIC_EnableIRQ
                0x0000000000020588       0x34 _build/nrf52832_xxaa_app_timer.c.o
 .text.NVIC_DisableIRQ
                0x00000000000205bc       0x34 _build/nrf52832_xxaa_app_timer.c.o
 .text.NVIC_SetPendingIRQ
                0x00000000000205f0       0x34 _build/nrf52832_xxaa_app_timer.c.o
 .text.NVIC_ClearPendingIRQ
                0x0000000000020624       0x34 _build/nrf52832_xxaa_app_timer.c.o
 .text.NVIC_SetPriority
                0x0000000000020658       0x54 _build/nrf52832_xxaa_app_timer.c.o
 .text.is_word_aligned
                0x00000000000206ac       0x24 _build/nrf52832_xxaa_app_timer.c.o
 .text.nrf_delay_us
                0x00000000000206d0       0xa8 _build/nrf52832_xxaa_app_timer.c.o
 .text.rtc1_init
                0x0000000000020778       0x24 _build/nrf52832_xxaa_app_timer.c.o
 .text.rtc1_start
                0x000000000002079c       0x44 _build/nrf52832_xxaa_app_timer.c.o
 .text.rtc1_stop
                0x00000000000207e0       0x54 _build/nrf52832_xxaa_app_timer.c.o
 .text.rtc1_counter_get
                0x0000000000020834       0x18 _build/nrf52832_xxaa_app_timer.c.o
 .text.ticks_diff_get
                0x000000000002084c       0x20 _build/nrf52832_xxaa_app_timer.c.o
 .text.rtc1_compare0_set
                0x000000000002086c       0x20 _build/nrf52832_xxaa_app_timer.c.o
 .text.timer_list_insert
                0x000000000002088c       0xb4 _build/nrf52832_xxaa_app_timer.c.o
 .text.timer_list_remove
                0x0000000000020940       0xa8 _build/nrf52832_xxaa_app_timer.c.o
 .text.timer_timeouts_check_sched
                0x00000000000209e8       0x10 _build/nrf52832_xxaa_app_timer.c.o
 .text.timer_list_handler_sched
                0x00000000000209f8       0x10 _build/nrf52832_xxaa_app_timer.c.o
 .text.timeout_handler_exec
                0x0000000000020a08       0x4c _build/nrf52832_xxaa_app_timer.c.o
 .text.timer_timeouts_check
                0x0000000000020a54       0xc8 _build/nrf52832_xxaa_app_timer.c.o
 .text.elapsed_ticks_acquire
                0x0000000000020b1c       0x80 _build/nrf52832_xxaa_app_timer.c.o
 .text.list_deletions_handler
                0x0000000000020b9c       0xa0 _build/nrf52832_xxaa_app_timer.c.o
 .text.expired_timers_handler
                0x0000000000020c3c       0x9c _build/nrf52832_xxaa_app_timer.c.o
 .text.list_insertions_handler
                0x0000000000020cd8      0x160 _build/nrf52832_xxaa_app_timer.c.o
 .text.compare_reg_update
                0x0000000000020e38       0xb4 _build/nrf52832_xxaa_app_timer.c.o
 .text.timer_list_handler
                0x0000000000020eec       0x78 _build/nrf52832_xxaa_app_timer.c.o
 .text.user_op_enque
                0x0000000000020f64       0x20 _build/nrf52832_xxaa_app_timer.c.o
 .text.user_op_alloc
                0x0000000000020f84       0x5c _build/nrf52832_xxaa_app_timer.c.o
 .text.timer_start_op_schedule
                0x0000000000020fe0       0x84 _build/nrf52832_xxaa_app_timer.c.o
 .text.timer_stop_op_schedule
                0x0000000000021064       0x68 _build/nrf52832_xxaa_app_timer.c.o
 .text.RTC1_IRQHandler
                0x00000000000210cc       0x40 _build/nrf52832_xxaa_app_timer.c.o
                0x00000000000210cc                RTC1_IRQHandler
 .text.SWI0_EGU0_IRQHandler
                0x000000000002110c        0xc _build/nrf52832_xxaa_app_timer.c.o
                0x000000000002110c                SWI0_EGU0_IRQHandler
 .text.app_timer_init
                0x0000000000021118       0xac _build/nrf52832_xxaa_app_timer.c.o
                0x0000000000021118                app_timer_init
 .text.app_timer_create
                0x00000000000211c4       0x68 _build/nrf52832_xxaa_app_timer.c.o
                0x00000000000211c4                app_timer_create
 .text.app_timer_start
                0x000000000002122c       0x68 _build/nrf52832_xxaa_app_timer.c.o
                0x000000000002122c                app_timer_start
 .text.app_timer_stop
                0x0000000000021294       0x48 _build/nrf52832_xxaa_app_timer.c.o
                0x0000000000021294                app_timer_stop
 .text.__sd_nvic_irq_disable
                0x00000000000212dc       0x20 _build/nrf52832_xxaa_app_util_platform.c.o
 .text.__sd_nvic_irq_enable
                0x00000000000212fc       0x10 _build/nrf52832_xxaa_app_util_platform.c.o
 .text.sd_nvic_critical_region_enter
                0x000000000002130c       0x74 _build/nrf52832_xxaa_app_util_platform.c.o
 .text.sd_nvic_critical_region_exit
                0x0000000000021380       0x50 _build/nrf52832_xxaa_app_util_platform.c.o
 .text.app_util_critical_region_enter
                0x00000000000213d0       0x18 _build/nrf52832_xxaa_app_util_platform.c.o
                0x00000000000213d0                app_util_critical_region_enter
 .text.app_util_critical_region_exit
                0x00000000000213e8       0x1c _build/nrf52832_xxaa_app_util_platform.c.o
                0x00000000000213e8                app_util_critical_region_exit
 .text.is_word_aligned
                0x0000000000021404       0x24 _build/nrf52832_xxaa_fds.c.o
 .text.flag_set
                0x0000000000021428       0x28 _build/nrf52832_xxaa_fds.c.o
 .text.flag_clear
                0x0000000000021450       0x34 _build/nrf52832_xxaa_fds.c.o
 .text.flag_is_set
                0x0000000000021484       0x30 _build/nrf52832_xxaa_fds.c.o
 .text.event_send
                0x00000000000214b4       0x40 _build/nrf52832_xxaa_fds.c.o
 .text.event_prepare
                0x00000000000214f4       0xdc _build/nrf52832_xxaa_fds.c.o
 .text.header_is_valid
                0x00000000000215d0       0x34 _build/nrf52832_xxaa_fds.c.o
 .text.address_is_valid
                0x0000000000021604       0x48 _build/nrf52832_xxaa_fds.c.o
 .text.page_from_record
                0x000000000002164c       0x68 _build/nrf52832_xxaa_fds.c.o
 .text.page_offsets_update
                0x00000000000216b4       0x3c _build/nrf52832_xxaa_fds.c.o
 .text.page_tag_write_swap
                0x00000000000216f0       0x2c _build/nrf52832_xxaa_fds.c.o
 .text.page_tag_write_data
                0x000000000002171c       0x2c _build/nrf52832_xxaa_fds.c.o
 .text.record_find_next
                0x0000000000021748       0x94 _build/nrf52832_xxaa_fds.c.o
 .text.record_find_by_desc
                0x00000000000217dc       0xb8 _build/nrf52832_xxaa_fds.c.o
 .text.record_find
                0x0000000000021894       0xd4 _build/nrf52832_xxaa_fds.c.o
 .text.queue_advance
                0x0000000000021968       0x54 _build/nrf52832_xxaa_fds.c.o
 .text.chunk_queue_get_and_advance
                0x00000000000219bc       0x48 _build/nrf52832_xxaa_fds.c.o
 .text.chunk_queue_skip
                0x0000000000021a04       0x44 _build/nrf52832_xxaa_fds.c.o
 .text.record_header_write_begin
                0x0000000000021a48       0x40 _build/nrf52832_xxaa_fds.c.o
 .text.record_header_write_id
                0x0000000000021a88       0x50 _build/nrf52832_xxaa_fds.c.o
 .text.record_header_write_finalize
                0x0000000000021ad8       0x50 _build/nrf52832_xxaa_fds.c.o
 .text.record_header_flag_dirty
                0x0000000000021b28       0x38 _build/nrf52832_xxaa_fds.c.o
 .text.record_find_and_delete
                0x0000000000021b60       0x70 _build/nrf52832_xxaa_fds.c.o
 .text.file_find_and_delete
                0x0000000000021bd0       0x58 _build/nrf52832_xxaa_fds.c.o
 .text.record_write_chunk
                0x0000000000021c28       0x7c _build/nrf52832_xxaa_fds.c.o
 .text.gc_init  0x0000000000021ca4       0x64 _build/nrf52832_xxaa_fds.c.o
 .text.gc_page_next
                0x0000000000021d08       0x78 _build/nrf52832_xxaa_fds.c.o
 .text.gc_swap_erase
                0x0000000000021d80       0x30 _build/nrf52832_xxaa_fds.c.o
 .text.gc_page_erase
                0x0000000000021db0       0x5c _build/nrf52832_xxaa_fds.c.o
 .text.gc_record_copy
                0x0000000000021e0c       0x54 _build/nrf52832_xxaa_fds.c.o
 .text.gc_record_find_next
                0x0000000000021e60       0x38 _build/nrf52832_xxaa_fds.c.o
 .text.gc_swap_promote
                0x0000000000021e98       0x2c _build/nrf52832_xxaa_fds.c.o
 .text.gc_tag_new_swap
                0x0000000000021ec4       0x20 _build/nrf52832_xxaa_fds.c.o
 .text.gc_next_page
                0x0000000000021ee4       0x40 _build/nrf52832_xxaa_fds.c.o
 .text.gc_update_swap_offset
                0x0000000000021f24       0x38 _build/nrf52832_xxaa_fds.c.o
 .text.gc_swap_pages
                0x0000000000021f5c       0x64 _build/nrf52832_xxaa_fds.c.o
 .text.gc_state_advance
                0x0000000000021fc0       0x74 _build/nrf52832_xxaa_fds.c.o
 .text.init_execute
                0x0000000000022034      0x168 _build/nrf52832_xxaa_fds.c.o
 .text.write_execute
                0x000000000002219c      0x104 _build/nrf52832_xxaa_fds.c.o
 .text.delete_execute
                0x00000000000222a0       0x64 _build/nrf52832_xxaa_fds.c.o
 .text.gc_execute
                0x0000000000022304       0x98 _build/nrf52832_xxaa_fds.c.o
 .text.queue_process
                0x000000000002239c       0xdc _build/nrf52832_xxaa_fds.c.o
 .text.fs_event_handler
                0x0000000000022478       0x1c _build/nrf52832_xxaa_fds.c.o
 .text.sd_flash_write
                0x0000000000022494        0x8 _build/nrf52832_xxaa_fstorage.c.o
 .text.sd_flash_page_erase
                0x000000000002249c        0x8 _build/nrf52832_xxaa_fstorage.c.o
 .text.send_event
                0x00000000000224a4       0x74 _build/nrf52832_xxaa_fstorage.c.o
 .text.check_config
                0x0000000000022518       0x38 _build/nrf52832_xxaa_fstorage.c.o
 .text.store_execute
                0x0000000000022550       0x58 _build/nrf52832_xxaa_fstorage.c.o
 .text.erase_execute
                0x00000000000225a8       0x1c _build/nrf52832_xxaa_fstorage.c.o
 .text.queue_advance
                0x00000000000225c4       0x50 _build/nrf52832_xxaa_fstorage.c.o
 .text.queue_process
                0x0000000000022614       0x8c _build/nrf52832_xxaa_fstorage.c.o
 .text.queue_start
                0x00000000000226a0       0x38 _build/nrf52832_xxaa_fstorage.c.o
 .text.on_operation_success
                0x00000000000226d8       0xb0 _build/nrf52832_xxaa_fstorage.c.o
 .text.on_operation_failure
                0x0000000000022788       0x3c _build/nrf52832_xxaa_fstorage.c.o
 .text.queue_get_next_free
                0x00000000000227c4       0x80 _build/nrf52832_xxaa_fstorage.c.o
 .text.fs_store
                0x0000000000022844       0xd4 _build/nrf52832_xxaa_fstorage.c.o
                0x0000000000022844                fs_store
 .text.fs_erase
                0x0000000000022918       0xc4 _build/nrf52832_xxaa_fstorage.c.o
                0x0000000000022918                fs_erase
 .text.fs_queued_op_count_get
                0x00000000000229dc       0x2c _build/nrf52832_xxaa_fstorage.c.o
                0x00000000000229dc                fs_queued_op_count_get
 .text.fs_sys_event_handler
                0x0000000000022a08       0x88 _build/nrf52832_xxaa_fstorage.c.o
                0x0000000000022a08                fs_sys_event_handler
 .text.nrf_clock_int_disable
                0x0000000000022a90       0x20 _build/nrf52832_xxaa_nrf_drv_clock.c.o
 .text.nrf_clock_event_clear
                0x0000000000022ab0       0x2c _build/nrf52832_xxaa_nrf_drv_clock.c.o
 .text.nrf_clock_event_check
                0x0000000000022adc       0x28 _build/nrf52832_xxaa_nrf_drv_clock.c.o
 .text.nrf_clock_lf_src_set
                0x0000000000022b04       0x24 _build/nrf52832_xxaa_nrf_drv_clock.c.o
 .text.nrf_drv_clock_init
                0x0000000000022b28       0x58 _build/nrf52832_xxaa_nrf_drv_clock.c.o
                0x0000000000022b28                nrf_drv_clock_init
 .text.item_dequeue
                0x0000000000022b80       0x2c _build/nrf52832_xxaa_nrf_drv_clock.c.o
 .text.clock_clk_started_notify
                0x0000000000022bac       0x48 _build/nrf52832_xxaa_nrf_drv_clock.c.o
 .text.POWER_CLOCK_IRQHandler
                0x0000000000022bf4       0x5c _build/nrf52832_xxaa_nrf_drv_clock.c.o
                0x0000000000022bf4                POWER_CLOCK_IRQHandler
 .text.nrf_drv_clock_on_soc_event
                0x0000000000022c50       0x1c _build/nrf52832_xxaa_nrf_drv_clock.c.o
                0x0000000000022c50                nrf_drv_clock_on_soc_event
 .text.nrf_drv_clock_on_sd_enable
                0x0000000000022c6c       0x48 _build/nrf52832_xxaa_nrf_drv_clock.c.o
                0x0000000000022c6c                nrf_drv_clock_on_sd_enable
 .text.NVIC_EnableIRQ
                0x0000000000022cb4       0x34 _build/nrf52832_xxaa_nrf_drv_common.c.o
 .text.NVIC_ClearPendingIRQ
                0x0000000000022ce8       0x34 _build/nrf52832_xxaa_nrf_drv_common.c.o
 .text.NVIC_SetPriority
                0x0000000000022d1c       0x54 _build/nrf52832_xxaa_nrf_drv_common.c.o
 .text.nrf_drv_common_irq_enable
                0x0000000000022d70       0x3c _build/nrf52832_xxaa_nrf_drv_common.c.o
                0x0000000000022d70                nrf_drv_common_irq_enable
 .text.nrf_gpiote_event_is_set
                0x0000000000022dac       0x28 _build/nrf52832_xxaa_nrf_drv_gpiote.c.o
 .text.nrf_gpiote_event_clear
                0x0000000000022dd4       0x34 _build/nrf52832_xxaa_nrf_drv_gpiote.c.o
 .text.nrf_gpiote_event_addr_get
                0x0000000000022e08       0x20 _build/nrf52832_xxaa_nrf_drv_gpiote.c.o
 .text.nrf_gpiote_int_enable
                0x0000000000022e28       0x20 _build/nrf52832_xxaa_nrf_drv_gpiote.c.o
 .text.nrf_gpiote_int_is_enabled
                0x0000000000022e48       0x24 _build/nrf52832_xxaa_nrf_drv_gpiote.c.o
 .text.nrf_gpiote_event_enable
                0x0000000000022e6c       0x34 _build/nrf52832_xxaa_nrf_drv_gpiote.c.o
 .text.nrf_gpiote_event_configure
                0x0000000000022ea0       0x6c _build/nrf52832_xxaa_nrf_drv_gpiote.c.o
 .text.nrf_gpiote_event_pin_get
                0x0000000000022f0c       0x2c _build/nrf52832_xxaa_nrf_drv_gpiote.c.o
 .text.nrf_gpiote_event_polarity_get
                0x0000000000022f38       0x2c _build/nrf52832_xxaa_nrf_drv_gpiote.c.o
 .text.nrf_gpio_cfg
                0x0000000000022f64       0x50 _build/nrf52832_xxaa_nrf_drv_gpiote.c.o
 .text.nrf_gpio_cfg_input
                0x0000000000022fb4       0x2c _build/nrf52832_xxaa_nrf_drv_gpiote.c.o
 .text.nrf_gpio_cfg_watcher
                0x0000000000022fe0       0x38 _build/nrf52832_xxaa_nrf_drv_gpiote.c.o
 .text.nrf_gpio_cfg_sense_set
                0x0000000000023018       0x5c _build/nrf52832_xxaa_nrf_drv_gpiote.c.o
 .text.nrf_gpio_pin_read
                0x0000000000023074       0x28 _build/nrf52832_xxaa_nrf_drv_gpiote.c.o
 .text.nrf_gpio_pins_read
                0x000000000002309c       0x18 _build/nrf52832_xxaa_nrf_drv_gpiote.c.o
 .text.nrf_gpio_pin_sense_get
                0x00000000000230b4       0x2c _build/nrf52832_xxaa_nrf_drv_gpiote.c.o
 .text.pin_in_use_by_te
                0x00000000000230e0       0x44 _build/nrf52832_xxaa_nrf_drv_gpiote.c.o
 .text.pin_in_use_by_port
                0x0000000000023124       0x30 _build/nrf52832_xxaa_nrf_drv_gpiote.c.o
 .text.pin_in_use_by_gpiote
                0x0000000000023154       0x2c _build/nrf52832_xxaa_nrf_drv_gpiote.c.o
 .text.pin_in_use_by_te_set
                0x0000000000023180       0x58 _build/nrf52832_xxaa_nrf_drv_gpiote.c.o
 .text.pin_in_use_clear
                0x00000000000231d8       0x24 _build/nrf52832_xxaa_nrf_drv_gpiote.c.o
 .text.channel_port_get
                0x00000000000231fc       0x24 _build/nrf52832_xxaa_nrf_drv_gpiote.c.o
 .text.channel_handler_get
                0x0000000000023220       0x20 _build/nrf52832_xxaa_nrf_drv_gpiote.c.o
 .text.channel_port_alloc
                0x0000000000023240       0x74 _build/nrf52832_xxaa_nrf_drv_gpiote.c.o
 .text.channel_free
                0x00000000000232b4       0x3c _build/nrf52832_xxaa_nrf_drv_gpiote.c.o
 .text.nrf_drv_gpiote_init
                0x00000000000232f0       0x78 _build/nrf52832_xxaa_nrf_drv_gpiote.c.o
                0x00000000000232f0                nrf_drv_gpiote_init
 .text.nrf_drv_gpiote_is_init
                0x0000000000023368       0x24 _build/nrf52832_xxaa_nrf_drv_gpiote.c.o
                0x0000000000023368                nrf_drv_gpiote_is_init
 .text.nrf_drv_gpiote_in_init
                0x000000000002338c       0xb4 _build/nrf52832_xxaa_nrf_drv_gpiote.c.o
                0x000000000002338c                nrf_drv_gpiote_in_init
 .text.nrf_drv_gpiote_in_event_enable
                0x0000000000023440       0xd8 _build/nrf52832_xxaa_nrf_drv_gpiote.c.o
                0x0000000000023440                nrf_drv_gpiote_in_event_enable
 .text.nrf_drv_gpiote_in_is_set
                0x0000000000023518       0x24 _build/nrf52832_xxaa_nrf_drv_gpiote.c.o
                0x0000000000023518                nrf_drv_gpiote_in_is_set
 .text.GPIOTE_IRQHandler
                0x000000000002353c      0x220 _build/nrf52832_xxaa_nrf_drv_gpiote.c.o
                0x000000000002353c                GPIOTE_IRQHandler
 .text.NVIC_DisableIRQ
                0x000000000002375c       0x34 _build/nrf52832_xxaa_nrf_drv_uart.c.o
 .text.nrf_uart_event_clear
                0x0000000000023790       0x30 _build/nrf52832_xxaa_nrf_drv_uart.c.o
 .text.nrf_uart_event_check
                0x00000000000237c0       0x2c _build/nrf52832_xxaa_nrf_drv_uart.c.o
 .text.nrf_uart_int_enable
                0x00000000000237ec       0x20 _build/nrf52832_xxaa_nrf_drv_uart.c.o
 .text.nrf_uart_int_enable_check
                0x000000000002380c       0x2c _build/nrf52832_xxaa_nrf_drv_uart.c.o
 .text.nrf_uart_int_disable
                0x0000000000023838       0x20 _build/nrf52832_xxaa_nrf_drv_uart.c.o
 .text.nrf_uart_errorsrc_get_and_clear
                0x0000000000023858       0x28 _build/nrf52832_xxaa_nrf_drv_uart.c.o
 .text.nrf_uart_enable
                0x0000000000023880       0x1c _build/nrf52832_xxaa_nrf_drv_uart.c.o
 .text.nrf_uart_disable
                0x000000000002389c       0x1c _build/nrf52832_xxaa_nrf_drv_uart.c.o
 .text.nrf_uart_txrx_pins_set
                0x00000000000238b8       0x28 _build/nrf52832_xxaa_nrf_drv_uart.c.o
 .text.nrf_uart_txrx_pins_disconnect
                0x00000000000238e0       0x20 _build/nrf52832_xxaa_nrf_drv_uart.c.o
 .text.nrf_uart_tx_pin_get
                0x0000000000023900       0x1c _build/nrf52832_xxaa_nrf_drv_uart.c.o
 .text.nrf_uart_rx_pin_get
                0x000000000002391c       0x1c _build/nrf52832_xxaa_nrf_drv_uart.c.o
 .text.nrf_uart_rts_pin_get
                0x0000000000023938       0x1c _build/nrf52832_xxaa_nrf_drv_uart.c.o
 .text.nrf_uart_cts_pin_get
                0x0000000000023954       0x1c _build/nrf52832_xxaa_nrf_drv_uart.c.o
 .text.nrf_uart_hwfc_pins_set
                0x0000000000023970       0x28 _build/nrf52832_xxaa_nrf_drv_uart.c.o
 .text.nrf_uart_hwfc_pins_disconnect
                0x0000000000023998       0x20 _build/nrf52832_xxaa_nrf_drv_uart.c.o
 .text.nrf_uart_rxd_get
                0x00000000000239b8       0x1c _build/nrf52832_xxaa_nrf_drv_uart.c.o
 .text.nrf_uart_txd_set
                0x00000000000239d4       0x20 _build/nrf52832_xxaa_nrf_drv_uart.c.o
 .text.nrf_uart_task_trigger
                0x00000000000239f4       0x24 _build/nrf52832_xxaa_nrf_drv_uart.c.o
 .text.nrf_uart_configure
                0x0000000000023a18       0x2c _build/nrf52832_xxaa_nrf_drv_uart.c.o
 .text.nrf_uart_baudrate_set
                0x0000000000023a44       0x20 _build/nrf52832_xxaa_nrf_drv_uart.c.o
 .text.nrf_uarte_event_clear
                0x0000000000023a64       0x30 _build/nrf52832_xxaa_nrf_drv_uart.c.o
 .text.nrf_uarte_event_check
                0x0000000000023a94       0x2c _build/nrf52832_xxaa_nrf_drv_uart.c.o
 .text.nrf_uarte_shorts_disable
                0x0000000000023ac0       0x28 _build/nrf52832_xxaa_nrf_drv_uart.c.o
 .text.nrf_uarte_int_enable
                0x0000000000023ae8       0x20 _build/nrf52832_xxaa_nrf_drv_uart.c.o
 .text.nrf_uarte_int_disable
                0x0000000000023b08       0x20 _build/nrf52832_xxaa_nrf_drv_uart.c.o
 .text.nrf_uarte_errorsrc_get_and_clear
                0x0000000000023b28       0x28 _build/nrf52832_xxaa_nrf_drv_uart.c.o
 .text.nrf_uarte_enable
                0x0000000000023b50       0x1c _build/nrf52832_xxaa_nrf_drv_uart.c.o
 .text.nrf_uarte_disable
                0x0000000000023b6c       0x1c _build/nrf52832_xxaa_nrf_drv_uart.c.o
 .text.nrf_uarte_txrx_pins_set
                0x0000000000023b88       0x28 _build/nrf52832_xxaa_nrf_drv_uart.c.o
 .text.nrf_uarte_txrx_pins_disconnect
                0x0000000000023bb0       0x20 _build/nrf52832_xxaa_nrf_drv_uart.c.o
 .text.nrf_uarte_tx_pin_get
                0x0000000000023bd0       0x1c _build/nrf52832_xxaa_nrf_drv_uart.c.o
 .text.nrf_uarte_rx_pin_get
                0x0000000000023bec       0x1c _build/nrf52832_xxaa_nrf_drv_uart.c.o
 .text.nrf_uarte_rts_pin_get
                0x0000000000023c08       0x1c _build/nrf52832_xxaa_nrf_drv_uart.c.o
 .text.nrf_uarte_cts_pin_get
                0x0000000000023c24       0x1c _build/nrf52832_xxaa_nrf_drv_uart.c.o
 .text.nrf_uarte_hwfc_pins_set
                0x0000000000023c40       0x28 _build/nrf52832_xxaa_nrf_drv_uart.c.o
 .text.nrf_uarte_hwfc_pins_disconnect
                0x0000000000023c68       0x20 _build/nrf52832_xxaa_nrf_drv_uart.c.o
 .text.nrf_uarte_task_trigger
                0x0000000000023c88       0x24 _build/nrf52832_xxaa_nrf_drv_uart.c.o
 .text.nrf_uarte_configure
                0x0000000000023cac       0x2c _build/nrf52832_xxaa_nrf_drv_uart.c.o
 .text.nrf_uarte_baudrate_set
                0x0000000000023cd8       0x20 _build/nrf52832_xxaa_nrf_drv_uart.c.o
 .text.nrf_uarte_tx_buffer_set
                0x0000000000023cf8       0x2c _build/nrf52832_xxaa_nrf_drv_uart.c.o
 .text.nrf_uarte_tx_amount_get
                0x0000000000023d24       0x1c _build/nrf52832_xxaa_nrf_drv_uart.c.o
 .text.nrf_uarte_rx_amount_get
                0x0000000000023d40       0x1c _build/nrf52832_xxaa_nrf_drv_uart.c.o
 .text.nrf_drv_common_irq_disable
                0x0000000000023d5c       0x1c _build/nrf52832_xxaa_nrf_drv_uart.c.o
 .text.nrf_drv_get_IRQn
                0x0000000000023d78       0x20 _build/nrf52832_xxaa_nrf_drv_uart.c.o
 .text.nrf_gpio_cfg
                0x0000000000023d98       0x50 _build/nrf52832_xxaa_nrf_drv_uart.c.o
 .text.nrf_gpio_cfg_output
                0x0000000000023de8       0x24 _build/nrf52832_xxaa_nrf_drv_uart.c.o
 .text.nrf_gpio_cfg_input
                0x0000000000023e0c       0x2c _build/nrf52832_xxaa_nrf_drv_uart.c.o
 .text.nrf_gpio_cfg_default
                0x0000000000023e38       0x24 _build/nrf52832_xxaa_nrf_drv_uart.c.o
 .text.nrf_gpio_pin_set
                0x0000000000023e5c       0x24 _build/nrf52832_xxaa_nrf_drv_uart.c.o
 .text.apply_config
                0x0000000000023e80      0x128 _build/nrf52832_xxaa_nrf_drv_uart.c.o
 .text.interrupts_enable
                0x0000000000023fa8       0xd0 _build/nrf52832_xxaa_nrf_drv_uart.c.o
 .text.interrupts_disable
                0x0000000000024078       0x6c _build/nrf52832_xxaa_nrf_drv_uart.c.o
 .text.pins_to_default
                0x00000000000240e4       0xd8 _build/nrf52832_xxaa_nrf_drv_uart.c.o
 .text.uart_enable
                0x00000000000241bc       0x3c _build/nrf52832_xxaa_nrf_drv_uart.c.o
 .text.uart_disable
                0x00000000000241f8       0x3c _build/nrf52832_xxaa_nrf_drv_uart.c.o
 .text.nrf_drv_uart_init
                0x0000000000024234       0x88 _build/nrf52832_xxaa_nrf_drv_uart.c.o
                0x0000000000024234                nrf_drv_uart_init
 .text.nrf_drv_uart_uninit
                0x00000000000242bc       0x48 _build/nrf52832_xxaa_nrf_drv_uart.c.o
                0x00000000000242bc                nrf_drv_uart_uninit
 .text.tx_byte  0x0000000000024304       0x44 _build/nrf52832_xxaa_nrf_drv_uart.c.o
 .text.nrf_drv_uart_tx_for_uart
                0x0000000000024348       0xe8 _build/nrf52832_xxaa_nrf_drv_uart.c.o
 .text.nrf_drv_uart_tx_for_uarte
                0x0000000000024430       0xb4 _build/nrf52832_xxaa_nrf_drv_uart.c.o
 .text.nrf_drv_uart_tx
                0x00000000000244e4       0x90 _build/nrf52832_xxaa_nrf_drv_uart.c.o
                0x00000000000244e4                nrf_drv_uart_tx
 .text.nrf_drv_uart_tx_in_progress
                0x0000000000024574       0x30 _build/nrf52832_xxaa_nrf_drv_uart.c.o
                0x0000000000024574                nrf_drv_uart_tx_in_progress
 .text.rx_byte  0x00000000000245a4       0x58 _build/nrf52832_xxaa_nrf_drv_uart.c.o
 .text.rx_done_event
                0x00000000000245fc       0x34 _build/nrf52832_xxaa_nrf_drv_uart.c.o
 .text.tx_done_event
                0x0000000000024630       0x38 _build/nrf52832_xxaa_nrf_drv_uart.c.o
 .text.uart_irq_handler
                0x0000000000024668      0x1d0 _build/nrf52832_xxaa_nrf_drv_uart.c.o
 .text.uarte_irq_handler
                0x0000000000024838      0x158 _build/nrf52832_xxaa_nrf_drv_uart.c.o
 .text.UARTE0_UART0_IRQHandler
                0x0000000000024990       0x2c _build/nrf52832_xxaa_nrf_drv_uart.c.o
                0x0000000000024990                UARTE0_UART0_IRQHandler
 .text.bsp_button_is_pressed
                0x00000000000249bc       0x58 _build/nrf52832_xxaa_bsp.c.o
                0x00000000000249bc                bsp_button_is_pressed
 .text.bsp_button_event_handler
                0x0000000000024a14      0x138 _build/nrf52832_xxaa_bsp.c.o
 .text.button_timer_handler
                0x0000000000024b4c       0x1c _build/nrf52832_xxaa_bsp.c.o
 .text.bsp_led_indication
                0x0000000000024b68      0x688 _build/nrf52832_xxaa_bsp.c.o
 .text.leds_timer_handler
                0x00000000000251f0       0x30 _build/nrf52832_xxaa_bsp.c.o
 .text.alert_timer_handler
                0x0000000000025220       0x3c _build/nrf52832_xxaa_bsp.c.o
 .text.bsp_init
                0x000000000002525c      0x108 _build/nrf52832_xxaa_bsp.c.o
                0x000000000002525c                bsp_init
 .text.bsp_event_to_button_action_assign
                0x0000000000025364       0x9c _build/nrf52832_xxaa_bsp.c.o
                0x0000000000025364                bsp_event_to_button_action_assign
 .text.advertising_buttons_configure
                0x0000000000025400       0x64 _build/nrf52832_xxaa_bsp_btn_ble.c.o
 .text.startup_event_extract
                0x0000000000025464       0x64 _build/nrf52832_xxaa_bsp_btn_ble.c.o
 .text.bsp_btn_ble_init
                0x00000000000254c8       0x4c _build/nrf52832_xxaa_bsp_btn_ble.c.o
                0x00000000000254c8                bsp_btn_ble_init
 .text.sd_ble_gap_scan_start
                0x0000000000025514        0x8 _build/nrf52832_xxaa_main.c.o
 .text.sd_ble_gap_scan_stop
                0x000000000002551c        0x8 _build/nrf52832_xxaa_main.c.o
 .text.nrf_delay_us
                0x0000000000025524       0xa8 _build/nrf52832_xxaa_main.c.o
 .text.nrf_delay_ms
                0x00000000000255cc       0x20 _build/nrf52832_xxaa_main.c.o
 *fill*         0x00000000000255ec        0x4 
 .text.ibcn_adv_report_parse
                0x00000000000255f0      0x224 _build/nrf52832_xxaa_main.c.o
 .text.ibcn_find_broadcaster
                0x0000000000025814       0x3c _build/nrf52832_xxaa_main.c.o
 .text.calculateAccuracy
                0x0000000000025850       0xec _build/nrf52832_xxaa_main.c.o
 .text.on_ble_evt
                0x000000000002593c      0x174 _build/nrf52832_xxaa_main.c.o
 .text.on_sys_evt
                0x0000000000025ab0       0x38 _build/nrf52832_xxaa_main.c.o
 .text.ble_evt_dispatch
                0x0000000000025ae8       0x18 _build/nrf52832_xxaa_main.c.o
 .text.sys_evt_dispatch
                0x0000000000025b00       0x1c _build/nrf52832_xxaa_main.c.o
 .text.ble_stack_init
                0x0000000000025b1c       0xb4 _build/nrf52832_xxaa_main.c.o
 .text.bsp_event_handler
                0x0000000000025bd0       0x18 _build/nrf52832_xxaa_main.c.o
                0x0000000000025bd0                bsp_event_handler
 .text.scan_start
                0x0000000000025be8       0x80 _build/nrf52832_xxaa_main.c.o
 .text.buttons_leds_init
                0x0000000000025c68       0x60 _build/nrf52832_xxaa_main.c.o
 .text.log_init
                0x0000000000025cc8       0x28 _build/nrf52832_xxaa_main.c.o
 .text.main     0x0000000000025cf0       0xf4 _build/nrf52832_xxaa_main.c.o
                0x0000000000025cf0                main
 .text          0x0000000000025de4       0x3c _build/nrf52832_xxaa_gcc_startup_nrf52.S.o
                0x0000000000025de4                Reset_Handler
                0x0000000000025e0c                NMI_Handler
                0x0000000000025e0e                HardFault_Handler
                0x0000000000025e10                MemoryManagement_Handler
                0x0000000000025e12                BusFault_Handler
                0x0000000000025e14                UsageFault_Handler
                0x0000000000025e16                SVC_Handler
                0x0000000000025e18                DebugMon_Handler
                0x0000000000025e1a                PendSV_Handler
                0x0000000000025e1c                SysTick_Handler
                0x0000000000025e1e                TIMER4_IRQHandler
                0x0000000000025e1e                I2S_IRQHandler
                0x0000000000025e1e                SWI4_EGU4_IRQHandler
                0x0000000000025e1e                TIMER0_IRQHandler
                0x0000000000025e1e                TIMER1_IRQHandler
                0x0000000000025e1e                PWM2_IRQHandler
                0x0000000000025e1e                ECB_IRQHandler
                0x0000000000025e1e                SPIM1_SPIS1_TWIM1_TWIS1_SPI1_TWI1_IRQHandler
                0x0000000000025e1e                Default_Handler
                0x0000000000025e1e                SAADC_IRQHandler
                0x0000000000025e1e                CCM_AAR_IRQHandler
                0x0000000000025e1e                WDT_IRQHandler
                0x0000000000025e1e                SWI5_EGU5_IRQHandler
                0x0000000000025e1e                RNG_IRQHandler
                0x0000000000025e1e                RTC2_IRQHandler
                0x0000000000025e1e                PWM0_IRQHandler
                0x0000000000025e1e                SWI3_EGU3_IRQHandler
                0x0000000000025e1e                SWI1_EGU1_IRQHandler
                0x0000000000025e1e                SPIM2_SPIS2_SPI2_IRQHandler
                0x0000000000025e1e                NFCT_IRQHandler
                0x0000000000025e1e                MWU_IRQHandler
                0x0000000000025e1e                TIMER2_IRQHandler
                0x0000000000025e1e                COMP_LPCOMP_IRQHandler
                0x0000000000025e1e                RTC0_IRQHandler
                0x0000000000025e1e                PWM1_IRQHandler
                0x0000000000025e1e                RADIO_IRQHandler
                0x0000000000025e1e                PDM_IRQHandler
                0x0000000000025e1e                TEMP_IRQHandler
                0x0000000000025e1e                QDEC_IRQHandler
                0x0000000000025e1e                TIMER3_IRQHandler
                0x0000000000025e1e                FPU_IRQHandler
                0x0000000000025e1e                SPIM0_SPIS0_TWIM0_TWIS0_SPI0_TWI0_IRQHandler
 .text.NVIC_SystemReset
                0x0000000000025e20       0x28 _build/nrf52832_xxaa_system_nrf52.c.o
 .text.SystemCoreClockUpdate
                0x0000000000025e48       0x1c _build/nrf52832_xxaa_system_nrf52.c.o
                0x0000000000025e48                SystemCoreClockUpdate
 .text.SystemInit
                0x0000000000025e64      0x278 _build/nrf52832_xxaa_system_nrf52.c.o
                0x0000000000025e64                SystemInit
 .text.errata_16
                0x00000000000260dc       0x44 _build/nrf52832_xxaa_system_nrf52.c.o
 .text.errata_31
                0x0000000000026120       0x64 _build/nrf52832_xxaa_system_nrf52.c.o
 .text.errata_32
                0x0000000000026184       0x44 _build/nrf52832_xxaa_system_nrf52.c.o
 .text.errata_36
                0x00000000000261c8       0x64 _build/nrf52832_xxaa_system_nrf52.c.o
 .text.errata_37
                0x000000000002622c       0x44 _build/nrf52832_xxaa_system_nrf52.c.o
 .text.errata_57
                0x0000000000026270       0x44 _build/nrf52832_xxaa_system_nrf52.c.o
 .text.errata_66
                0x00000000000262b4       0x44 _build/nrf52832_xxaa_system_nrf52.c.o
 .text.errata_108
                0x00000000000262f8       0x64 _build/nrf52832_xxaa_system_nrf52.c.o
 .text.NVIC_EnableIRQ
                0x000000000002635c       0x34 _build/nrf52832_xxaa_softdevice_handler.c.o
 .text.NVIC_DisableIRQ
                0x0000000000026390       0x34 _build/nrf52832_xxaa_softdevice_handler.c.o
 .text.NVIC_GetPriority
                0x00000000000263c4       0x50 _build/nrf52832_xxaa_softdevice_handler.c.o
 .text.sd_evt_get
                0x0000000000026414        0x8 _build/nrf52832_xxaa_softdevice_handler.c.o
 .text.sd_softdevice_enable
                0x000000000002641c        0x8 _build/nrf52832_xxaa_softdevice_handler.c.o
 .text.is_word_aligned
                0x0000000000026424       0x24 _build/nrf52832_xxaa_softdevice_handler.c.o
 .text.sd_ble_enable
                0x0000000000026448        0x8 _build/nrf52832_xxaa_softdevice_handler.c.o
 .text.sd_ble_evt_get
                0x0000000000026450        0x8 _build/nrf52832_xxaa_softdevice_handler.c.o
 .text.__sd_nvic_app_accessible_irq
                0x0000000000026458       0x60 _build/nrf52832_xxaa_softdevice_handler.c.o
 .text.__sd_nvic_is_app_accessible_priority
                0x00000000000264b8       0x3c _build/nrf52832_xxaa_softdevice_handler.c.o
 .text.sd_nvic_EnableIRQ
                0x00000000000264f4       0x88 _build/nrf52832_xxaa_softdevice_handler.c.o
 .text.isr_enable_check
                0x000000000002657c       0x40 _build/nrf52832_xxaa_softdevice_handler.c.o
 .text.softdevice_fault_handler
                0x00000000000265bc       0x20 _build/nrf52832_xxaa_softdevice_handler.c.o
                0x00000000000265bc                softdevice_fault_handler
 .text.intern_softdevice_events_execute
                0x00000000000265dc      0x108 _build/nrf52832_xxaa_softdevice_handler.c.o
                0x00000000000265dc                intern_softdevice_events_execute
 .text.softdevice_handler_is_enabled
                0x00000000000266e4       0x18 _build/nrf52832_xxaa_softdevice_handler.c.o
                0x00000000000266e4                softdevice_handler_is_enabled
 .text.softdevice_handler_init
                0x00000000000266fc       0xa8 _build/nrf52832_xxaa_softdevice_handler.c.o
                0x00000000000266fc                softdevice_handler_init
 .text.softdevice_ble_evt_handler_set
                0x00000000000267a4       0x2c _build/nrf52832_xxaa_softdevice_handler.c.o
                0x00000000000267a4                softdevice_ble_evt_handler_set
 .text.softdevice_sys_evt_handler_set
                0x00000000000267d0       0x2c _build/nrf52832_xxaa_softdevice_handler.c.o
                0x00000000000267d0                softdevice_sys_evt_handler_set
 .text.SWI2_EGU2_IRQHandler
                0x00000000000267fc       0x38 _build/nrf52832_xxaa_softdevice_handler.c.o
                0x00000000000267fc                SWI2_EGU2_IRQHandler
 .text.softdevice_enable_get_default_config
                0x0000000000026834       0x54 _build/nrf52832_xxaa_softdevice_handler.c.o
                0x0000000000026834                softdevice_enable_get_default_config
 .text.ram_total_size_get
                0x0000000000026888       0x18 _build/nrf52832_xxaa_softdevice_handler.c.o
 .text.ram_end_address_get
                0x00000000000268a0       0x24 _build/nrf52832_xxaa_softdevice_handler.c.o
 .text.softdevice_enable
                0x00000000000268c4       0x84 _build/nrf52832_xxaa_softdevice_handler.c.o
                0x00000000000268c4                softdevice_enable
 .text.pow      0x0000000000026948      0x338 /usr/local/gcc-arm-none-eabi-5_4-2016q3/bin/../lib/gcc/arm-none-eabi/5.4.1/../../../../arm-none-eabi/lib/armv7e-m/fpu/libm.a(lib_a-w_pow.o)
                0x0000000000026948                pow
 .text.__ieee754_pow
                0x0000000000026c80      0xb10 /usr/local/gcc-arm-none-eabi-5_4-2016q3/bin/../lib/gcc/arm-none-eabi/5.4.1/../../../../arm-none-eabi/lib/armv7e-m/fpu/libm.a(lib_a-e_pow.o)
                0x0000000000026c80                __ieee754_pow
 .text.__ieee754_sqrt
                0x0000000000027790      0x1a0 /usr/local/gcc-arm-none-eabi-5_4-2016q3/bin/../lib/gcc/arm-none-eabi/5.4.1/../../../../arm-none-eabi/lib/armv7e-m/fpu/libm.a(lib_a-e_sqrt.o)
                0x0000000000027790                __ieee754_sqrt
 .text.fabs     0x0000000000027930       0x10 /usr/local/gcc-arm-none-eabi-5_4-2016q3/bin/../lib/gcc/arm-none-eabi/5.4.1/../../../../arm-none-eabi/lib/armv7e-m/fpu/libm.a(lib_a-s_fabs.o)
                0x0000000000027930                fabs
 .text.finite   0x0000000000027940       0x10 /usr/local/gcc-arm-none-eabi-5_4-2016q3/bin/../lib/gcc/arm-none-eabi/5.4.1/../../../../arm-none-eabi/lib/armv7e-m/fpu/libm.a(lib_a-s_finite.o)
                0x0000000000027940                finite
 .text.matherr  0x0000000000027950        0x4 /usr/local/gcc-arm-none-eabi-5_4-2016q3/bin/../lib/gcc/arm-none-eabi/5.4.1/../../../../arm-none-eabi/lib/armv7e-m/fpu/libm.a(lib_a-s_matherr.o)
                0x0000000000027950                matherr
 *fill*         0x0000000000027954        0x4 
 .text.nan      0x0000000000027958       0x10 /usr/local/gcc-arm-none-eabi-5_4-2016q3/bin/../lib/gcc/arm-none-eabi/5.4.1/../../../../arm-none-eabi/lib/armv7e-m/fpu/libm.a(lib_a-s_nan.o)
                0x0000000000027958                nan
 .text.rint     0x0000000000027968      0x128 /usr/local/gcc-arm-none-eabi-5_4-2016q3/bin/../lib/gcc/arm-none-eabi/5.4.1/../../../../arm-none-eabi/lib/armv7e-m/fpu/libm.a(lib_a-s_rint.o)
                0x0000000000027968                rint
 .text.scalbn   0x0000000000027a90      0x10c /usr/local/gcc-arm-none-eabi-5_4-2016q3/bin/../lib/gcc/arm-none-eabi/5.4.1/../../../../arm-none-eabi/lib/armv7e-m/fpu/libm.a(lib_a-s_scalbn.o)
                0x0000000000027a90                scalbn
 .text.copysign
                0x0000000000027b9c       0x1c /usr/local/gcc-arm-none-eabi-5_4-2016q3/bin/../lib/gcc/arm-none-eabi/5.4.1/../../../../arm-none-eabi/lib/armv7e-m/fpu/libm.a(lib_a-s_copysign.o)
                0x0000000000027b9c                copysign
 .text          0x0000000000027bb8      0x370 /usr/local/gcc-arm-none-eabi-5_4-2016q3/bin/../lib/gcc/arm-none-eabi/5.4.1/armv7e-m/fpu/libgcc.a(_arm_addsubdf3.o)
                0x0000000000027bb8                __aeabi_drsub
                0x0000000000027bc0                __subdf3
                0x0000000000027bc0                __aeabi_dsub
                0x0000000000027bc4                __aeabi_dadd
                0x0000000000027bc4                __adddf3
                0x0000000000027e3c                __aeabi_ui2d
                0x0000000000027e3c                __floatunsidf
                0x0000000000027e5c                __floatsidf
                0x0000000000027e5c                __aeabi_i2d
                0x0000000000027e80                __extendsfdf2
                0x0000000000027e80                __aeabi_f2d
                0x0000000000027ebc                __aeabi_ul2d
                0x0000000000027ebc                __floatundidf
                0x0000000000027ecc                __aeabi_l2d
                0x0000000000027ecc                __floatdidf
 .text          0x0000000000027f28      0x424 /usr/local/gcc-arm-none-eabi-5_4-2016q3/bin/../lib/gcc/arm-none-eabi/5.4.1/armv7e-m/fpu/libgcc.a(_arm_muldivdf3.o)
                0x0000000000027f28                __aeabi_dmul
                0x0000000000027f28                __muldf3
                0x000000000002817c                __aeabi_ddiv
                0x000000000002817c                __divdf3
 .text          0x000000000002834c      0x110 /usr/local/gcc-arm-none-eabi-5_4-2016q3/bin/../lib/gcc/arm-none-eabi/5.4.1/armv7e-m/fpu/libgcc.a(_arm_cmpdf2.o)
                0x000000000002834c                __gtdf2
                0x000000000002834c                __gedf2
                0x0000000000028354                __ltdf2
                0x0000000000028354                __ledf2
                0x000000000002835c                __eqdf2
                0x000000000002835c                __nedf2
                0x000000000002835c                __cmpdf2
                0x00000000000283d8                __aeabi_cdrcmple
                0x00000000000283e8                __aeabi_cdcmple
                0x00000000000283e8                __aeabi_cdcmpeq
                0x00000000000283f8                __aeabi_dcmpeq
                0x000000000002840c                __aeabi_dcmplt
                0x0000000000028420                __aeabi_dcmple
                0x0000000000028434                __aeabi_dcmpge
                0x0000000000028448                __aeabi_dcmpgt
 .text          0x000000000002845c       0x2c /usr/local/gcc-arm-none-eabi-5_4-2016q3/bin/../lib/gcc/arm-none-eabi/5.4.1/armv7e-m/fpu/libgcc.a(_arm_unorddf2.o)
                0x000000000002845c                __aeabi_dcmpun
                0x000000000002845c                __unorddf2
 .text          0x0000000000028488       0x40 /usr/local/gcc-arm-none-eabi-5_4-2016q3/bin/../lib/gcc/arm-none-eabi/5.4.1/armv7e-m/fpu/libgcc.a(_arm_fixunsdfsi.o)
                0x0000000000028488                __fixunsdfsi
                0x0000000000028488                __aeabi_d2uiz
 .text.__errno  0x00000000000284c8        0xc /usr/local/gcc-arm-none-eabi-5_4-2016q3/bin/../lib/gcc/arm-none-eabi/5.4.1/../../../../arm-none-eabi/lib/armv7e-m/fpu/libc_nano.a(lib_a-errno.o)
                0x00000000000284c8                __errno
 .text.memcpy   0x00000000000284d4       0x16 /usr/local/gcc-arm-none-eabi-5_4-2016q3/bin/../lib/gcc/arm-none-eabi/5.4.1/../../../../arm-none-eabi/lib/armv7e-m/fpu/libc_nano.a(lib_a-memcpy-stub.o)
                0x00000000000284d4                memcpy
 *fill*         0x00000000000284ea        0x2 
 .text.sprintf  0x00000000000284ec       0x48 /usr/local/gcc-arm-none-eabi-5_4-2016q3/bin/../lib/gcc/arm-none-eabi/5.4.1/../../../../arm-none-eabi/lib/armv7e-m/fpu/libc_nano.a(lib_a-sprintf.o)
                0x00000000000284ec                sprintf
                0x00000000000284ec                siprintf
 .text          0x0000000000028534       0x10 /usr/local/gcc-arm-none-eabi-5_4-2016q3/bin/../lib/gcc/arm-none-eabi/5.4.1/../../../../arm-none-eabi/lib/armv7e-m/fpu/libc_nano.a(lib_a-strlen.o)
                0x0000000000028534                strlen
 .text.__ssputs_r
                0x0000000000028544       0xb2 /usr/local/gcc-arm-none-eabi-5_4-2016q3/bin/../lib/gcc/arm-none-eabi/5.4.1/../../../../arm-none-eabi/lib/armv7e-m/fpu/libc_nano.a(lib_a-nano-svfprintf.o)
                0x0000000000028544                __ssputs_r
 *fill*         0x00000000000285f6        0x2 
 .text._svfprintf_r
                0x00000000000285f8      0x1e8 /usr/local/gcc-arm-none-eabi-5_4-2016q3/bin/../lib/gcc/arm-none-eabi/5.4.1/../../../../arm-none-eabi/lib/armv7e-m/fpu/libc_nano.a(lib_a-nano-svfprintf.o)
                0x00000000000285f8                _svfprintf_r
                0x00000000000285f8                _svfiprintf_r
 .text._printf_common
                0x00000000000287e0       0xec /usr/local/gcc-arm-none-eabi-5_4-2016q3/bin/../lib/gcc/arm-none-eabi/5.4.1/../../../../arm-none-eabi/lib/armv7e-m/fpu/libc_nano.a(lib_a-nano-vfprintf_i.o)
                0x00000000000287e0                _printf_common
 .text._printf_i
                0x00000000000288cc      0x24c /usr/local/gcc-arm-none-eabi-5_4-2016q3/bin/../lib/gcc/arm-none-eabi/5.4.1/../../../../arm-none-eabi/lib/armv7e-m/fpu/libc_nano.a(lib_a-nano-vfprintf_i.o)
                0x00000000000288cc                _printf_i
 *fill*         0x0000000000028b18        0x8 
 .text          0x0000000000028b20       0xa0 /usr/local/gcc-arm-none-eabi-5_4-2016q3/bin/../lib/gcc/arm-none-eabi/5.4.1/../../../../arm-none-eabi/lib/armv7e-m/fpu/libc_nano.a(lib_a-memchr.o)
                0x0000000000028b20                memchr
 .text.memmove  0x0000000000028bc0       0x36 /usr/local/gcc-arm-none-eabi-5_4-2016q3/bin/../lib/gcc/arm-none-eabi/5.4.1/../../../../arm-none-eabi/lib/armv7e-m/fpu/libc_nano.a(lib_a-memmove.o)
                0x0000000000028bc0                memmove
 *fill*         0x0000000000028bf6        0x2 
 .text._free_r  0x0000000000028bf8       0x9c /usr/local/gcc-arm-none-eabi-5_4-2016q3/bin/../lib/gcc/arm-none-eabi/5.4.1/../../../../arm-none-eabi/lib/armv7e-m/fpu/libc_nano.a(lib_a-nano-freer.o)
                0x0000000000028bf8                _free_r
 .text._malloc_r
                0x0000000000028c94       0xbc /usr/local/gcc-arm-none-eabi-5_4-2016q3/bin/../lib/gcc/arm-none-eabi/5.4.1/../../../../arm-none-eabi/lib/armv7e-m/fpu/libc_nano.a(lib_a-nano-mallocr.o)
                0x0000000000028c94                _malloc_r
 .text._realloc_r
                0x0000000000028d50       0x4c /usr/local/gcc-arm-none-eabi-5_4-2016q3/bin/../lib/gcc/arm-none-eabi/5.4.1/../../../../arm-none-eabi/lib/armv7e-m/fpu/libc_nano.a(lib_a-nano-reallocr.o)
                0x0000000000028d50                _realloc_r
 .text._sbrk_r  0x0000000000028d9c       0x20 /usr/local/gcc-arm-none-eabi-5_4-2016q3/bin/../lib/gcc/arm-none-eabi/5.4.1/../../../../arm-none-eabi/lib/armv7e-m/fpu/libc_nano.a(lib_a-sbrkr.o)
                0x0000000000028d9c                _sbrk_r
 .text.__malloc_lock
                0x0000000000028dbc        0x2 /usr/local/gcc-arm-none-eabi-5_4-2016q3/bin/../lib/gcc/arm-none-eabi/5.4.1/../../../../arm-none-eabi/lib/armv7e-m/fpu/libc_nano.a(lib_a-mlock.o)
                0x0000000000028dbc                __malloc_lock
 .text.__malloc_unlock
                0x0000000000028dbe        0x2 /usr/local/gcc-arm-none-eabi-5_4-2016q3/bin/../lib/gcc/arm-none-eabi/5.4.1/../../../../arm-none-eabi/lib/armv7e-m/fpu/libc_nano.a(lib_a-mlock.o)
                0x0000000000028dbe                __malloc_unlock
 .text._malloc_usable_size_r
                0x0000000000028dc0       0x14 /usr/local/gcc-arm-none-eabi-5_4-2016q3/bin/../lib/gcc/arm-none-eabi/5.4.1/../../../../arm-none-eabi/lib/armv7e-m/fpu/libc_nano.a(lib_a-nano-msizer.o)
                0x0000000000028dc0                _malloc_usable_size_r
 .text._sbrk    0x0000000000028dd4       0x1c /usr/local/gcc-arm-none-eabi-5_4-2016q3/bin/../lib/gcc/arm-none-eabi/5.4.1/../../../../arm-none-eabi/lib/armv7e-m/fpu/libnosys.a(sbrk.o)
                0x0000000000028dd4                _sbrk
 *(.init)
 .init          0x0000000000028df0        0x4 /usr/local/gcc-arm-none-eabi-5_4-2016q3/bin/../lib/gcc/arm-none-eabi/5.4.1/armv7e-m/fpu/crti.o
                0x0000000000028df0                _init
 .init          0x0000000000028df4        0x8 /usr/local/gcc-arm-none-eabi-5_4-2016q3/bin/../lib/gcc/arm-none-eabi/5.4.1/armv7e-m/fpu/crtn.o
 *(.fini)
 .fini          0x0000000000028dfc        0x4 /usr/local/gcc-arm-none-eabi-5_4-2016q3/bin/../lib/gcc/arm-none-eabi/5.4.1/armv7e-m/fpu/crti.o
                0x0000000000028dfc                _fini
 .fini          0x0000000000028e00        0x8 /usr/local/gcc-arm-none-eabi-5_4-2016q3/bin/../lib/gcc/arm-none-eabi/5.4.1/armv7e-m/fpu/crtn.o
 *crtbegin.o(.ctors)
 *crtbegin?.o(.ctors)
 *(EXCLUDE_FILE(*crtend.o *crtend?.o) .ctors)
 *(SORT(.ctors.*))
 *(.ctors)
 *crtbegin.o(.dtors)
 *crtbegin?.o(.dtors)
 *(EXCLUDE_FILE(*crtend.o *crtend?.o) .dtors)
 *(SORT(.dtors.*))
 *(.dtors)
 *(.rodata*)
 .rodata._global_impure_ptr
                0x0000000000028e08        0x4 /usr/local/gcc-arm-none-eabi-5_4-2016q3/bin/../lib/gcc/arm-none-eabi/5.4.1/../../../../arm-none-eabi/lib/armv7e-m/fpu/libc_nano.a(lib_a-impure.o)
                0x0000000000028e08                _global_impure_ptr
 .rodata        0x0000000000028e0c       0x27 _build/nrf52832_xxaa_nrf_log_backend_serial.c.o
 *fill*         0x0000000000028e33        0x1 
 .rodata        0x0000000000028e34        0xb _build/nrf52832_xxaa_nrf_log_frontend.c.o
 *fill*         0x0000000000028e3f        0x1 
 .rodata.m_detection_delay_timer_id
                0x0000000000028e40        0x4 _build/nrf52832_xxaa_app_button.c.o
 .rodata        0x0000000000028e44       0x18 _build/nrf52832_xxaa_app_error_weak.c.o
 .rodata.m_fds_tl_dirty
                0x0000000000028e5c        0x4 _build/nrf52832_xxaa_fds.c.o
 .rodata.page_tag_swap.6537
                0x0000000000028e60        0x8 _build/nrf52832_xxaa_fds.c.o
 .rodata.page_tag_data.6541
                0x0000000000028e68        0x8 _build/nrf52832_xxaa_fds.c.o
 .rodata.m_leds_timer_id
                0x0000000000028e70        0x4 _build/nrf52832_xxaa_bsp.c.o
 .rodata.m_alert_timer_id
                0x0000000000028e74        0x4 _build/nrf52832_xxaa_bsp.c.o
 .rodata.m_button_timer_id
                0x0000000000028e78        0x4 _build/nrf52832_xxaa_bsp.c.o
 .rodata.m_buttons_list
                0x0000000000028e7c       0x10 _build/nrf52832_xxaa_bsp.c.o
 .rodata.app_buttons
                0x0000000000028e8c       0x20 _build/nrf52832_xxaa_bsp.c.o
 .rodata        0x0000000000028eac       0x48 _build/nrf52832_xxaa_main.c.o
 .rodata        0x0000000000028ef4      0x142 _build/nrf52832_xxaa_softdevice_handler.c.o
 *fill*         0x0000000000029036        0x2 
 .rodata.str1.4
                0x0000000000029038        0x4 /usr/local/gcc-arm-none-eabi-5_4-2016q3/bin/../lib/gcc/arm-none-eabi/5.4.1/../../../../arm-none-eabi/lib/armv7e-m/fpu/libm.a(lib_a-w_pow.o)
 .rodata.str1.4
                0x000000000002903c        0x4 /usr/local/gcc-arm-none-eabi-5_4-2016q3/bin/../lib/gcc/arm-none-eabi/5.4.1/../../../../arm-none-eabi/lib/armv7e-m/fpu/libm.a(lib_a-e_pow.o)
                                          0x1 (size before relaxing)
 .rodata.TWO52  0x0000000000029040       0x10 /usr/local/gcc-arm-none-eabi-5_4-2016q3/bin/../lib/gcc/arm-none-eabi/5.4.1/../../../../arm-none-eabi/lib/armv7e-m/fpu/libm.a(lib_a-s_rint.o)
 .rodata.str1.1
                0x0000000000029050       0x11 /usr/local/gcc-arm-none-eabi-5_4-2016q3/bin/../lib/gcc/arm-none-eabi/5.4.1/../../../../arm-none-eabi/lib/armv7e-m/fpu/libc_nano.a(lib_a-nano-svfprintf.o)
 .rodata.str1.1
                0x0000000000029061       0x22 /usr/local/gcc-arm-none-eabi-5_4-2016q3/bin/../lib/gcc/arm-none-eabi/5.4.1/../../../../arm-none-eabi/lib/armv7e-m/fpu/libc_nano.a(lib_a-nano-vfprintf_i.o)
 *(.eh_frame*)
 *fill*         0x0000000000029083        0x1 
 .eh_frame      0x0000000000029084        0x0 /usr/local/gcc-arm-none-eabi-5_4-2016q3/bin/../lib/gcc/arm-none-eabi/5.4.1/armv7e-m/fpu/crtbegin.o
 .eh_frame      0x0000000000029084        0x4 /usr/local/gcc-arm-none-eabi-5_4-2016q3/bin/../lib/gcc/arm-none-eabi/5.4.1/armv7e-m/fpu/crtend.o

.glue_7         0x0000000000029088        0x0
 .glue_7        0x0000000000029088        0x0 linker stubs

.glue_7t        0x0000000000029088        0x0
 .glue_7t       0x0000000000029088        0x0 linker stubs

.vfp11_veneer   0x0000000000029088        0x0
 .vfp11_veneer  0x0000000000029088        0x0 linker stubs

.v4_bx          0x0000000000029088        0x0
 .v4_bx         0x0000000000029088        0x0 linker stubs

.iplt           0x0000000000029088        0x0
 .iplt          0x0000000000029088        0x0 /usr/local/gcc-arm-none-eabi-5_4-2016q3/bin/../lib/gcc/arm-none-eabi/5.4.1/armv7e-m/fpu/crtbegin.o

.ARM.extab
 *(.ARM.extab* .gnu.linkonce.armextab.*)
                0x0000000000029088                __exidx_start = .

.ARM.exidx      0x0000000000029088        0x8
 *(.ARM.exidx* .gnu.linkonce.armexidx.*)
 .ARM.exidx     0x0000000000029088        0x8 /usr/local/gcc-arm-none-eabi-5_4-2016q3/bin/../lib/gcc/arm-none-eabi/5.4.1/../../../../arm-none-eabi/lib/armv7e-m/fpu/crt0.o
                0x0000000000029090                __exidx_end = .
                0x0000000000029090                __etext = .

.rel.dyn        0x0000000000029090        0x0
 .rel.iplt      0x0000000000029090        0x0 /usr/local/gcc-arm-none-eabi-5_4-2016q3/bin/../lib/gcc/arm-none-eabi/5.4.1/armv7e-m/fpu/crtbegin.o

.data           0x0000000020002128       0x84 load address 0x0000000000029090
                0x0000000020002128                __data_start__ = .
 *(vtable)
 *(.data*)
 .data.impure_data
                0x0000000020002128       0x60 /usr/local/gcc-arm-none-eabi-5_4-2016q3/bin/../lib/gcc/arm-none-eabi/5.4.1/../../../../arm-none-eabi/lib/armv7e-m/fpu/libc_nano.a(lib_a-impure.o)
 .data._impure_ptr
                0x0000000020002188        0x4 /usr/local/gcc-arm-none-eabi-5_4-2016q3/bin/../lib/gcc/arm-none-eabi/5.4.1/../../../../arm-none-eabi/lib/armv7e-m/fpu/libc_nano.a(lib_a-impure.o)
                0x0000000020002188                _impure_ptr
 .data.m_uart   0x000000002000218c        0x8 _build/nrf52832_xxaa_nrf_log_backend_serial.c.o
 .data.m_overflow_info
                0x0000000020002194        0x4 _build/nrf52832_xxaa_nrf_log_frontend.c.o
 .data.SystemCoreClock
                0x0000000020002198        0x4 _build/nrf52832_xxaa_system_nrf52.c.o
                0x0000000020002198                SystemCoreClock
 .data.__fdlib_version
                0x000000002000219c        0x1 /usr/local/gcc-arm-none-eabi-5_4-2016q3/bin/../lib/gcc/arm-none-eabi/5.4.1/../../../../arm-none-eabi/lib/armv7e-m/fpu/libm.a(lib_a-s_lib_ver.o)
                0x000000002000219c                __fdlib_version
                0x00000000200021a0                . = ALIGN (0x4)
 *fill*         0x000000002000219d        0x3 
                0x00000000200021a0                PROVIDE (__preinit_array_start, .)
 *(.preinit_array)
                0x00000000200021a0                PROVIDE (__preinit_array_end, .)
                0x00000000200021a0                . = ALIGN (0x4)
                0x00000000200021a0                PROVIDE (__init_array_start, .)
 *(SORT(.init_array.*))
 *(.init_array)
 .init_array    0x00000000200021a0        0x4 /usr/local/gcc-arm-none-eabi-5_4-2016q3/bin/../lib/gcc/arm-none-eabi/5.4.1/armv7e-m/fpu/crtbegin.o
                0x00000000200021a4                PROVIDE (__init_array_end, .)
                0x00000000200021a4                . = ALIGN (0x4)
                [!provide]                        PROVIDE (__fini_array_start, .)
 *(SORT(.fini_array.*))
 *(.fini_array)
 .fini_array    0x00000000200021a4        0x4 /usr/local/gcc-arm-none-eabi-5_4-2016q3/bin/../lib/gcc/arm-none-eabi/5.4.1/armv7e-m/fpu/crtbegin.o
                [!provide]                        PROVIDE (__fini_array_end, .)
 *(.jcr*)
 .jcr           0x00000000200021a8        0x0 /usr/local/gcc-arm-none-eabi-5_4-2016q3/bin/../lib/gcc/arm-none-eabi/5.4.1/armv7e-m/fpu/crtbegin.o
 .jcr           0x00000000200021a8        0x4 /usr/local/gcc-arm-none-eabi-5_4-2016q3/bin/../lib/gcc/arm-none-eabi/5.4.1/armv7e-m/fpu/crtend.o
                0x00000000200021ac                . = ALIGN (0x4)
                0x00000000200021ac                __data_end__ = .
LOAD /usr/local/gcc-arm-none-eabi-5_4-2016q3/bin/../lib/gcc/arm-none-eabi/5.4.1/armv7e-m/fpu/crti.o
LOAD /usr/local/gcc-arm-none-eabi-5_4-2016q3/bin/../lib/gcc/arm-none-eabi/5.4.1/armv7e-m/fpu/crtbegin.o
LOAD /usr/local/gcc-arm-none-eabi-5_4-2016q3/bin/../lib/gcc/arm-none-eabi/5.4.1/../../../../arm-none-eabi/lib/armv7e-m/fpu/crt0.o
LOAD /usr/local/gcc-arm-none-eabi-5_4-2016q3/bin/../lib/gcc/arm-none-eabi/5.4.1/../../../../arm-none-eabi/lib/armv7e-m/fpu/libc_nano.a
LOAD /usr/local/gcc-arm-none-eabi-5_4-2016q3/bin/../lib/gcc/arm-none-eabi/5.4.1/../../../../arm-none-eabi/lib/armv7e-m/fpu/libnosys.a
LOAD _build/nrf52832_xxaa_nrf_log_backend_serial.c.o
LOAD _build/nrf52832_xxaa_nrf_log_frontend.c.o
LOAD _build/nrf52832_xxaa_app_button.c.o
LOAD _build/nrf52832_xxaa_app_error.c.o
LOAD _build/nrf52832_xxaa_app_error_weak.c.o
LOAD _build/nrf52832_xxaa_app_fifo.c.o
LOAD _build/nrf52832_xxaa_app_timer.c.o
LOAD _build/nrf52832_xxaa_app_util_platform.c.o
LOAD _build/nrf52832_xxaa_crc16.c.o
LOAD _build/nrf52832_xxaa_fds.c.o
LOAD _build/nrf52832_xxaa_fstorage.c.o
LOAD _build/nrf52832_xxaa_hardfault_implementation.c.o
LOAD _build/nrf52832_xxaa_nrf_assert.c.o
LOAD _build/nrf52832_xxaa_sdk_mapped_flags.c.o
LOAD _build/nrf52832_xxaa_app_pwm.c.o
LOAD _build/nrf52832_xxaa_nrf_drv_clock.c.o
LOAD _build/nrf52832_xxaa_nrf_drv_common.c.o
LOAD _build/nrf52832_xxaa_nrf_drv_gpiote.c.o
LOAD _build/nrf52832_xxaa_nrf_drv_uart.c.o
LOAD _build/nrf52832_xxaa_nrf_drv_pwm.c.o
LOAD _build/nrf52832_xxaa_bsp.c.o
LOAD _build/nrf52832_xxaa_bsp_btn_ble.c.o
LOAD _build/nrf52832_xxaa_main.c.o
LOAD _build/nrf52832_xxaa_RTT_Syscalls_GCC.c.o
LOAD _build/nrf52832_xxaa_SEGGER_RTT.c.o
LOAD _build/nrf52832_xxaa_SEGGER_RTT_printf.c.o
LOAD _build/nrf52832_xxaa_ble_advdata.c.o
LOAD _build/nrf52832_xxaa_ble_conn_params.c.o
LOAD _build/nrf52832_xxaa_ble_conn_state.c.o
LOAD _build/nrf52832_xxaa_ble_db_discovery.c.o
LOAD _build/nrf52832_xxaa_ble_srv_common.c.o
LOAD _build/nrf52832_xxaa_gatt_cache_manager.c.o
LOAD _build/nrf52832_xxaa_gatts_cache_manager.c.o
LOAD _build/nrf52832_xxaa_id_manager.c.o
LOAD _build/nrf52832_xxaa_peer_data.c.o
LOAD _build/nrf52832_xxaa_peer_data_storage.c.o
LOAD _build/nrf52832_xxaa_peer_database.c.o
LOAD _build/nrf52832_xxaa_peer_id.c.o
LOAD _build/nrf52832_xxaa_peer_manager.c.o
LOAD _build/nrf52832_xxaa_pm_buffer.c.o
LOAD _build/nrf52832_xxaa_pm_mutex.c.o
LOAD _build/nrf52832_xxaa_security_dispatcher.c.o
LOAD _build/nrf52832_xxaa_security_manager.c.o
LOAD _build/nrf52832_xxaa_gcc_startup_nrf52.S.o
LOAD _build/nrf52832_xxaa_system_nrf52.c.o
LOAD _build/nrf52832_xxaa_ble_bas_c.c.o
LOAD _build/nrf52832_xxaa_ble_hrs_c.c.o
LOAD _build/nrf52832_xxaa_softdevice_handler.c.o
LOAD /usr/local/gcc-arm-none-eabi-5_4-2016q3/bin/../lib/gcc/arm-none-eabi/5.4.1/../../../../arm-none-eabi/lib/armv7e-m/fpu/libm.a
START GROUP
LOAD /usr/local/gcc-arm-none-eabi-5_4-2016q3/bin/../lib/gcc/arm-none-eabi/5.4.1/armv7e-m/fpu/libgcc.a
LOAD /usr/local/gcc-arm-none-eabi-5_4-2016q3/bin/../lib/gcc/arm-none-eabi/5.4.1/../../../../arm-none-eabi/lib/armv7e-m/fpu/libc_nano.a
END GROUP
START GROUP
LOAD /usr/local/gcc-arm-none-eabi-5_4-2016q3/bin/../lib/gcc/arm-none-eabi/5.4.1/armv7e-m/fpu/libgcc.a
LOAD /usr/local/gcc-arm-none-eabi-5_4-2016q3/bin/../lib/gcc/arm-none-eabi/5.4.1/../../../../arm-none-eabi/lib/armv7e-m/fpu/libc_nano.a
END GROUP
LOAD /usr/local/gcc-arm-none-eabi-5_4-2016q3/bin/../lib/gcc/arm-none-eabi/5.4.1/armv7e-m/fpu/crtend.o
LOAD /usr/local/gcc-arm-none-eabi-5_4-2016q3/bin/../lib/gcc/arm-none-eabi/5.4.1/armv7e-m/fpu/crtn.o
START GROUP
LOAD /usr/local/gcc-arm-none-eabi-5_4-2016q3/bin/../lib/gcc/arm-none-eabi/5.4.1/armv7e-m/fpu/libgcc.a
LOAD /usr/local/gcc-arm-none-eabi-5_4-2016q3/bin/../lib/gcc/arm-none-eabi/5.4.1/../../../../arm-none-eabi/lib/armv7e-m/fpu/libc.a
LOAD /usr/local/gcc-arm-none-eabi-5_4-2016q3/bin/../lib/gcc/arm-none-eabi/5.4.1/../../../../arm-none-eabi/lib/armv7e-m/fpu/libnosys.a
END GROUP

.igot.plt       0x00000000200021ac        0x0 load address 0x0000000000029114
 .igot.plt      0x00000000200021ac        0x0 /usr/local/gcc-arm-none-eabi-5_4-2016q3/bin/../lib/gcc/arm-none-eabi/5.4.1/armv7e-m/fpu/crtbegin.o

.fs_data        0x00000000200021ac       0x10 load address 0x0000000000029114
                0x00000000200021ac                PROVIDE (__start_fs_data, .)
 *(.fs_data)
 .fs_data       0x00000000200021ac       0x10 _build/nrf52832_xxaa_fds.c.o
                0x00000000200021bc                PROVIDE (__stop_fs_data, .)

.bss            0x00000000200021bc      0x954 load address 0x0000000000029124
                0x00000000200021bc                . = ALIGN (0x4)
                0x00000000200021bc                __bss_start__ = .
 *(.bss*)
 .bss           0x00000000200021bc       0x1c /usr/local/gcc-arm-none-eabi-5_4-2016q3/bin/../lib/gcc/arm-none-eabi/5.4.1/armv7e-m/fpu/crtbegin.o
 .bss.m_uart_buffer
                0x00000000200021d8      0x100 _build/nrf52832_xxaa_nrf_log_backend_serial.c.o
 .bss.m_initialized
                0x00000000200022d8        0x1 _build/nrf52832_xxaa_nrf_log_backend_serial.c.o
 .bss.m_blocking_mode
                0x00000000200022d9        0x1 _build/nrf52832_xxaa_nrf_log_backend_serial.c.o
 .bss.m_rx_done
                0x00000000200022da        0x1 _build/nrf52832_xxaa_nrf_log_backend_serial.c.o
 *fill*         0x00000000200022db        0x1 
 .bss.m_log_data
                0x00000000200022dc      0x418 _build/nrf52832_xxaa_nrf_log_frontend.c.o
 .bss.mp_buttons
                0x00000000200026f4        0x4 _build/nrf52832_xxaa_app_button.c.o
 .bss.m_button_count
                0x00000000200026f8        0x1 _build/nrf52832_xxaa_app_button.c.o
 *fill*         0x00000000200026f9        0x3 
 .bss.m_detection_delay
                0x00000000200026fc        0x4 _build/nrf52832_xxaa_app_button.c.o
 .bss.m_detection_delay_timer_id_data
                0x0000000020002700       0x20 _build/nrf52832_xxaa_app_button.c.o
 .bss.m_pin_state
                0x0000000020002720        0x4 _build/nrf52832_xxaa_app_button.c.o
 .bss.m_pin_transition
                0x0000000020002724        0x4 _build/nrf52832_xxaa_app_button.c.o
 .bss.m_op_queue
                0x0000000020002728        0x8 _build/nrf52832_xxaa_app_timer.c.o
 .bss.mp_timer_id_head
                0x0000000020002730        0x4 _build/nrf52832_xxaa_app_timer.c.o
 .bss.m_ticks_latest
                0x0000000020002734        0x4 _build/nrf52832_xxaa_app_timer.c.o
 .bss.m_ticks_elapsed
                0x0000000020002738        0x8 _build/nrf52832_xxaa_app_timer.c.o
 .bss.m_ticks_elapsed_q_read_ind
                0x0000000020002740        0x1 _build/nrf52832_xxaa_app_timer.c.o
 .bss.m_ticks_elapsed_q_write_ind
                0x0000000020002741        0x1 _build/nrf52832_xxaa_app_timer.c.o
 *fill*         0x0000000020002742        0x2 
 .bss.m_evt_schedule_func
                0x0000000020002744        0x4 _build/nrf52832_xxaa_app_timer.c.o
 .bss.m_rtc1_running
                0x0000000020002748        0x1 _build/nrf52832_xxaa_app_timer.c.o
 .bss.m_rtc1_reset
                0x0000000020002749        0x1 _build/nrf52832_xxaa_app_timer.c.o
 .bss.m_flags   0x000000002000274a        0x1 _build/nrf52832_xxaa_fds.c.o
 *fill*         0x000000002000274b        0x1 
 .bss.m_cb_table
                0x000000002000274c       0x20 _build/nrf52832_xxaa_fds.c.o
 .bss.m_op_queue
                0x000000002000276c       0x78 _build/nrf52832_xxaa_fds.c.o
 .bss.m_chunk_queue
                0x00000000200027e4       0x48 _build/nrf52832_xxaa_fds.c.o
 .bss.m_pages   0x000000002000282c       0x20 _build/nrf52832_xxaa_fds.c.o
 .bss.m_swap_page
                0x000000002000284c        0x8 _build/nrf52832_xxaa_fds.c.o
 .bss.m_gc      0x0000000020002854       0x10 _build/nrf52832_xxaa_fds.c.o
 .bss.tok.6675  0x0000000020002864        0x8 _build/nrf52832_xxaa_fds.c.o
 .bss.desc.6769
                0x000000002000286c        0xc _build/nrf52832_xxaa_fds.c.o
 .bss.m_flags   0x0000000020002878        0x1 _build/nrf52832_xxaa_fstorage.c.o
 *fill*         0x0000000020002879        0x3 
 .bss.m_queue   0x000000002000287c       0x68 _build/nrf52832_xxaa_fstorage.c.o
 .bss.m_retry_count
                0x00000000200028e4        0x1 _build/nrf52832_xxaa_fstorage.c.o
 *fill*         0x00000000200028e5        0x3 
 .bss.m_clock_cb
                0x00000000200028e8       0x14 _build/nrf52832_xxaa_nrf_drv_clock.c.o
 .bss.m_cb      0x00000000200028fc       0x58 _build/nrf52832_xxaa_nrf_drv_gpiote.c.o
 .bss.m_cb      0x0000000020002954       0x20 _build/nrf52832_xxaa_nrf_drv_uart.c.o
 .bss.m_stable_state
                0x0000000020002974        0x1 _build/nrf52832_xxaa_bsp.c.o
 *fill*         0x0000000020002975        0x3 
 .bss.m_app_ticks_per_100ms
                0x0000000020002978        0x4 _build/nrf52832_xxaa_bsp.c.o
 .bss.m_indication_type
                0x000000002000297c        0x4 _build/nrf52832_xxaa_bsp.c.o
 .bss.m_alert_mask
                0x0000000020002980        0x4 _build/nrf52832_xxaa_bsp.c.o
 .bss.m_leds_timer_id_data
                0x0000000020002984       0x20 _build/nrf52832_xxaa_bsp.c.o
 .bss.m_alert_timer_id_data
                0x00000000200029a4       0x20 _build/nrf52832_xxaa_bsp.c.o
 .bss.m_registered_callback
                0x00000000200029c4        0x4 _build/nrf52832_xxaa_bsp.c.o
 .bss.m_events_list
                0x00000000200029c8        0xc _build/nrf52832_xxaa_bsp.c.o
 .bss.m_button_timer_id_data
                0x00000000200029d4       0x20 _build/nrf52832_xxaa_bsp.c.o
 .bss.current_long_push_pin_no.7005
                0x00000000200029f4        0x1 _build/nrf52832_xxaa_bsp.c.o
 *fill*         0x00000000200029f5        0x3 
 .bss.release_event_at_push.7006
                0x00000000200029f8        0x4 _build/nrf52832_xxaa_bsp.c.o
 .bss.m_error_handler
                0x00000000200029fc        0x4 _build/nrf52832_xxaa_bsp_btn_ble.c.o
 .bss.m_num_connections
                0x0000000020002a00        0x4 _build/nrf52832_xxaa_bsp_btn_ble.c.o
 .bss.m_memory_access_in_progress
                0x0000000020002a04        0x1 _build/nrf52832_xxaa_main.c.o
 *fill*         0x0000000020002a05        0x3 
 .bss.m_scan_param
                0x0000000020002a08        0x8 _build/nrf52832_xxaa_main.c.o
 .bss.attempts  0x0000000020002a10        0x1 _build/nrf52832_xxaa_main.c.o
 .bss.turned_on
                0x0000000020002a11        0x1 _build/nrf52832_xxaa_main.c.o
 *fill*         0x0000000020002a12        0x2 
 .bss.delay     0x0000000020002a14       0x28 _build/nrf52832_xxaa_main.c.o
 .bss.total     0x0000000020002a3c        0x4 _build/nrf52832_xxaa_main.c.o
 .bss.actual_delay
                0x0000000020002a40        0x4 _build/nrf52832_xxaa_main.c.o
 .bss.BLE_EVT_BUFFER.11494
                0x0000000020002a44       0x50 _build/nrf52832_xxaa_main.c.o
 .bss.APP_TIMER_BUF.11528
                0x0000000020002a94       0x48 _build/nrf52832_xxaa_main.c.o
 .bss.m_evt_schedule_func
                0x0000000020002adc        0x4 _build/nrf52832_xxaa_softdevice_handler.c.o
 .bss.m_softdevice_enabled
                0x0000000020002ae0        0x1 _build/nrf52832_xxaa_softdevice_handler.c.o
 .bss.m_suspended
                0x0000000020002ae1        0x1 _build/nrf52832_xxaa_softdevice_handler.c.o
 *fill*         0x0000000020002ae2        0x2 
 .bss.mp_ble_evt_buffer
                0x0000000020002ae4        0x4 _build/nrf52832_xxaa_softdevice_handler.c.o
 .bss.m_ble_evt_buffer_size
                0x0000000020002ae8        0x2 _build/nrf52832_xxaa_softdevice_handler.c.o
 *fill*         0x0000000020002aea        0x2 
 .bss.m_ble_evt_handler
                0x0000000020002aec        0x4 _build/nrf52832_xxaa_softdevice_handler.c.o
 .bss.m_sys_evt_handler
                0x0000000020002af0        0x4 _build/nrf52832_xxaa_softdevice_handler.c.o
 .bss.__malloc_sbrk_start
                0x0000000020002af4        0x4 /usr/local/gcc-arm-none-eabi-5_4-2016q3/bin/../lib/gcc/arm-none-eabi/5.4.1/../../../../arm-none-eabi/lib/armv7e-m/fpu/libc_nano.a(lib_a-nano-mallocr.o)
                0x0000000020002af4                __malloc_sbrk_start
 .bss.__malloc_free_list
                0x0000000020002af8        0x4 /usr/local/gcc-arm-none-eabi-5_4-2016q3/bin/../lib/gcc/arm-none-eabi/5.4.1/../../../../arm-none-eabi/lib/armv7e-m/fpu/libc_nano.a(lib_a-nano-mallocr.o)
                0x0000000020002af8                __malloc_free_list
 .bss.heap_end.4169
                0x0000000020002afc        0x4 /usr/local/gcc-arm-none-eabi-5_4-2016q3/bin/../lib/gcc/arm-none-eabi/5.4.1/../../../../arm-none-eabi/lib/armv7e-m/fpu/libnosys.a(sbrk.o)
 *(COMMON)
 COMMON         0x0000000020002b00        0xc _build/nrf52832_xxaa_app_util_platform.c.o
                0x0000000020002b00                nrf_nvic_state
 COMMON         0x0000000020002b0c        0x4 /usr/local/gcc-arm-none-eabi-5_4-2016q3/bin/../lib/gcc/arm-none-eabi/5.4.1/../../../../arm-none-eabi/lib/armv7e-m/fpu/libc_nano.a(lib_a-reent.o)
                0x0000000020002b0c                errno
                0x0000000020002b10                . = ALIGN (0x4)
                0x0000000020002b10                __bss_end__ = .

.heap           0x0000000020002b10        0x0
                0x0000000020002b10                __HeapBase = .
                0x0000000020002b10                __end__ = .
                0x0000000020002b10                PROVIDE (end, .)
 *(.heap*)
 .heap          0x0000000020002b10        0x0 _build/nrf52832_xxaa_gcc_startup_nrf52.S.o
                0x0000000020002b10                __HeapLimit = .

.stack_dummy    0x0000000020002b10     0x2000
 *(.stack*)
 .stack         0x0000000020002b10     0x2000 _build/nrf52832_xxaa_gcc_startup_nrf52.S.o
                0x0000000020010000                __StackTop = (ORIGIN (RAM) + LENGTH (RAM))
                0x000000002000e000                __StackLimit = (__StackTop - SIZEOF (.stack_dummy))
                0x0000000020010000                PROVIDE (__stack, __StackTop)
                0x0000000000000001                ASSERT ((__StackLimit >= __HeapLimit), region RAM overflowed with stack)
OUTPUT(_build/nrf52832_xxaa.out elf32-littlearm)

.ARM.attributes
                0x0000000000000000       0x30
 .ARM.attributes
                0x0000000000000000       0x22 /usr/local/gcc-arm-none-eabi-5_4-2016q3/bin/../lib/gcc/arm-none-eabi/5.4.1/armv7e-m/fpu/crti.o
 .ARM.attributes
                0x0000000000000022       0x34 /usr/local/gcc-arm-none-eabi-5_4-2016q3/bin/../lib/gcc/arm-none-eabi/5.4.1/armv7e-m/fpu/crtbegin.o
 .ARM.attributes
                0x0000000000000056       0x20 /usr/local/gcc-arm-none-eabi-5_4-2016q3/bin/../lib/gcc/arm-none-eabi/5.4.1/../../../../arm-none-eabi/lib/armv7e-m/fpu/crt0.o
 .ARM.attributes
                0x0000000000000076       0x34 /usr/local/gcc-arm-none-eabi-5_4-2016q3/bin/../lib/gcc/arm-none-eabi/5.4.1/../../../../arm-none-eabi/lib/armv7e-m/fpu/libc_nano.a(lib_a-exit.o)
 .ARM.attributes
                0x00000000000000aa       0x34 /usr/local/gcc-arm-none-eabi-5_4-2016q3/bin/../lib/gcc/arm-none-eabi/5.4.1/../../../../arm-none-eabi/lib/armv7e-m/fpu/libc_nano.a(lib_a-impure.o)
 .ARM.attributes
                0x00000000000000de       0x34 /usr/local/gcc-arm-none-eabi-5_4-2016q3/bin/../lib/gcc/arm-none-eabi/5.4.1/../../../../arm-none-eabi/lib/armv7e-m/fpu/libc_nano.a(lib_a-init.o)
 .ARM.attributes
                0x0000000000000112       0x34 /usr/local/gcc-arm-none-eabi-5_4-2016q3/bin/../lib/gcc/arm-none-eabi/5.4.1/../../../../arm-none-eabi/lib/armv7e-m/fpu/libc_nano.a(lib_a-memset.o)
 .ARM.attributes
                0x0000000000000146       0x34 /usr/local/gcc-arm-none-eabi-5_4-2016q3/bin/../lib/gcc/arm-none-eabi/5.4.1/../../../../arm-none-eabi/lib/armv7e-m/fpu/libnosys.a(_exit.o)
 .ARM.attributes
                0x000000000000017a       0x39 _build/nrf52832_xxaa_nrf_log_backend_serial.c.o
 .ARM.attributes
                0x00000000000001b3       0x39 _build/nrf52832_xxaa_nrf_log_frontend.c.o
 .ARM.attributes
                0x00000000000001ec       0x39 _build/nrf52832_xxaa_app_button.c.o
 .ARM.attributes
                0x0000000000000225       0x39 _build/nrf52832_xxaa_app_error.c.o
 .ARM.attributes
                0x000000000000025e       0x39 _build/nrf52832_xxaa_app_error_weak.c.o
 .ARM.attributes
                0x0000000000000297       0x39 _build/nrf52832_xxaa_app_timer.c.o
 .ARM.attributes
                0x00000000000002d0       0x39 _build/nrf52832_xxaa_app_util_platform.c.o
 .ARM.attributes
                0x0000000000000309       0x39 _build/nrf52832_xxaa_fds.c.o
 .ARM.attributes
                0x0000000000000342       0x39 _build/nrf52832_xxaa_fstorage.c.o
 .ARM.attributes
                0x000000000000037b       0x39 _build/nrf52832_xxaa_nrf_drv_clock.c.o
 .ARM.attributes
                0x00000000000003b4       0x39 _build/nrf52832_xxaa_nrf_drv_common.c.o
 .ARM.attributes
                0x00000000000003ed       0x39 _build/nrf52832_xxaa_nrf_drv_gpiote.c.o
 .ARM.attributes
                0x0000000000000426       0x39 _build/nrf52832_xxaa_nrf_drv_uart.c.o
 .ARM.attributes
                0x000000000000045f       0x39 _build/nrf52832_xxaa_bsp.c.o
 .ARM.attributes
                0x0000000000000498       0x39 _build/nrf52832_xxaa_bsp_btn_ble.c.o
 .ARM.attributes
                0x00000000000004d1       0x39 _build/nrf52832_xxaa_main.c.o
 .ARM.attributes
                0x000000000000050a       0x1c _build/nrf52832_xxaa_gcc_startup_nrf52.S.o
 .ARM.attributes
                0x0000000000000526       0x39 _build/nrf52832_xxaa_system_nrf52.c.o
 .ARM.attributes
                0x000000000000055f       0x39 _build/nrf52832_xxaa_softdevice_handler.c.o
 .ARM.attributes
                0x0000000000000598       0x34 /usr/local/gcc-arm-none-eabi-5_4-2016q3/bin/../lib/gcc/arm-none-eabi/5.4.1/../../../../arm-none-eabi/lib/armv7e-m/fpu/libm.a(lib_a-w_pow.o)
 .ARM.attributes
                0x00000000000005cc       0x34 /usr/local/gcc-arm-none-eabi-5_4-2016q3/bin/../lib/gcc/arm-none-eabi/5.4.1/../../../../arm-none-eabi/lib/armv7e-m/fpu/libm.a(lib_a-e_pow.o)
 .ARM.attributes
                0x0000000000000600       0x34 /usr/local/gcc-arm-none-eabi-5_4-2016q3/bin/../lib/gcc/arm-none-eabi/5.4.1/../../../../arm-none-eabi/lib/armv7e-m/fpu/libm.a(lib_a-e_sqrt.o)
 .ARM.attributes
                0x0000000000000634       0x34 /usr/local/gcc-arm-none-eabi-5_4-2016q3/bin/../lib/gcc/arm-none-eabi/5.4.1/../../../../arm-none-eabi/lib/armv7e-m/fpu/libm.a(lib_a-s_fabs.o)
 .ARM.attributes
                0x0000000000000668       0x34 /usr/local/gcc-arm-none-eabi-5_4-2016q3/bin/../lib/gcc/arm-none-eabi/5.4.1/../../../../arm-none-eabi/lib/armv7e-m/fpu/libm.a(lib_a-s_finite.o)
 .ARM.attributes
                0x000000000000069c       0x34 /usr/local/gcc-arm-none-eabi-5_4-2016q3/bin/../lib/gcc/arm-none-eabi/5.4.1/../../../../arm-none-eabi/lib/armv7e-m/fpu/libm.a(lib_a-s_lib_ver.o)
 .ARM.attributes
                0x00000000000006d0       0x34 /usr/local/gcc-arm-none-eabi-5_4-2016q3/bin/../lib/gcc/arm-none-eabi/5.4.1/../../../../arm-none-eabi/lib/armv7e-m/fpu/libm.a(lib_a-s_matherr.o)
 .ARM.attributes
                0x0000000000000704       0x34 /usr/local/gcc-arm-none-eabi-5_4-2016q3/bin/../lib/gcc/arm-none-eabi/5.4.1/../../../../arm-none-eabi/lib/armv7e-m/fpu/libm.a(lib_a-s_nan.o)
 .ARM.attributes
                0x0000000000000738       0x34 /usr/local/gcc-arm-none-eabi-5_4-2016q3/bin/../lib/gcc/arm-none-eabi/5.4.1/../../../../arm-none-eabi/lib/armv7e-m/fpu/libm.a(lib_a-s_rint.o)
 .ARM.attributes
                0x000000000000076c       0x34 /usr/local/gcc-arm-none-eabi-5_4-2016q3/bin/../lib/gcc/arm-none-eabi/5.4.1/../../../../arm-none-eabi/lib/armv7e-m/fpu/libm.a(lib_a-s_scalbn.o)
 .ARM.attributes
                0x00000000000007a0       0x34 /usr/local/gcc-arm-none-eabi-5_4-2016q3/bin/../lib/gcc/arm-none-eabi/5.4.1/../../../../arm-none-eabi/lib/armv7e-m/fpu/libm.a(lib_a-s_copysign.o)
 .ARM.attributes
                0x00000000000007d4       0x22 /usr/local/gcc-arm-none-eabi-5_4-2016q3/bin/../lib/gcc/arm-none-eabi/5.4.1/armv7e-m/fpu/libgcc.a(_arm_addsubdf3.o)
 .ARM.attributes
                0x00000000000007f6       0x22 /usr/local/gcc-arm-none-eabi-5_4-2016q3/bin/../lib/gcc/arm-none-eabi/5.4.1/armv7e-m/fpu/libgcc.a(_arm_muldivdf3.o)
 .ARM.attributes
                0x0000000000000818       0x22 /usr/local/gcc-arm-none-eabi-5_4-2016q3/bin/../lib/gcc/arm-none-eabi/5.4.1/armv7e-m/fpu/libgcc.a(_arm_cmpdf2.o)
 .ARM.attributes
                0x000000000000083a       0x22 /usr/local/gcc-arm-none-eabi-5_4-2016q3/bin/../lib/gcc/arm-none-eabi/5.4.1/armv7e-m/fpu/libgcc.a(_arm_unorddf2.o)
 .ARM.attributes
                0x000000000000085c       0x22 /usr/local/gcc-arm-none-eabi-5_4-2016q3/bin/../lib/gcc/arm-none-eabi/5.4.1/armv7e-m/fpu/libgcc.a(_arm_fixunsdfsi.o)
 .ARM.attributes
                0x000000000000087e       0x34 /usr/local/gcc-arm-none-eabi-5_4-2016q3/bin/../lib/gcc/arm-none-eabi/5.4.1/../../../../arm-none-eabi/lib/armv7e-m/fpu/libc_nano.a(lib_a-errno.o)
 .ARM.attributes
                0x00000000000008b2       0x34 /usr/local/gcc-arm-none-eabi-5_4-2016q3/bin/../lib/gcc/arm-none-eabi/5.4.1/../../../../arm-none-eabi/lib/armv7e-m/fpu/libc_nano.a(lib_a-memcpy-stub.o)
 .ARM.attributes
                0x00000000000008e6       0x34 /usr/local/gcc-arm-none-eabi-5_4-2016q3/bin/../lib/gcc/arm-none-eabi/5.4.1/../../../../arm-none-eabi/lib/armv7e-m/fpu/libc_nano.a(lib_a-sprintf.o)
 .ARM.attributes
                0x000000000000091a       0x1b /usr/local/gcc-arm-none-eabi-5_4-2016q3/bin/../lib/gcc/arm-none-eabi/5.4.1/../../../../arm-none-eabi/lib/armv7e-m/fpu/libc_nano.a(lib_a-strlen.o)
 .ARM.attributes
                0x0000000000000935       0x34 /usr/local/gcc-arm-none-eabi-5_4-2016q3/bin/../lib/gcc/arm-none-eabi/5.4.1/../../../../arm-none-eabi/lib/armv7e-m/fpu/libc_nano.a(lib_a-nano-svfprintf.o)
 .ARM.attributes
                0x0000000000000969       0x34 /usr/local/gcc-arm-none-eabi-5_4-2016q3/bin/../lib/gcc/arm-none-eabi/5.4.1/../../../../arm-none-eabi/lib/armv7e-m/fpu/libc_nano.a(lib_a-nano-vfprintf_i.o)
 .ARM.attributes
                0x000000000000099d       0x20 /usr/local/gcc-arm-none-eabi-5_4-2016q3/bin/../lib/gcc/arm-none-eabi/5.4.1/../../../../arm-none-eabi/lib/armv7e-m/fpu/libc_nano.a(lib_a-memchr.o)
 .ARM.attributes
                0x00000000000009bd       0x34 /usr/local/gcc-arm-none-eabi-5_4-2016q3/bin/../lib/gcc/arm-none-eabi/5.4.1/../../../../arm-none-eabi/lib/armv7e-m/fpu/libc_nano.a(lib_a-memmove.o)
 .ARM.attributes
                0x00000000000009f1       0x34 /usr/local/gcc-arm-none-eabi-5_4-2016q3/bin/../lib/gcc/arm-none-eabi/5.4.1/../../../../arm-none-eabi/lib/armv7e-m/fpu/libc_nano.a(lib_a-nano-freer.o)
 .ARM.attributes
                0x0000000000000a25       0x34 /usr/local/gcc-arm-none-eabi-5_4-2016q3/bin/../lib/gcc/arm-none-eabi/5.4.1/../../../../arm-none-eabi/lib/armv7e-m/fpu/libc_nano.a(lib_a-nano-mallocr.o)
 .ARM.attributes
                0x0000000000000a59       0x34 /usr/local/gcc-arm-none-eabi-5_4-2016q3/bin/../lib/gcc/arm-none-eabi/5.4.1/../../../../arm-none-eabi/lib/armv7e-m/fpu/libc_nano.a(lib_a-nano-reallocr.o)
 .ARM.attributes
                0x0000000000000a8d       0x34 /usr/local/gcc-arm-none-eabi-5_4-2016q3/bin/../lib/gcc/arm-none-eabi/5.4.1/../../../../arm-none-eabi/lib/armv7e-m/fpu/libc_nano.a(lib_a-sbrkr.o)
 .ARM.attributes
                0x0000000000000ac1       0x34 /usr/local/gcc-arm-none-eabi-5_4-2016q3/bin/../lib/gcc/arm-none-eabi/5.4.1/../../../../arm-none-eabi/lib/armv7e-m/fpu/libc_nano.a(lib_a-mlock.o)
 .ARM.attributes
                0x0000000000000af5       0x34 /usr/local/gcc-arm-none-eabi-5_4-2016q3/bin/../lib/gcc/arm-none-eabi/5.4.1/../../../../arm-none-eabi/lib/armv7e-m/fpu/libc_nano.a(lib_a-nano-msizer.o)
 .ARM.attributes
                0x0000000000000b29       0x34 /usr/local/gcc-arm-none-eabi-5_4-2016q3/bin/../lib/gcc/arm-none-eabi/5.4.1/../../../../arm-none-eabi/lib/armv7e-m/fpu/libc_nano.a(lib_a-reent.o)
 .ARM.attributes
                0x0000000000000b5d       0x34 /usr/local/gcc-arm-none-eabi-5_4-2016q3/bin/../lib/gcc/arm-none-eabi/5.4.1/armv7e-m/fpu/crtend.o
 .ARM.attributes
                0x0000000000000b91       0x22 /usr/local/gcc-arm-none-eabi-5_4-2016q3/bin/../lib/gcc/arm-none-eabi/5.4.1/armv7e-m/fpu/crtn.o
 .ARM.attributes
                0x0000000000000bb3       0x34 /usr/local/gcc-arm-none-eabi-5_4-2016q3/bin/../lib/gcc/arm-none-eabi/5.4.1/../../../../arm-none-eabi/lib/armv7e-m/fpu/libnosys.a(sbrk.o)

.comment        0x0000000000000000       0x6e
 .comment       0x0000000000000000       0x6e _build/nrf52832_xxaa_nrf_log_backend_serial.c.o
                                         0x6f (size before relaxing)
 .comment       0x000000000000006e       0x6f _build/nrf52832_xxaa_nrf_log_frontend.c.o
 .comment       0x000000000000006e       0x6f _build/nrf52832_xxaa_app_button.c.o
 .comment       0x000000000000006e       0x6f _build/nrf52832_xxaa_app_error.c.o
 .comment       0x000000000000006e       0x6f _build/nrf52832_xxaa_app_error_weak.c.o
 .comment       0x000000000000006e       0x6f _build/nrf52832_xxaa_app_timer.c.o
 .comment       0x000000000000006e       0x6f _build/nrf52832_xxaa_app_util_platform.c.o
 .comment       0x000000000000006e       0x6f _build/nrf52832_xxaa_fds.c.o
 .comment       0x000000000000006e       0x6f _build/nrf52832_xxaa_fstorage.c.o
 .comment       0x000000000000006e       0x6f _build/nrf52832_xxaa_nrf_drv_clock.c.o
 .comment       0x000000000000006e       0x6f _build/nrf52832_xxaa_nrf_drv_common.c.o
 .comment       0x000000000000006e       0x6f _build/nrf52832_xxaa_nrf_drv_gpiote.c.o
 .comment       0x000000000000006e       0x6f _build/nrf52832_xxaa_nrf_drv_uart.c.o
 .comment       0x000000000000006e       0x6f _build/nrf52832_xxaa_bsp.c.o
 .comment       0x000000000000006e       0x6f _build/nrf52832_xxaa_bsp_btn_ble.c.o
 .comment       0x000000000000006e       0x6f _build/nrf52832_xxaa_main.c.o
 .comment       0x000000000000006e       0x6f _build/nrf52832_xxaa_system_nrf52.c.o
 .comment       0x000000000000006e       0x6f _build/nrf52832_xxaa_softdevice_handler.c.o

.debug_frame    0x0000000000000000     0x7b98
 .debug_frame   0x0000000000000000       0x28 /usr/local/gcc-arm-none-eabi-5_4-2016q3/bin/../lib/gcc/arm-none-eabi/5.4.1/../../../../arm-none-eabi/lib/armv7e-m/fpu/libc_nano.a(lib_a-exit.o)
 .debug_frame   0x0000000000000028       0x2c /usr/local/gcc-arm-none-eabi-5_4-2016q3/bin/../lib/gcc/arm-none-eabi/5.4.1/../../../../arm-none-eabi/lib/armv7e-m/fpu/libc_nano.a(lib_a-init.o)
 .debug_frame   0x0000000000000054       0x20 /usr/local/gcc-arm-none-eabi-5_4-2016q3/bin/../lib/gcc/arm-none-eabi/5.4.1/../../../../arm-none-eabi/lib/armv7e-m/fpu/libc_nano.a(lib_a-memset.o)
 .debug_frame   0x0000000000000074       0x20 /usr/local/gcc-arm-none-eabi-5_4-2016q3/bin/../lib/gcc/arm-none-eabi/5.4.1/../../../../arm-none-eabi/lib/armv7e-m/fpu/libnosys.a(_exit.o)
 .debug_frame   0x0000000000000094      0x4bc _build/nrf52832_xxaa_nrf_log_backend_serial.c.o
 .debug_frame   0x0000000000000550      0x534 _build/nrf52832_xxaa_nrf_log_frontend.c.o
 .debug_frame   0x0000000000000a84       0xe8 _build/nrf52832_xxaa_app_button.c.o
 .debug_frame   0x0000000000000b6c      0x320 _build/nrf52832_xxaa_app_error.c.o
 .debug_frame   0x0000000000000e8c      0x2ec _build/nrf52832_xxaa_app_error_weak.c.o
 .debug_frame   0x0000000000001178      0x808 _build/nrf52832_xxaa_app_timer.c.o
 .debug_frame   0x0000000000001980      0x3c8 _build/nrf52832_xxaa_app_util_platform.c.o
 .debug_frame   0x0000000000001d48      0xadc _build/nrf52832_xxaa_fds.c.o
 .debug_frame   0x0000000000002824      0x510 _build/nrf52832_xxaa_fstorage.c.o
 .debug_frame   0x0000000000002d34      0xbe0 _build/nrf52832_xxaa_nrf_drv_clock.c.o
 .debug_frame   0x0000000000003914      0x34c _build/nrf52832_xxaa_nrf_drv_common.c.o
 .debug_frame   0x0000000000003c60      0xca4 _build/nrf52832_xxaa_nrf_drv_gpiote.c.o
 .debug_frame   0x0000000000004904      0xec8 _build/nrf52832_xxaa_nrf_drv_uart.c.o
 .debug_frame   0x00000000000057cc      0x230 _build/nrf52832_xxaa_bsp.c.o
 .debug_frame   0x00000000000059fc      0x578 _build/nrf52832_xxaa_bsp_btn_ble.c.o
 .debug_frame   0x0000000000005f74      0x9e8 _build/nrf52832_xxaa_main.c.o
 .debug_frame   0x000000000000695c      0x164 _build/nrf52832_xxaa_system_nrf52.c.o
 .debug_frame   0x0000000000006ac0      0xb68 _build/nrf52832_xxaa_softdevice_handler.c.o
 .debug_frame   0x0000000000007628       0x6c /usr/local/gcc-arm-none-eabi-5_4-2016q3/bin/../lib/gcc/arm-none-eabi/5.4.1/../../../../arm-none-eabi/lib/armv7e-m/fpu/libm.a(lib_a-w_pow.o)
 .debug_frame   0x0000000000007694       0x64 /usr/local/gcc-arm-none-eabi-5_4-2016q3/bin/../lib/gcc/arm-none-eabi/5.4.1/../../../../arm-none-eabi/lib/armv7e-m/fpu/libm.a(lib_a-e_pow.o)
 .debug_frame   0x00000000000076f8       0x30 /usr/local/gcc-arm-none-eabi-5_4-2016q3/bin/../lib/gcc/arm-none-eabi/5.4.1/../../../../arm-none-eabi/lib/armv7e-m/fpu/libm.a(lib_a-e_sqrt.o)
 .debug_frame   0x0000000000007728       0x20 /usr/local/gcc-arm-none-eabi-5_4-2016q3/bin/../lib/gcc/arm-none-eabi/5.4.1/../../../../arm-none-eabi/lib/armv7e-m/fpu/libm.a(lib_a-s_fabs.o)
 .debug_frame   0x0000000000007748       0x20 /usr/local/gcc-arm-none-eabi-5_4-2016q3/bin/../lib/gcc/arm-none-eabi/5.4.1/../../../../arm-none-eabi/lib/armv7e-m/fpu/libm.a(lib_a-s_finite.o)
 .debug_frame   0x0000000000007768       0x20 /usr/local/gcc-arm-none-eabi-5_4-2016q3/bin/../lib/gcc/arm-none-eabi/5.4.1/../../../../arm-none-eabi/lib/armv7e-m/fpu/libm.a(lib_a-s_matherr.o)
 .debug_frame   0x0000000000007788       0x20 /usr/local/gcc-arm-none-eabi-5_4-2016q3/bin/../lib/gcc/arm-none-eabi/5.4.1/../../../../arm-none-eabi/lib/armv7e-m/fpu/libm.a(lib_a-s_nan.o)
 .debug_frame   0x00000000000077a8       0x3c /usr/local/gcc-arm-none-eabi-5_4-2016q3/bin/../lib/gcc/arm-none-eabi/5.4.1/../../../../arm-none-eabi/lib/armv7e-m/fpu/libm.a(lib_a-s_rint.o)
 .debug_frame   0x00000000000077e4       0x2c /usr/local/gcc-arm-none-eabi-5_4-2016q3/bin/../lib/gcc/arm-none-eabi/5.4.1/../../../../arm-none-eabi/lib/armv7e-m/fpu/libm.a(lib_a-s_scalbn.o)
 .debug_frame   0x0000000000007810       0x20 /usr/local/gcc-arm-none-eabi-5_4-2016q3/bin/../lib/gcc/arm-none-eabi/5.4.1/../../../../arm-none-eabi/lib/armv7e-m/fpu/libm.a(lib_a-s_copysign.o)
 .debug_frame   0x0000000000007830       0x20 /usr/local/gcc-arm-none-eabi-5_4-2016q3/bin/../lib/gcc/arm-none-eabi/5.4.1/../../../../arm-none-eabi/lib/armv7e-m/fpu/libc_nano.a(lib_a-errno.o)
 .debug_frame   0x0000000000007850       0x28 /usr/local/gcc-arm-none-eabi-5_4-2016q3/bin/../lib/gcc/arm-none-eabi/5.4.1/../../../../arm-none-eabi/lib/armv7e-m/fpu/libc_nano.a(lib_a-memcpy-stub.o)
 .debug_frame   0x0000000000007878       0x70 /usr/local/gcc-arm-none-eabi-5_4-2016q3/bin/../lib/gcc/arm-none-eabi/5.4.1/../../../../arm-none-eabi/lib/armv7e-m/fpu/libc_nano.a(lib_a-sprintf.o)
 .debug_frame   0x00000000000078e8       0x90 /usr/local/gcc-arm-none-eabi-5_4-2016q3/bin/../lib/gcc/arm-none-eabi/5.4.1/../../../../arm-none-eabi/lib/armv7e-m/fpu/libc_nano.a(lib_a-nano-svfprintf.o)
 .debug_frame   0x0000000000007978       0x60 /usr/local/gcc-arm-none-eabi-5_4-2016q3/bin/../lib/gcc/arm-none-eabi/5.4.1/../../../../arm-none-eabi/lib/armv7e-m/fpu/libc_nano.a(lib_a-nano-vfprintf_i.o)
 .debug_frame   0x00000000000079d8       0x28 /usr/local/gcc-arm-none-eabi-5_4-2016q3/bin/../lib/gcc/arm-none-eabi/5.4.1/../../../../arm-none-eabi/lib/armv7e-m/fpu/libc_nano.a(lib_a-memmove.o)
 .debug_frame   0x0000000000007a00       0x38 /usr/local/gcc-arm-none-eabi-5_4-2016q3/bin/../lib/gcc/arm-none-eabi/5.4.1/../../../../arm-none-eabi/lib/armv7e-m/fpu/libc_nano.a(lib_a-nano-freer.o)
 .debug_frame   0x0000000000007a38       0x2c /usr/local/gcc-arm-none-eabi-5_4-2016q3/bin/../lib/gcc/arm-none-eabi/5.4.1/../../../../arm-none-eabi/lib/armv7e-m/fpu/libc_nano.a(lib_a-nano-mallocr.o)
 .debug_frame   0x0000000000007a64       0x3c /usr/local/gcc-arm-none-eabi-5_4-2016q3/bin/../lib/gcc/arm-none-eabi/5.4.1/../../../../arm-none-eabi/lib/armv7e-m/fpu/libc_nano.a(lib_a-nano-reallocr.o)
 .debug_frame   0x0000000000007aa0       0x2c /usr/local/gcc-arm-none-eabi-5_4-2016q3/bin/../lib/gcc/arm-none-eabi/5.4.1/../../../../arm-none-eabi/lib/armv7e-m/fpu/libc_nano.a(lib_a-sbrkr.o)
 .debug_frame   0x0000000000007acc       0x30 /usr/local/gcc-arm-none-eabi-5_4-2016q3/bin/../lib/gcc/arm-none-eabi/5.4.1/../../../../arm-none-eabi/lib/armv7e-m/fpu/libc_nano.a(lib_a-mlock.o)
 .debug_frame   0x0000000000007afc       0x20 /usr/local/gcc-arm-none-eabi-5_4-2016q3/bin/../lib/gcc/arm-none-eabi/5.4.1/../../../../arm-none-eabi/lib/armv7e-m/fpu/libc_nano.a(lib_a-nano-msizer.o)
 .debug_frame   0x0000000000007b1c       0x5c /usr/local/gcc-arm-none-eabi-5_4-2016q3/bin/../lib/gcc/arm-none-eabi/5.4.1/../../../../arm-none-eabi/lib/armv7e-m/fpu/libc_nano.a(lib_a-reent.o)
 .debug_frame   0x0000000000007b78       0x20 /usr/local/gcc-arm-none-eabi-5_4-2016q3/bin/../lib/gcc/arm-none-eabi/5.4.1/../../../../arm-none-eabi/lib/armv7e-m/fpu/libnosys.a(sbrk.o)

.debug_info     0x0000000000000000    0x24d7d
 .debug_info    0x0000000000000000     0x1b04 _build/nrf52832_xxaa_nrf_log_backend_serial.c.o
 .debug_info    0x0000000000001b04     0x1894 _build/nrf52832_xxaa_nrf_log_frontend.c.o