Archive member included to satisfy reference by file (symbol)

/usr/local/gcc-arm-none-eabi-5_4-2016q3/bin/../lib/gcc/arm-none-eabi/5.4.1/../../../../arm-none-eabi/lib/armv7e-m/fpu/libc_nano.a(lib_a-exit.o)
                              /usr/local/gcc-arm-none-eabi-5_4-2016q3/bin/../lib/gcc/arm-none-eabi/5.4.1/../../../../arm-none-eabi/lib/armv7e-m/fpu/crt0.o (exit)
/usr/local/gcc-arm-none-eabi-5_4-2016q3/bin/../lib/gcc/arm-none-eabi/5.4.1/../../../../arm-none-eabi/lib/armv7e-m/fpu/libc_nano.a(lib_a-impure.o)
                              /usr/local/gcc-arm-none-eabi-5_4-2016q3/bin/../lib/gcc/arm-none-eabi/5.4.1/../../../../arm-none-eabi/lib/armv7e-m/fpu/libc_nano.a(lib_a-exit.o) (_global_impure_ptr)
/usr/local/gcc-arm-none-eabi-5_4-2016q3/bin/../lib/gcc/arm-none-eabi/5.4.1/../../../../arm-none-eabi/lib/armv7e-m/fpu/libc_nano.a(lib_a-init.o)
                              /usr/local/gcc-arm-none-eabi-5_4-2016q3/bin/../lib/gcc/arm-none-eabi/5.4.1/../../../../arm-none-eabi/lib/armv7e-m/fpu/crt0.o (__libc_init_array)
/usr/local/gcc-arm-none-eabi-5_4-2016q3/bin/../lib/gcc/arm-none-eabi/5.4.1/../../../../arm-none-eabi/lib/armv7e-m/fpu/libc_nano.a(lib_a-memset.o)
                              /usr/local/gcc-arm-none-eabi-5_4-2016q3/bin/../lib/gcc/arm-none-eabi/5.4.1/../../../../arm-none-eabi/lib/armv7e-m/fpu/crt0.o (memset)
/usr/local/gcc-arm-none-eabi-5_4-2016q3/bin/../lib/gcc/arm-none-eabi/5.4.1/../../../../arm-none-eabi/lib/armv7e-m/fpu/libnosys.a(_exit.o)
                              /usr/local/gcc-arm-none-eabi-5_4-2016q3/bin/../lib/gcc/arm-none-eabi/5.4.1/../../../../arm-none-eabi/lib/armv7e-m/fpu/libc_nano.a(lib_a-exit.o) (_exit)
/usr/local/gcc-arm-none-eabi-5_4-2016q3/bin/../lib/gcc/arm-none-eabi/5.4.1/../../../../arm-none-eabi/lib/armv7e-m/fpu/libm.a(lib_a-w_pow.o)
                              _build/nrf52832_xxaa_main.c.o (pow)
/usr/local/gcc-arm-none-eabi-5_4-2016q3/bin/../lib/gcc/arm-none-eabi/5.4.1/../../../../arm-none-eabi/lib/armv7e-m/fpu/libm.a(lib_a-e_pow.o)
                              /usr/local/gcc-arm-none-eabi-5_4-2016q3/bin/../lib/gcc/arm-none-eabi/5.4.1/../../../../arm-none-eabi/lib/armv7e-m/fpu/libm.a(lib_a-w_pow.o) (__ieee754_pow)
/usr/local/gcc-arm-none-eabi-5_4-2016q3/bin/../lib/gcc/arm-none-eabi/5.4.1/../../../../arm-none-eabi/lib/armv7e-m/fpu/libm.a(lib_a-e_sqrt.o)
                              /usr/local/gcc-arm-none-eabi-5_4-2016q3/bin/../lib/gcc/arm-none-eabi/5.4.1/../../../../arm-none-eabi/lib/armv7e-m/fpu/libm.a(lib_a-e_pow.o) (__ieee754_sqrt)
/usr/local/gcc-arm-none-eabi-5_4-2016q3/bin/../lib/gcc/arm-none-eabi/5.4.1/../../../../arm-none-eabi/lib/armv7e-m/fpu/libm.a(lib_a-s_fabs.o)
                              /usr/local/gcc-arm-none-eabi-5_4-2016q3/bin/../lib/gcc/arm-none-eabi/5.4.1/../../../../arm-none-eabi/lib/armv7e-m/fpu/libm.a(lib_a-e_pow.o) (fabs)
/usr/local/gcc-arm-none-eabi-5_4-2016q3/bin/../lib/gcc/arm-none-eabi/5.4.1/../../../../arm-none-eabi/lib/armv7e-m/fpu/libm.a(lib_a-s_finite.o)
                              /usr/local/gcc-arm-none-eabi-5_4-2016q3/bin/../lib/gcc/arm-none-eabi/5.4.1/../../../../arm-none-eabi/lib/armv7e-m/fpu/libm.a(lib_a-w_pow.o) (finite)
/usr/local/gcc-arm-none-eabi-5_4-2016q3/bin/../lib/gcc/arm-none-eabi/5.4.1/../../../../arm-none-eabi/lib/armv7e-m/fpu/libm.a(lib_a-s_lib_ver.o)
                              /usr/local/gcc-arm-none-eabi-5_4-2016q3/bin/../lib/gcc/arm-none-eabi/5.4.1/../../../../arm-none-eabi/lib/armv7e-m/fpu/libm.a(lib_a-w_pow.o) (__fdlib_version)
/usr/local/gcc-arm-none-eabi-5_4-2016q3/bin/../lib/gcc/arm-none-eabi/5.4.1/../../../../arm-none-eabi/lib/armv7e-m/fpu/libm.a(lib_a-s_matherr.o)
                              /usr/local/gcc-arm-none-eabi-5_4-2016q3/bin/../lib/gcc/arm-none-eabi/5.4.1/../../../../arm-none-eabi/lib/armv7e-m/fpu/libm.a(lib_a-w_pow.o) (matherr)
/usr/local/gcc-arm-none-eabi-5_4-2016q3/bin/../lib/gcc/arm-none-eabi/5.4.1/../../../../arm-none-eabi/lib/armv7e-m/fpu/libm.a(lib_a-s_nan.o)
                              /usr/local/gcc-arm-none-eabi-5_4-2016q3/bin/../lib/gcc/arm-none-eabi/5.4.1/../../../../arm-none-eabi/lib/armv7e-m/fpu/libm.a(lib_a-e_pow.o) (nan)
/usr/local/gcc-arm-none-eabi-5_4-2016q3/bin/../lib/gcc/arm-none-eabi/5.4.1/../../../../arm-none-eabi/lib/armv7e-m/fpu/libm.a(lib_a-s_rint.o)
                              /usr/local/gcc-arm-none-eabi-5_4-2016q3/bin/../lib/gcc/arm-none-eabi/5.4.1/../../../../arm-none-eabi/lib/armv7e-m/fpu/libm.a(lib_a-w_pow.o) (rint)
/usr/local/gcc-arm-none-eabi-5_4-2016q3/bin/../lib/gcc/arm-none-eabi/5.4.1/../../../../arm-none-eabi/lib/armv7e-m/fpu/libm.a(lib_a-s_scalbn.o)
                              /usr/local/gcc-arm-none-eabi-5_4-2016q3/bin/../lib/gcc/arm-none-eabi/5.4.1/../../../../arm-none-eabi/lib/armv7e-m/fpu/libm.a(lib_a-e_pow.o) (scalbn)
/usr/local/gcc-arm-none-eabi-5_4-2016q3/bin/../lib/gcc/arm-none-eabi/5.4.1/../../../../arm-none-eabi/lib/armv7e-m/fpu/libm.a(lib_a-s_copysign.o)
[...]
Memory Configuration

Name             Origin             Length             Attributes
FLASH            0x000000000001f000 0x0000000000061000 xr
RAM              0x0000000020002128 0x000000000000ded8 xrw
*default*        0x0000000000000000 0xffffffffffffffff

Linker script and memory map


.text           0x000000000001f000     0xa6c0
 *(.isr_vector)
 .isr_vector    0x000000000001f000      0x400 _build/nrf52832_xxaa_gcc_startup_nrf52.S.o
                0x000000000001f000                __isr_vector
 *(.text*)
 .text          0x000000000001f400       0x5c /usr/local/gcc-arm-none-eabi-5_4-2016q3/bin/../lib/gcc/arm-none-eabi/5.4.1/armv7e-m/fpu/crtbegin.o
 .text          0x000000000001f45c       0x74 /usr/local/gcc-arm-none-eabi-5_4-2016q3/bin/../lib/gcc/arm-none-eabi/5.4.1/../../../../arm-none-eabi/lib/armv7e-m/fpu/crt0.o
                0x000000000001f45c                _mainCRTStartup
                0x000000000001f45c                _start
 .text.exit     0x000000000001f4d0       0x28 /usr/local/gcc-arm-none-eabi-5_4-2016q3/bin/../lib/gcc/arm-none-eabi/5.4.1/../../../../arm-none-eabi/lib/armv7e-m/fpu/libc_nano.a(lib_a-exit.o)
                0x000000000001f4d0                exit
 .text.__libc_init_array
                0x000000000001f4f8       0x4c /usr/local/gcc-arm-none-eabi-5_4-2016q3/bin/../lib/gcc/arm-none-eabi/5.4.1/../../../../arm-none-eabi/lib/armv7e-m/fpu/libc_nano.a(lib_a-init.o)
                0x000000000001f4f8                __libc_init_array
 .text.memset   0x000000000001f544       0x10 /usr/local/gcc-arm-none-eabi-5_4-2016q3/bin/../lib/gcc/arm-none-eabi/5.4.1/../../../../arm-none-eabi/lib/armv7e-m/fpu/libc_nano.a(lib_a-memset.o)
                0x000000000001f544                memset
 .text._exit    0x000000000001f554        0x4 /usr/local/gcc-arm-none-eabi-5_4-2016q3/bin/../lib/gcc/arm-none-eabi/5.4.1/../../../../arm-none-eabi/lib/armv7e-m/fpu/libnosys.a(_exit.o)
                0x000000000001f554                _exit
 .text.uart_event_handler
                0x000000000001f558       0x28 _build/nrf52832_xxaa_nrf_log_backend_serial.c.o
 .text.nrf_log_backend_init
                0x000000000001f580       0xa4 _build/nrf52832_xxaa_nrf_log_backend_serial.c.o
                0x000000000001f580                nrf_log_backend_init
 .text.serial_is_busy
                0x000000000001f624       0x24 _build/nrf52832_xxaa_nrf_log_backend_serial.c.o
 .text.serial_tx
                0x000000000001f648       0x44 _build/nrf52832_xxaa_nrf_log_backend_serial.c.o
 .text.buf_len_update
                0x000000000001f68c       0x34 _build/nrf52832_xxaa_nrf_log_backend_serial.c.o
 .text.timestamp_process
                0x000000000001f6c0       0x50 _build/nrf52832_xxaa_nrf_log_backend_serial.c.o
 .text.nrf_log_backend_serial_std_handler
                0x000000000001f710      0x2c8 _build/nrf52832_xxaa_nrf_log_backend_serial.c.o
 .text.byte2hex
                0x000000000001f9d8       0x5c _build/nrf52832_xxaa_nrf_log_backend_serial.c.o
 .text.char2readablechar
                0x000000000001fa34       0x28 _build/nrf52832_xxaa_nrf_log_backend_serial.c.o
 .text.nrf_log_backend_serial_hexdump_handler
                0x000000000001fa5c      0x2b4 _build/nrf52832_xxaa_nrf_log_backend_serial.c.o
 .text.nrf_log_backend_std_handler_get
                0x000000000001fd10       0x14 _build/nrf52832_xxaa_nrf_log_backend_serial.c.o
                0x000000000001fd10                nrf_log_backend_std_handler_get
 .text.nrf_log_backend_hexdump_handler_get
                0x000000000001fd24       0x14 _build/nrf52832_xxaa_nrf_log_backend_serial.c.o
                0x000000000001fd24                nrf_log_backend_hexdump_handler_get
 .text.nrf_log_init
                0x000000000001fd38       0x38 _build/nrf52832_xxaa_nrf_log_frontend.c.o
                0x000000000001fd38                nrf_log_init
 .text.nrf_log_blocking_backend_set
                0x000000000001fd70       0x10 _build/nrf52832_xxaa_nrf_log_frontend.c.o
                0x000000000001fd70                nrf_log_blocking_backend_set
 .text.nrf_log_frontend_init
                0x000000000001fd80       0x34 _build/nrf52832_xxaa_nrf_log_frontend.c.o
                0x000000000001fd80                nrf_log_frontend_init
 .text.nrf_log_handlers_set
                0x000000000001fdb4       0x2c _build/nrf52832_xxaa_nrf_log_frontend.c.o
                0x000000000001fdb4                nrf_log_handlers_set
 .text.buf_prealloc
                0x000000000001fde0       0xcc _build/nrf52832_xxaa_nrf_log_frontend.c.o
 .text.nrf_log_frontend_std_0
                0x000000000001feac       0x8c _build/nrf52832_xxaa_nrf_log_frontend.c.o
                0x000000000001feac                nrf_log_frontend_std_0
 .text.nrf_log_frontend_std_1
                0x000000000001ff38       0xa0 _build/nrf52832_xxaa_nrf_log_frontend.c.o
                0x000000000001ff38                nrf_log_frontend_std_1
 .text.nrf_log_frontend_hexdump
                0x000000000001ffd8      0x110 _build/nrf52832_xxaa_nrf_log_frontend.c.o
                0x000000000001ffd8                nrf_log_frontend_hexdump
 .text.buffer_is_empty
                0x00000000000200e8       0x24 _build/nrf52832_xxaa_nrf_log_frontend.c.o
                0x00000000000200e8                buffer_is_empty
 .text.nrf_log_frontend_dequeue
                0x000000000002010c      0x284 _build/nrf52832_xxaa_nrf_log_frontend.c.o
                0x000000000002010c                nrf_log_frontend_dequeue
 .text.detection_delay_timeout_handler
                0x0000000000020390       0xc8 _build/nrf52832_xxaa_app_button.c.o
 .text.gpiote_event_handler
                0x0000000000020458       0xa0 _build/nrf52832_xxaa_app_button.c.o
 .text.app_button_init
                0x00000000000204f8       0xd4 _build/nrf52832_xxaa_app_button.c.o
                0x00000000000204f8                app_button_init
 .text.app_button_enable
                0x00000000000205cc       0x44 _build/nrf52832_xxaa_app_button.c.o
                0x00000000000205cc                app_button_enable
 .text.app_error_handler_bare
                0x0000000000020610       0x2c _build/nrf52832_xxaa_app_error.c.o
                0x0000000000020610                app_error_handler_bare
 .text.NVIC_SystemReset
                0x000000000002063c       0x28 _build/nrf52832_xxaa_app_error_weak.c.o
 .text.app_error_fault_handler
                0x0000000000020664       0x34 _build/nrf52832_xxaa_app_error_weak.c.o
                0x0000000000020664                app_error_fault_handler
 .text.NVIC_EnableIRQ
                0x0000000000020698       0x34 _build/nrf52832_xxaa_app_timer.c.o
 .text.NVIC_DisableIRQ
                0x00000000000206cc       0x34 _build/nrf52832_xxaa_app_timer.c.o
 .text.NVIC_SetPendingIRQ
                0x0000000000020700       0x34 _build/nrf52832_xxaa_app_timer.c.o
 .text.NVIC_ClearPendingIRQ
                0x0000000000020734       0x34 _build/nrf52832_xxaa_app_timer.c.o
 .text.NVIC_SetPriority
                0x0000000000020768       0x54 _build/nrf52832_xxaa_app_timer.c.o
 .text.is_word_aligned
                0x00000000000207bc       0x24 _build/nrf52832_xxaa_app_timer.c.o
 .text.nrf_delay_us
                0x00000000000207e0       0xa8 _build/nrf52832_xxaa_app_timer.c.o
 .text.rtc1_init
                0x0000000000020888       0x24 _build/nrf52832_xxaa_app_timer.c.o
 .text.rtc1_start
                0x00000000000208ac       0x44 _build/nrf52832_xxaa_app_timer.c.o
 .text.rtc1_stop
                0x00000000000208f0       0x54 _build/nrf52832_xxaa_app_timer.c.o
 .text.rtc1_counter_get
                0x0000000000020944       0x18 _build/nrf52832_xxaa_app_timer.c.o
 .text.ticks_diff_get
                0x000000000002095c       0x20 _build/nrf52832_xxaa_app_timer.c.o
 .text.rtc1_compare0_set
                0x000000000002097c       0x20 _build/nrf52832_xxaa_app_timer.c.o
 .text.timer_list_insert
                0x000000000002099c       0xb4 _build/nrf52832_xxaa_app_timer.c.o
 .text.timer_list_remove
                0x0000000000020a50       0xa8 _build/nrf52832_xxaa_app_timer.c.o
 .text.timer_timeouts_check_sched
                0x0000000000020af8       0x10 _build/nrf52832_xxaa_app_timer.c.o
 .text.timer_list_handler_sched
                0x0000000000020b08       0x10 _build/nrf52832_xxaa_app_timer.c.o
 .text.timeout_handler_exec
                0x0000000000020b18       0x4c _build/nrf52832_xxaa_app_timer.c.o
 .text.timer_timeouts_check
                0x0000000000020b64       0xc8 _build/nrf52832_xxaa_app_timer.c.o
 .text.elapsed_ticks_acquire
                0x0000000000020c2c       0x80 _build/nrf52832_xxaa_app_timer.c.o
 .text.list_deletions_handler
                0x0000000000020cac       0xa0 _build/nrf52832_xxaa_app_timer.c.o
 .text.expired_timers_handler
                0x0000000000020d4c       0x9c _build/nrf52832_xxaa_app_timer.c.o
 .text.list_insertions_handler
                0x0000000000020de8      0x160 _build/nrf52832_xxaa_app_timer.c.o
 .text.compare_reg_update
                0x0000000000020f48       0xb4 _build/nrf52832_xxaa_app_timer.c.o
 .text.timer_list_handler
                0x0000000000020ffc       0x78 _build/nrf52832_xxaa_app_timer.c.o
 .text.user_op_enque
                0x0000000000021074       0x20 _build/nrf52832_xxaa_app_timer.c.o
 .text.user_op_alloc
                0x0000000000021094       0x5c _build/nrf52832_xxaa_app_timer.c.o
 .text.timer_start_op_schedule
                0x00000000000210f0       0x84 _build/nrf52832_xxaa_app_timer.c.o
 .text.timer_stop_op_schedule
                0x0000000000021174       0x68 _build/nrf52832_xxaa_app_timer.c.o
 .text.RTC1_IRQHandler
                0x00000000000211dc       0x40 _build/nrf52832_xxaa_app_timer.c.o
                0x00000000000211dc                RTC1_IRQHandler
 .text.SWI0_EGU0_IRQHandler
                0x000000000002121c        0xc _build/nrf52832_xxaa_app_timer.c.o
                0x000000000002121c                SWI0_EGU0_IRQHandler
 .text.app_timer_init
                0x0000000000021228       0xac _build/nrf52832_xxaa_app_timer.c.o
                0x0000000000021228                app_timer_init
 .text.app_timer_create
                0x00000000000212d4       0x68 _build/nrf52832_xxaa_app_timer.c.o
                0x00000000000212d4                app_timer_create
 .text.app_timer_start
                0x000000000002133c       0x68 _build/nrf52832_xxaa_app_timer.c.o
                0x000000000002133c                app_timer_start
 .text.app_timer_stop
                0x00000000000213a4       0x48 _build/nrf52832_xxaa_app_timer.c.o
                0x00000000000213a4                app_timer_stop
 .text.__sd_nvic_irq_disable
                0x00000000000213ec       0x20 _build/nrf52832_xxaa_app_util_platform.c.o
 .text.__sd_nvic_irq_enable
                0x000000000002140c       0x10 _build/nrf52832_xxaa_app_util_platform.c.o
 .text.sd_nvic_critical_region_enter
                0x000000000002141c       0x74 _build/nrf52832_xxaa_app_util_platform.c.o
 .text.sd_nvic_critical_region_exit
                0x0000000000021490       0x50 _build/nrf52832_xxaa_app_util_platform.c.o
 .text.app_util_critical_region_enter
                0x00000000000214e0       0x18 _build/nrf52832_xxaa_app_util_platform.c.o
                0x00000000000214e0                app_util_critical_region_enter
 .text.app_util_critical_region_exit
                0x00000000000214f8       0x1c _build/nrf52832_xxaa_app_util_platform.c.o
                0x00000000000214f8                app_util_critical_region_exit
 .text.is_word_aligned
                0x0000000000021514       0x24 _build/nrf52832_xxaa_fds.c.o
 .text.flag_set
                0x0000000000021538       0x28 _build/nrf52832_xxaa_fds.c.o
 .text.flag_clear
                0x0000000000021560       0x34 _build/nrf52832_xxaa_fds.c.o
 .text.flag_is_set
                0x0000000000021594       0x30 _build/nrf52832_xxaa_fds.c.o
 .text.event_send
                0x00000000000215c4       0x40 _build/nrf52832_xxaa_fds.c.o
 .text.event_prepare
                0x0000000000021604       0xdc _build/nrf52832_xxaa_fds.c.o
 .text.header_is_valid
                0x00000000000216e0       0x34 _build/nrf52832_xxaa_fds.c.o
 .text.address_is_valid
                0x0000000000021714       0x48 _build/nrf52832_xxaa_fds.c.o
 .text.page_from_record
                0x000000000002175c       0x68 _build/nrf52832_xxaa_fds.c.o
 .text.page_offsets_update
                0x00000000000217c4       0x3c _build/nrf52832_xxaa_fds.c.o
 .text.page_tag_write_swap
                0x0000000000021800       0x2c _build/nrf52832_xxaa_fds.c.o
 .text.page_tag_write_data
                0x000000000002182c       0x2c _build/nrf52832_xxaa_fds.c.o
 .text.record_find_next
                0x0000000000021858       0x94 _build/nrf52832_xxaa_fds.c.o
 .text.record_find_by_desc
                0x00000000000218ec       0xb8 _build/nrf52832_xxaa_fds.c.o
 .text.record_find
                0x00000000000219a4       0xd4 _build/nrf52832_xxaa_fds.c.o
 .text.queue_advance
                0x0000000000021a78       0x54 _build/nrf52832_xxaa_fds.c.o
 .text.chunk_queue_get_and_advance
                0x0000000000021acc       0x48 _build/nrf52832_xxaa_fds.c.o
 .text.chunk_queue_skip
                0x0000000000021b14       0x44 _build/nrf52832_xxaa_fds.c.o
 .text.record_header_write_begin
                0x0000000000021b58       0x40 _build/nrf52832_xxaa_fds.c.o
 .text.record_header_write_id
                0x0000000000021b98       0x50 _build/nrf52832_xxaa_fds.c.o
 .text.record_header_write_finalize
                0x0000000000021be8       0x50 _build/nrf52832_xxaa_fds.c.o
 .text.record_header_flag_dirty
                0x0000000000021c38       0x38 _build/nrf52832_xxaa_fds.c.o
 .text.record_find_and_delete
                0x0000000000021c70       0x70 _build/nrf52832_xxaa_fds.c.o
 .text.file_find_and_delete
                0x0000000000021ce0       0x58 _build/nrf52832_xxaa_fds.c.o
 .text.record_write_chunk
                0x0000000000021d38       0x7c _build/nrf52832_xxaa_fds.c.o
 .text.gc_init  0x0000000000021db4       0x64 _build/nrf52832_xxaa_fds.c.o
 .text.gc_page_next
                0x0000000000021e18       0x78 _build/nrf52832_xxaa_fds.c.o
 .text.gc_swap_erase
                0x0000000000021e90       0x30 _build/nrf52832_xxaa_fds.c.o
 .text.gc_page_erase
                0x0000000000021ec0       0x5c _build/nrf52832_xxaa_fds.c.o
 .text.gc_record_copy
                0x0000000000021f1c       0x54 _build/nrf52832_xxaa_fds.c.o
 .text.gc_record_find_next
                0x0000000000021f70       0x38 _build/nrf52832_xxaa_fds.c.o
 .text.gc_swap_promote
                0x0000000000021fa8       0x2c _build/nrf52832_xxaa_fds.c.o
 .text.gc_tag_new_swap
                0x0000000000021fd4       0x20 _build/nrf52832_xxaa_fds.c.o
 .text.gc_next_page
                0x0000000000021ff4       0x40 _build/nrf52832_xxaa_fds.c.o
 .text.gc_update_swap_offset
                0x0000000000022034       0x38 _build/nrf52832_xxaa_fds.c.o
 .text.gc_swap_pages
                0x000000000002206c       0x64 _build/nrf52832_xxaa_fds.c.o
 .text.gc_state_advance
                0x00000000000220d0       0x74 _build/nrf52832_xxaa_fds.c.o
 .text.init_execute
                0x0000000000022144      0x168 _build/nrf52832_xxaa_fds.c.o
 .text.write_execute
                0x00000000000222ac      0x104 _build/nrf52832_xxaa_fds.c.o
 .text.delete_execute
                0x00000000000223b0       0x64 _build/nrf52832_xxaa_fds.c.o
 .text.gc_execute
                0x0000000000022414       0x98 _build/nrf52832_xxaa_fds.c.o
 .text.queue_process
                0x00000000000224ac       0xdc _build/nrf52832_xxaa_fds.c.o
 .text.fs_event_handler
                0x0000000000022588       0x1c _build/nrf52832_xxaa_fds.c.o
 .text.sd_flash_write
                0x00000000000225a4        0x8 _build/nrf52832_xxaa_fstorage.c.o
 .text.sd_flash_page_erase
                0x00000000000225ac        0x8 _build/nrf52832_xxaa_fstorage.c.o
 .text.send_event
                0x00000000000225b4       0x74 _build/nrf52832_xxaa_fstorage.c.o
 .text.check_config
                0x0000000000022628       0x38 _build/nrf52832_xxaa_fstorage.c.o
 .text.store_execute
                0x0000000000022660       0x58 _build/nrf52832_xxaa_fstorage.c.o
 .text.erase_execute
                0x00000000000226b8       0x1c _build/nrf52832_xxaa_fstorage.c.o
 .text.queue_advance
                0x00000000000226d4       0x50 _build/nrf52832_xxaa_fstorage.c.o
 .text.queue_process
                0x0000000000022724       0x8c _build/nrf52832_xxaa_fstorage.c.o
 .text.queue_start
                0x00000000000227b0       0x38 _build/nrf52832_xxaa_fstorage.c.o
 .text.on_operation_success
                0x00000000000227e8       0xb0 _build/nrf52832_xxaa_fstorage.c.o
 .text.on_operation_failure
                0x0000000000022898       0x3c _build/nrf52832_xxaa_fstorage.c.o
 .text.queue_get_next_free
                0x00000000000228d4       0x80 _build/nrf52832_xxaa_fstorage.c.o
 .text.fs_store
                0x0000000000022954       0xd4 _build/nrf52832_xxaa_fstorage.c.o
                0x0000000000022954                fs_store
 .text.fs_erase
                0x0000000000022a28       0xc4 _build/nrf52832_xxaa_fstorage.c.o
                0x0000000000022a28                fs_erase
 .text.fs_queued_op_count_get
                0x0000000000022aec       0x2c _build/nrf52832_xxaa_fstorage.c.o
                0x0000000000022aec                fs_queued_op_count_get
 .text.fs_sys_event_handler
                0x0000000000022b18       0x88 _build/nrf52832_xxaa_fstorage.c.o
                0x0000000000022b18                fs_sys_event_handler
 .text.nrf_clock_int_disable
                0x0000000000022ba0       0x20 _build/nrf52832_xxaa_nrf_drv_clock.c.o
 .text.nrf_clock_event_clear
                0x0000000000022bc0       0x2c _build/nrf52832_xxaa_nrf_drv_clock.c.o
 .text.nrf_clock_event_check
                0x0000000000022bec       0x28 _build/nrf52832_xxaa_nrf_drv_clock.c.o
 .text.nrf_clock_lf_src_set
                0x0000000000022c14       0x24 _build/nrf52832_xxaa_nrf_drv_clock.c.o
 .text.nrf_drv_clock_init
                0x0000000000022c38       0x58 _build/nrf52832_xxaa_nrf_drv_clock.c.o
                0x0000000000022c38                nrf_drv_clock_init
 .text.item_dequeue
                0x0000000000022c90       0x2c _build/nrf52832_xxaa_nrf_drv_clock.c.o
 .text.clock_clk_started_notify
                0x0000000000022cbc       0x48 _build/nrf52832_xxaa_nrf_drv_clock.c.o
 .text.POWER_CLOCK_IRQHandler
                0x0000000000022d04       0x5c _build/nrf52832_xxaa_nrf_drv_clock.c.o
                0x0000000000022d04                POWER_CLOCK_IRQHandler
 .text.nrf_drv_clock_on_soc_event
                0x0000000000022d60       0x1c _build/nrf52832_xxaa_nrf_drv_clock.c.o
                0x0000000000022d60                nrf_drv_clock_on_soc_event
 .text.nrf_drv_clock_on_sd_enable
                0x0000000000022d7c       0x48 _build/nrf52832_xxaa_nrf_drv_clock.c.o
                0x0000000000022d7c                nrf_drv_clock_on_sd_enable
 .text.NVIC_EnableIRQ
                0x0000000000022dc4       0x34 _build/nrf52832_xxaa_nrf_drv_common.c.o
 .text.NVIC_ClearPendingIRQ
                0x0000000000022df8       0x34 _build/nrf52832_xxaa_nrf_drv_common.c.o
 .text.NVIC_SetPriority
                0x0000000000022e2c       0x54 _build/nrf52832_xxaa_nrf_drv_common.c.o
 .text.nrf_drv_common_irq_enable
                0x0000000000022e80       0x3c _build/nrf52832_xxaa_nrf_drv_common.c.o
                0x0000000000022e80                nrf_drv_common_irq_enable
 .text.nrf_gpiote_event_is_set
                0x0000000000022ebc       0x28 _build/nrf52832_xxaa_nrf_drv_gpiote.c.o
 .text.nrf_gpiote_event_clear
                0x0000000000022ee4       0x34 _build/nrf52832_xxaa_nrf_drv_gpiote.c.o
 .text.nrf_gpiote_event_addr_get
                0x0000000000022f18       0x20 _build/nrf52832_xxaa_nrf_drv_gpiote.c.o
 .text.nrf_gpiote_int_enable
                0x0000000000022f38       0x20 _build/nrf52832_xxaa_nrf_drv_gpiote.c.o
 .text.nrf_gpiote_int_is_enabled
                0x0000000000022f58       0x24 _build/nrf52832_xxaa_nrf_drv_gpiote.c.o
 .text.nrf_gpiote_event_enable
                0x0000000000022f7c       0x34 _build/nrf52832_xxaa_nrf_drv_gpiote.c.o
 .text.nrf_gpiote_event_configure
                0x0000000000022fb0       0x6c _build/nrf52832_xxaa_nrf_drv_gpiote.c.o
 .text.nrf_gpiote_event_pin_get
                0x000000000002301c       0x2c _build/nrf52832_xxaa_nrf_drv_gpiote.c.o
 .text.nrf_gpiote_event_polarity_get
                0x0000000000023048       0x2c _build/nrf52832_xxaa_nrf_drv_gpiote.c.o
 .text.nrf_gpio_cfg
                0x0000000000023074       0x50 _build/nrf52832_xxaa_nrf_drv_gpiote.c.o
 .text.nrf_gpio_cfg_input
                0x00000000000230c4       0x2c _build/nrf52832_xxaa_nrf_drv_gpiote.c.o
 .text.nrf_gpio_cfg_watcher
                0x00000000000230f0       0x38 _build/nrf52832_xxaa_nrf_drv_gpiote.c.o
 .text.nrf_gpio_cfg_sense_set
                0x0000000000023128       0x5c _build/nrf52832_xxaa_nrf_drv_gpiote.c.o
 .text.nrf_gpio_pin_read
                0x0000000000023184       0x28 _build/nrf52832_xxaa_nrf_drv_gpiote.c.o
 .text.nrf_gpio_pins_read
                0x00000000000231ac       0x18 _build/nrf52832_xxaa_nrf_drv_gpiote.c.o
 .text.nrf_gpio_pin_sense_get
                0x00000000000231c4       0x2c _build/nrf52832_xxaa_nrf_drv_gpiote.c.o
 .text.pin_in_use_by_te
                0x00000000000231f0       0x44 _build/nrf52832_xxaa_nrf_drv_gpiote.c.o
 .text.pin_in_use_by_port
                0x0000000000023234       0x30 _build/nrf52832_xxaa_nrf_drv_gpiote.c.o
 .text.pin_in_use_by_gpiote
                0x0000000000023264       0x2c _build/nrf52832_xxaa_nrf_drv_gpiote.c.o
 .text.pin_in_use_by_te_set
                0x0000000000023290       0x58 _build/nrf52832_xxaa_nrf_drv_gpiote.c.o
 .text.pin_in_use_clear
                0x00000000000232e8       0x24 _build/nrf52832_xxaa_nrf_drv_gpiote.c.o
 .text.channel_port_get
                0x000000000002330c       0x24 _build/nrf52832_xxaa_nrf_drv_gpiote.c.o
 .text.channel_handler_get
                0x0000000000023330       0x20 _build/nrf52832_xxaa_nrf_drv_gpiote.c.o
 .text.channel_port_alloc
                0x0000000000023350       0x74 _build/nrf52832_xxaa_nrf_drv_gpiote.c.o
 .text.channel_free
                0x00000000000233c4       0x3c _build/nrf52832_xxaa_nrf_drv_gpiote.c.o
 .text.nrf_drv_gpiote_init
                0x0000000000023400       0x78 _build/nrf52832_xxaa_nrf_drv_gpiote.c.o
                0x0000000000023400                nrf_drv_gpiote_init
 .text.nrf_drv_gpiote_is_init
                0x0000000000023478       0x24 _build/nrf52832_xxaa_nrf_drv_gpiote.c.o
                0x0000000000023478                nrf_drv_gpiote_is_init
 .text.nrf_drv_gpiote_in_init
                0x000000000002349c       0xb4 _build/nrf52832_xxaa_nrf_drv_gpiote.c.o
                0x000000000002349c                nrf_drv_gpiote_in_init
 .text.nrf_drv_gpiote_in_event_enable
                0x0000000000023550       0xd8 _build/nrf52832_xxaa_nrf_drv_gpiote.c.o
                0x0000000000023550                nrf_drv_gpiote_in_event_enable
 .text.nrf_drv_gpiote_in_is_set
                0x0000000000023628       0x24 _build/nrf52832_xxaa_nrf_drv_gpiote.c.o
                0x0000000000023628                nrf_drv_gpiote_in_is_set
 .text.GPIOTE_IRQHandler
                0x000000000002364c      0x220 _build/nrf52832_xxaa_nrf_drv_gpiote.c.o
                0x000000000002364c                GPIOTE_IRQHandler
 .text.NVIC_DisableIRQ
                0x000000000002386c       0x34 _build/nrf52832_xxaa_nrf_drv_uart.c.o
 .text.nrf_uart_event_clear
                0x00000000000238a0       0x30 _build/nrf52832_xxaa_nrf_drv_uart.c.o
 .text.nrf_uart_event_check
                0x00000000000238d0       0x2c _build/nrf52832_xxaa_nrf_drv_uart.c.o
 .text.nrf_uart_int_enable
                0x00000000000238fc       0x20 _build/nrf52832_xxaa_nrf_drv_uart.c.o
 .text.nrf_uart_int_enable_check
                0x000000000002391c       0x2c _build/nrf52832_xxaa_nrf_drv_uart.c.o
 .text.nrf_uart_int_disable
                0x0000000000023948       0x20 _build/nrf52832_xxaa_nrf_drv_uart.c.o
 .text.nrf_uart_errorsrc_get_and_clear
                0x0000000000023968       0x28 _build/nrf52832_xxaa_nrf_drv_uart.c.o
 .text.nrf_uart_enable
                0x0000000000023990       0x1c _build/nrf52832_xxaa_nrf_drv_uart.c.o
 .text.nrf_uart_disable
                0x00000000000239ac       0x1c _build/nrf52832_xxaa_nrf_drv_uart.c.o
 .text.nrf_uart_txrx_pins_set
                0x00000000000239c8       0x28 _build/nrf52832_xxaa_nrf_drv_uart.c.o
 .text.nrf_uart_txrx_pins_disconnect
                0x00000000000239f0       0x20 _build/nrf52832_xxaa_nrf_drv_uart.c.o
 .text.nrf_uart_tx_pin_get
                0x0000000000023a10       0x1c _build/nrf52832_xxaa_nrf_drv_uart.c.o
 .text.nrf_uart_rx_pin_get
                0x0000000000023a2c       0x1c _build/nrf52832_xxaa_nrf_drv_uart.c.o
 .text.nrf_uart_rts_pin_get
                0x0000000000023a48       0x1c _build/nrf52832_xxaa_nrf_drv_uart.c.o
 .text.nrf_uart_cts_pin_get
                0x0000000000023a64       0x1c _build/nrf52832_xxaa_nrf_drv_uart.c.o
 .text.nrf_uart_hwfc_pins_set
                0x0000000000023a80       0x28 _build/nrf52832_xxaa_nrf_drv_uart.c.o
 .text.nrf_uart_hwfc_pins_disconnect
                0x0000000000023aa8       0x20 _build/nrf52832_xxaa_nrf_drv_uart.c.o
 .text.nrf_uart_rxd_get
                0x0000000000023ac8       0x1c _build/nrf52832_xxaa_nrf_drv_uart.c.o
 .text.nrf_uart_txd_set
                0x0000000000023ae4       0x20 _build/nrf52832_xxaa_nrf_drv_uart.c.o
 .text.nrf_uart_task_trigger
                0x0000000000023b04       0x24 _build/nrf52832_xxaa_nrf_drv_uart.c.o
 .text.nrf_uart_configure
                0x0000000000023b28       0x2c _build/nrf52832_xxaa_nrf_drv_uart.c.o
 .text.nrf_uart_baudrate_set
                0x0000000000023b54       0x20 _build/nrf52832_xxaa_nrf_drv_uart.c.o
 .text.nrf_uarte_event_clear
                0x0000000000023b74       0x30 _build/nrf52832_xxaa_nrf_drv_uart.c.o
 .text.nrf_uarte_event_check
                0x0000000000023ba4       0x2c _build/nrf52832_xxaa_nrf_drv_uart.c.o
 .text.nrf_uarte_shorts_disable
                0x0000000000023bd0       0x28 _build/nrf52832_xxaa_nrf_drv_uart.c.o
 .text.nrf_uarte_int_enable
                0x0000000000023bf8       0x20 _build/nrf52832_xxaa_nrf_drv_uart.c.o
 .text.nrf_uarte_int_disable
                0x0000000000023c18       0x20 _build/nrf52832_xxaa_nrf_drv_uart.c.o
 .text.nrf_uarte_errorsrc_get_and_clear
                0x0000000000023c38       0x28 _build/nrf52832_xxaa_nrf_drv_uart.c.o
 .text.nrf_uarte_enable
                0x0000000000023c60       0x1c _build/nrf52832_xxaa_nrf_drv_uart.c.o
 .text.nrf_uarte_disable
                0x0000000000023c7c       0x1c _build/nrf52832_xxaa_nrf_drv_uart.c.o
 .text.nrf_uarte_txrx_pins_set
                0x0000000000023c98       0x28 _build/nrf52832_xxaa_nrf_drv_uart.c.o
 .text.nrf_uarte_txrx_pins_disconnect
                0x0000000000023cc0       0x20 _build/nrf52832_xxaa_nrf_drv_uart.c.o
 .text.nrf_uarte_tx_pin_get
                0x0000000000023ce0       0x1c _build/nrf52832_xxaa_nrf_drv_uart.c.o
 .text.nrf_uarte_rx_pin_get
                0x0000000000023cfc       0x1c _build/nrf52832_xxaa_nrf_drv_uart.c.o
 .text.nrf_uarte_rts_pin_get
                0x0000000000023d18       0x1c _build/nrf52832_xxaa_nrf_drv_uart.c.o
 .text.nrf_uarte_cts_pin_get
                0x0000000000023d34       0x1c _build/nrf52832_xxaa_nrf_drv_uart.c.o
 .text.nrf_uarte_hwfc_pins_set
                0x0000000000023d50       0x28 _build/nrf52832_xxaa_nrf_drv_uart.c.o
 .text.nrf_uarte_hwfc_pins_disconnect
                0x0000000000023d78       0x20 _build/nrf52832_xxaa_nrf_drv_uart.c.o
 .text.nrf_uarte_task_trigger
                0x0000000000023d98       0x24 _build/nrf52832_xxaa_nrf_drv_uart.c.o
 .text.nrf_uarte_configure
                0x0000000000023dbc       0x2c _build/nrf52832_xxaa_nrf_drv_uart.c.o
 .text.nrf_uarte_baudrate_set
                0x0000000000023de8       0x20 _build/nrf52832_xxaa_nrf_drv_uart.c.o
 .text.nrf_uarte_tx_buffer_set
                0x0000000000023e08       0x2c _build/nrf52832_xxaa_nrf_drv_uart.c.o
 .text.nrf_uarte_tx_amount_get
                0x0000000000023e34       0x1c _build/nrf52832_xxaa_nrf_drv_uart.c.o
 .text.nrf_uarte_rx_amount_get
                0x0000000000023e50       0x1c _build/nrf52832_xxaa_nrf_drv_uart.c.o
 .text.nrf_drv_common_irq_disable
                0x0000000000023e6c       0x1c _build/nrf52832_xxaa_nrf_drv_uart.c.o
 .text.nrf_drv_get_IRQn
                0x0000000000023e88       0x20 _build/nrf52832_xxaa_nrf_drv_uart.c.o
 .text.nrf_gpio_cfg
                0x0000000000023ea8       0x50 _build/nrf52832_xxaa_nrf_drv_uart.c.o
 .text.nrf_gpio_cfg_output
                0x0000000000023ef8       0x24 _build/nrf52832_xxaa_nrf_drv_uart.c.o
 .text.nrf_gpio_cfg_input
                0x0000000000023f1c       0x2c _build/nrf52832_xxaa_nrf_drv_uart.c.o
 .text.nrf_gpio_cfg_default
                0x0000000000023f48       0x24 _build/nrf52832_xxaa_nrf_drv_uart.c.o
 .text.nrf_gpio_pin_set
                0x0000000000023f6c       0x24 _build/nrf52832_xxaa_nrf_drv_uart.c.o
 .text.apply_config
                0x0000000000023f90      0x128 _build/nrf52832_xxaa_nrf_drv_uart.c.o
 .text.interrupts_enable
                0x00000000000240b8       0xd0 _build/nrf52832_xxaa_nrf_drv_uart.c.o
 .text.interrupts_disable
                0x0000000000024188       0x6c _build/nrf52832_xxaa_nrf_drv_uart.c.o
 .text.pins_to_default
                0x00000000000241f4       0xd8 _build/nrf52832_xxaa_nrf_drv_uart.c.o
 .text.uart_enable
                0x00000000000242cc       0x3c _build/nrf52832_xxaa_nrf_drv_uart.c.o
 .text.uart_disable
                0x0000000000024308       0x3c _build/nrf52832_xxaa_nrf_drv_uart.c.o
 .text.nrf_drv_uart_init
                0x0000000000024344       0x88 _build/nrf52832_xxaa_nrf_drv_uart.c.o
                0x0000000000024344                nrf_drv_uart_init
 .text.nrf_drv_uart_uninit
                0x00000000000243cc       0x48 _build/nrf52832_xxaa_nrf_drv_uart.c.o
                0x00000000000243cc                nrf_drv_uart_uninit
 .text.tx_byte  0x0000000000024414       0x44 _build/nrf52832_xxaa_nrf_drv_uart.c.o
 .text.nrf_drv_uart_tx_for_uart
                0x0000000000024458       0xe8 _build/nrf52832_xxaa_nrf_drv_uart.c.o
 .text.nrf_drv_uart_tx_for_uarte
                0x0000000000024540       0xb4 _build/nrf52832_xxaa_nrf_drv_uart.c.o
 .text.nrf_drv_uart_tx
                0x00000000000245f4       0x90 _build/nrf52832_xxaa_nrf_drv_uart.c.o
                0x00000000000245f4                nrf_drv_uart_tx
 .text.nrf_drv_uart_tx_in_progress
                0x0000000000024684       0x30 _build/nrf52832_xxaa_nrf_drv_uart.c.o
                0x0000000000024684                nrf_drv_uart_tx_in_progress
 .text.rx_byte  0x00000000000246b4       0x58 _build/nrf52832_xxaa_nrf_drv_uart.c.o
 .text.rx_done_event
                0x000000000002470c       0x34 _build/nrf52832_xxaa_nrf_drv_uart.c.o
 .text.tx_done_event
                0x0000000000024740       0x38 _build/nrf52832_xxaa_nrf_drv_uart.c.o
 .text.uart_irq_handler
                0x0000000000024778      0x1d0 _build/nrf52832_xxaa_nrf_drv_uart.c.o
 .text.uarte_irq_handler
                0x0000000000024948      0x158 _build/nrf52832_xxaa_nrf_drv_uart.c.o
 .text.UARTE0_UART0_IRQHandler
                0x0000000000024aa0       0x2c _build/nrf52832_xxaa_nrf_drv_uart.c.o
                0x0000000000024aa0                UARTE0_UART0_IRQHandler
 .text.nrf_spim_event_clear
                0x0000000000024acc       0x30 _build/nrf52832_xxaa_nrf_drv_spi.c.o
 .text.nrf_spim_event_check
                0x0000000000024afc       0x2c _build/nrf52832_xxaa_nrf_drv_spi.c.o
 .text.nrf_spim_int_enable
                0x0000000000024b28       0x20 _build/nrf52832_xxaa_nrf_drv_spi.c.o
 .text.nrf_spim_enable
                0x0000000000024b48       0x1c _build/nrf52832_xxaa_nrf_drv_spi.c.o
 .text.nrf_spim_pins_set
                0x0000000000024b64       0x34 _build/nrf52832_xxaa_nrf_drv_spi.c.o
 .text.nrf_spim_frequency_set
                0x0000000000024b98       0x20 _build/nrf52832_xxaa_nrf_drv_spi.c.o
 .text.nrf_spim_configure
                0x0000000000024bb8       0x60 _build/nrf52832_xxaa_nrf_drv_spi.c.o
 .text.nrf_spim_orc_set
                0x0000000000024c18       0x20 _build/nrf52832_xxaa_nrf_drv_spi.c.o
 .text.nrf_gpio_cfg
                0x0000000000024c38       0x50 _build/nrf52832_xxaa_nrf_drv_spi.c.o
 .text.nrf_gpio_cfg_output
                0x0000000000024c88       0x24 _build/nrf52832_xxaa_nrf_drv_spi.c.o
 .text.nrf_gpio_cfg_input
                0x0000000000024cac       0x2c _build/nrf52832_xxaa_nrf_drv_spi.c.o
 .text.nrf_gpio_pin_set
                0x0000000000024cd8       0x24 _build/nrf52832_xxaa_nrf_drv_spi.c.o
 .text.nrf_gpio_pin_clear
                0x0000000000024cfc       0x24 _build/nrf52832_xxaa_nrf_drv_spi.c.o
 .text.nrf_drv_spi_init
                0x0000000000024d20      0x154 _build/nrf52832_xxaa_nrf_drv_spi.c.o
                0x0000000000024d20                nrf_drv_spi_init
 .text.finish_transfer
                0x0000000000024e74       0x3c _build/nrf52832_xxaa_nrf_drv_spi.c.o
 .text.irq_handler_spim
                0x0000000000024eb0       0x34 _build/nrf52832_xxaa_nrf_drv_spi.c.o
 .text.SPIM0_SPIS0_TWIM0_TWIS0_SPI0_TWI0_IRQHandler
                0x0000000000024ee4       0x24 _build/nrf52832_xxaa_nrf_drv_spi.c.o
                0x0000000000024ee4                SPIM0_SPIS0_TWIM0_TWIS0_SPI0_TWI0_IRQHandler
 .text.bsp_button_is_pressed
                0x0000000000024f08       0x58 _build/nrf52832_xxaa_bsp.c.o
                0x0000000000024f08                bsp_button_is_pressed
 .text.bsp_button_event_handler
                0x0000000000024f60      0x138 _build/nrf52832_xxaa_bsp.c.o
 .text.button_timer_handler
                0x0000000000025098       0x1c _build/nrf52832_xxaa_bsp.c.o
 .text.bsp_led_indication
                0x00000000000250b4      0x688 _build/nrf52832_xxaa_bsp.c.o
 .text.leds_timer_handler
                0x000000000002573c       0x30 _build/nrf52832_xxaa_bsp.c.o
 .text.alert_timer_handler
                0x000000000002576c       0x3c _build/nrf52832_xxaa_bsp.c.o
 .text.bsp_init
                0x00000000000257a8      0x108 _build/nrf52832_xxaa_bsp.c.o
                0x00000000000257a8                bsp_init
 .text.bsp_event_to_button_action_assign
                0x00000000000258b0       0x9c _build/nrf52832_xxaa_bsp.c.o
                0x00000000000258b0                bsp_event_to_button_action_assign
 .text.advertising_buttons_configure
                0x000000000002594c       0x64 _build/nrf52832_xxaa_bsp_btn_ble.c.o
 .text.startup_event_extract
                0x00000000000259b0       0x64 _build/nrf52832_xxaa_bsp_btn_ble.c.o
 .text.bsp_btn_ble_init
                0x0000000000025a14       0x4c _build/nrf52832_xxaa_bsp_btn_ble.c.o
                0x0000000000025a14                bsp_btn_ble_init
 .text.sd_ble_gap_scan_start
                0x0000000000025a60        0x8 _build/nrf52832_xxaa_main.c.o
 .text.sd_ble_gap_scan_stop
                0x0000000000025a68        0x8 _build/nrf52832_xxaa_main.c.o
 .text.nrf_delay_us
                0x0000000000025a70       0xa8 _build/nrf52832_xxaa_main.c.o
 .text.nrf_delay_ms
                0x0000000000025b18       0x20 _build/nrf52832_xxaa_main.c.o
 .text.spi_event_handler
                0x0000000000025b38       0x58 _build/nrf52832_xxaa_main.c.o
                0x0000000000025b38                spi_event_handler
 .text.ibcn_adv_report_parse
                0x0000000000025b90      0x224 _build/nrf52832_xxaa_main.c.o
 .text.ibcn_find_broadcaster
                0x0000000000025db4       0x3c _build/nrf52832_xxaa_main.c.o
 .text.calculateAccuracy
                0x0000000000025df0       0xec _build/nrf52832_xxaa_main.c.o
 .text.on_ble_evt
                0x0000000000025edc      0x1d4 _build/nrf52832_xxaa_main.c.o
 .text.on_sys_evt
                0x00000000000260b0       0x38 _build/nrf52832_xxaa_main.c.o
 .text.ble_evt_dispatch
                0x00000000000260e8       0x18 _build/nrf52832_xxaa_main.c.o
 .text.sys_evt_dispatch
                0x0000000000026100       0x1c _build/nrf52832_xxaa_main.c.o
 .text.ble_stack_init
                0x000000000002611c       0xb4 _build/nrf52832_xxaa_main.c.o
 .text.bsp_event_handler
                0x00000000000261d0       0x18 _build/nrf52832_xxaa_main.c.o
                0x00000000000261d0                bsp_event_handler
 .text.scan_start
                0x00000000000261e8       0x80 _build/nrf52832_xxaa_main.c.o
 .text.buttons_leds_init
                0x0000000000026268       0x4c _build/nrf52832_xxaa_main.c.o
 .text.log_init
                0x00000000000262b4       0x28 _build/nrf52832_xxaa_main.c.o
 .text.main     0x00000000000262dc      0x130 _build/nrf52832_xxaa_main.c.o
                0x00000000000262dc                main
 .text          0x000000000002640c       0x3c _build/nrf52832_xxaa_gcc_startup_nrf52.S.o
                0x000000000002640c                Reset_Handler
                0x0000000000026434                NMI_Handler
                0x0000000000026436                HardFault_Handler
                0x0000000000026438                MemoryManagement_Handler
                0x000000000002643a                BusFault_Handler
                0x000000000002643c                UsageFault_Handler
                0x000000000002643e                SVC_Handler
                0x0000000000026440                DebugMon_Handler
                0x0000000000026442                PendSV_Handler
                0x0000000000026444                SysTick_Handler
                0x0000000000026446                I2S_IRQHandler
                0x0000000000026446                SWI4_EGU4_IRQHandler
                0x0000000000026446                TIMER0_IRQHandler
                0x0000000000026446                TIMER1_IRQHandler
                0x0000000000026446                PWM2_IRQHandler
                0x0000000000026446                ECB_IRQHandler
                0x0000000000026446                SPIM1_SPIS1_TWIM1_TWIS1_SPI1_TWI1_IRQHandler
                0x0000000000026446                Default_Handler
                0x0000000000026446                SAADC_IRQHandler
                0x0000000000026446                CCM_AAR_IRQHandler
                0x0000000000026446                WDT_IRQHandler
                0x0000000000026446                SWI5_EGU5_IRQHandler
                0x0000000000026446                RNG_IRQHandler
                0x0000000000026446                RTC2_IRQHandler
                0x0000000000026446                PWM0_IRQHandler
                0x0000000000026446                SWI3_EGU3_IRQHandler
                0x0000000000026446                SWI1_EGU1_IRQHandler
                0x0000000000026446                SPIM2_SPIS2_SPI2_IRQHandler
                0x0000000000026446                NFCT_IRQHandler
                0x0000000000026446                MWU_IRQHandler
                0x0000000000026446                TIMER2_IRQHandler
                0x0000000000026446                COMP_LPCOMP_IRQHandler
                0x0000000000026446                RTC0_IRQHandler
                0x0000000000026446                PWM1_IRQHandler
                0x0000000000026446                RADIO_IRQHandler
                0x0000000000026446                PDM_IRQHandler
                0x0000000000026446                TEMP_IRQHandler
                0x0000000000026446                QDEC_IRQHandler
                0x0000000000026446                TIMER3_IRQHandler
                0x0000000000026446                FPU_IRQHandler
                0x0000000000026446                TIMER4_IRQHandler
 .text.NVIC_SystemReset
                0x0000000000026448       0x28 _build/nrf52832_xxaa_system_nrf52.c.o
 .text.SystemCoreClockUpdate
                0x0000000000026470       0x1c _build/nrf52832_xxaa_system_nrf52.c.o
                0x0000000000026470                SystemCoreClockUpdate
 .text.SystemInit
                0x000000000002648c      0x278 _build/nrf52832_xxaa_system_nrf52.c.o
                0x000000000002648c                SystemInit
 .text.errata_16
                0x0000000000026704       0x44 _build/nrf52832_xxaa_system_nrf52.c.o
 .text.errata_31
                0x0000000000026748       0x64 _build/nrf52832_xxaa_system_nrf52.c.o
 .text.errata_32
                0x00000000000267ac       0x44 _build/nrf52832_xxaa_system_nrf52.c.o
 .text.errata_36
                0x00000000000267f0       0x64 _build/nrf52832_xxaa_system_nrf52.c.o
 .text.errata_37
                0x0000000000026854       0x44 _build/nrf52832_xxaa_system_nrf52.c.o
 .text.errata_57
                0x0000000000026898       0x44 _build/nrf52832_xxaa_system_nrf52.c.o
 .text.errata_66
                0x00000000000268dc       0x44 _build/nrf52832_xxaa_system_nrf52.c.o
 .text.errata_108
                0x0000000000026920       0x64 _build/nrf52832_xxaa_system_nrf52.c.o
 .text.NVIC_EnableIRQ
                0x0000000000026984       0x34 _build/nrf52832_xxaa_softdevice_handler.c.o
 .text.NVIC_DisableIRQ
                0x00000000000269b8       0x34 _build/nrf52832_xxaa_softdevice_handler.c.o
 .text.NVIC_GetPriority
                0x00000000000269ec       0x50 _build/nrf52832_xxaa_softdevice_handler.c.o
 .text.sd_evt_get
                0x0000000000026a3c        0x8 _build/nrf52832_xxaa_softdevice_handler.c.o
 .text.sd_softdevice_enable
                0x0000000000026a44        0x8 _build/nrf52832_xxaa_softdevice_handler.c.o
 .text.is_word_aligned
                0x0000000000026a4c       0x24 _build/nrf52832_xxaa_softdevice_handler.c.o
 .text.sd_ble_enable
                0x0000000000026a70        0x8 _build/nrf52832_xxaa_softdevice_handler.c.o
 .text.sd_ble_evt_get
                0x0000000000026a78        0x8 _build/nrf52832_xxaa_softdevice_handler.c.o
 .text.__sd_nvic_app_accessible_irq
                0x0000000000026a80       0x60 _build/nrf52832_xxaa_softdevice_handler.c.o
 .text.__sd_nvic_is_app_accessible_priority
                0x0000000000026ae0       0x3c _build/nrf52832_xxaa_softdevice_handler.c.o
 .text.sd_nvic_EnableIRQ
                0x0000000000026b1c       0x88 _build/nrf52832_xxaa_softdevice_handler.c.o
 .text.isr_enable_check
                0x0000000000026ba4       0x40 _build/nrf52832_xxaa_softdevice_handler.c.o
 .text.softdevice_fault_handler
                0x0000000000026be4       0x20 _build/nrf52832_xxaa_softdevice_handler.c.o
                0x0000000000026be4                softdevice_fault_handler
 .text.intern_softdevice_events_execute
                0x0000000000026c04      0x108 _build/nrf52832_xxaa_softdevice_handler.c.o
                0x0000000000026c04                intern_softdevice_events_execute
 .text.softdevice_handler_is_enabled
                0x0000000000026d0c       0x18 _build/nrf52832_xxaa_softdevice_handler.c.o
                0x0000000000026d0c                softdevice_handler_is_enabled
 .text.softdevice_handler_init
                0x0000000000026d24       0xa8 _build/nrf52832_xxaa_softdevice_handler.c.o
                0x0000000000026d24                softdevice_handler_init
 .text.softdevice_ble_evt_handler_set
                0x0000000000026dcc       0x2c _build/nrf52832_xxaa_softdevice_handler.c.o
                0x0000000000026dcc                softdevice_ble_evt_handler_set
 .text.softdevice_sys_evt_handler_set
                0x0000000000026df8       0x2c _build/nrf52832_xxaa_softdevice_handler.c.o
                0x0000000000026df8                softdevice_sys_evt_handler_set
 .text.SWI2_EGU2_IRQHandler
                0x0000000000026e24       0x38 _build/nrf52832_xxaa_softdevice_handler.c.o
                0x0000000000026e24                SWI2_EGU2_IRQHandler
 .text.softdevice_enable_get_default_config
                0x0000000000026e5c       0x54 _build/nrf52832_xxaa_softdevice_handler.c.o
                0x0000000000026e5c                softdevice_enable_get_default_config
 .text.ram_total_size_get
                0x0000000000026eb0       0x18 _build/nrf52832_xxaa_softdevice_handler.c.o
 .text.ram_end_address_get
                0x0000000000026ec8       0x24 _build/nrf52832_xxaa_softdevice_handler.c.o
 .text.softdevice_enable
                0x0000000000026eec       0x84 _build/nrf52832_xxaa_softdevice_handler.c.o
                0x0000000000026eec                softdevice_enable
 .text.pow      0x0000000000026f70      0x338 /usr/local/gcc-arm-none-eabi-5_4-2016q3/bin/../lib/gcc/arm-none-eabi/5.4.1/../../../../arm-none-eabi/lib/armv7e-m/fpu/libm.a(lib_a-w_pow.o)
                0x0000000000026f70                pow
 .text.__ieee754_pow
                0x00000000000272a8      0xb10 /usr/local/gcc-arm-none-eabi-5_4-2016q3/bin/../lib/gcc/arm-none-eabi/5.4.1/../../../../arm-none-eabi/lib/armv7e-m/fpu/libm.a(lib_a-e_pow.o)
                0x00000000000272a8                __ieee754_pow
 .text.__ieee754_sqrt
                0x0000000000027db8      0x1a0 /usr/local/gcc-arm-none-eabi-5_4-2016q3/bin/../lib/gcc/arm-none-eabi/5.4.1/../../../../arm-none-eabi/lib/armv7e-m/fpu/libm.a(lib_a-e_sqrt.o)
                0x0000000000027db8                __ieee754_sqrt
 .text.fabs     0x0000000000027f58       0x10 /usr/local/gcc-arm-none-eabi-5_4-2016q3/bin/../lib/gcc/arm-none-eabi/5.4.1/../../../../arm-none-eabi/lib/armv7e-m/fpu/libm.a(lib_a-s_fabs.o)
                0x0000000000027f58                fabs
 .text.finite   0x0000000000027f68       0x10 /usr/local/gcc-arm-none-eabi-5_4-2016q3/bin/../lib/gcc/arm-none-eabi/5.4.1/../../../../arm-none-eabi/lib/armv7e-m/fpu/libm.a(lib_a-s_finite.o)
                0x0000000000027f68                finite
 .text.matherr  0x0000000000027f78        0x4 /usr/local/gcc-arm-none-eabi-5_4-2016q3/bin/../lib/gcc/arm-none-eabi/5.4.1/../../../../arm-none-eabi/lib/armv7e-m/fpu/libm.a(lib_a-s_matherr.o)
                0x0000000000027f78                matherr
 *fill*         0x0000000000027f7c        0x4 
 .text.nan      0x0000000000027f80       0x10 /usr/local/gcc-arm-none-eabi-5_4-2016q3/bin/../lib/gcc/arm-none-eabi/5.4.1/../../../../arm-none-eabi/lib/armv7e-m/fpu/libm.a(lib_a-s_nan.o)
                0x0000000000027f80                nan
 .text.rint     0x0000000000027f90      0x128 /usr/local/gcc-arm-none-eabi-5_4-2016q3/bin/../lib/gcc/arm-none-eabi/5.4.1/../../../../arm-none-eabi/lib/armv7e-m/fpu/libm.a(lib_a-s_rint.o)
                0x0000000000027f90                rint
 .text.scalbn   0x00000000000280b8      0x10c /usr/local/gcc-arm-none-eabi-5_4-2016q3/bin/../lib/gcc/arm-none-eabi/5.4.1/../../../../arm-none-eabi/lib/armv7e-m/fpu/libm.a(lib_a-s_scalbn.o)
                0x00000000000280b8                scalbn
 .text.copysign
                0x00000000000281c4       0x1c /usr/local/gcc-arm-none-eabi-5_4-2016q3/bin/../lib/gcc/arm-none-eabi/5.4.1/../../../../arm-none-eabi/lib/armv7e-m/fpu/libm.a(lib_a-s_copysign.o)
                0x00000000000281c4                copysign
 .text          0x00000000000281e0      0x370 /usr/local/gcc-arm-none-eabi-5_4-2016q3/bin/../lib/gcc/arm-none-eabi/5.4.1/armv7e-m/fpu/libgcc.a(_arm_addsubdf3.o)
                0x00000000000281e0                __aeabi_drsub
                0x00000000000281e8                __subdf3
                0x00000000000281e8                __aeabi_dsub
                0x00000000000281ec                __aeabi_dadd
                0x00000000000281ec                __adddf3
                0x0000000000028464                __aeabi_ui2d
                0x0000000000028464                __floatunsidf
                0x0000000000028484                __floatsidf
                0x0000000000028484                __aeabi_i2d
                0x00000000000284a8                __extendsfdf2
                0x00000000000284a8                __aeabi_f2d
                0x00000000000284e4                __aeabi_ul2d
                0x00000000000284e4                __floatundidf
                0x00000000000284f4                __aeabi_l2d
                0x00000000000284f4                __floatdidf
 .text          0x0000000000028550      0x424 /usr/local/gcc-arm-none-eabi-5_4-2016q3/bin/../lib/gcc/arm-none-eabi/5.4.1/armv7e-m/fpu/libgcc.a(_arm_muldivdf3.o)
                0x0000000000028550                __aeabi_dmul
                0x0000000000028550                __muldf3
                0x00000000000287a4                __aeabi_ddiv
                0x00000000000287a4                __divdf3
 .text          0x0000000000028974      0x110 /usr/local/gcc-arm-none-eabi-5_4-2016q3/bin/../lib/gcc/arm-none-eabi/5.4.1/armv7e-m/fpu/libgcc.a(_arm_cmpdf2.o)
                0x0000000000028974                __gtdf2
                0x0000000000028974                __gedf2
                0x000000000002897c                __ltdf2
                0x000000000002897c                __ledf2
                0x0000000000028984                __eqdf2
                0x0000000000028984                __nedf2
                0x0000000000028984                __cmpdf2
                0x0000000000028a00                __aeabi_cdrcmple
                0x0000000000028a10                __aeabi_cdcmple
                0x0000000000028a10                __aeabi_cdcmpeq
                0x0000000000028a20                __aeabi_dcmpeq
                0x0000000000028a34                __aeabi_dcmplt
                0x0000000000028a48                __aeabi_dcmple
                0x0000000000028a5c                __aeabi_dcmpge
                0x0000000000028a70                __aeabi_dcmpgt
 .text          0x0000000000028a84       0x2c /usr/local/gcc-arm-none-eabi-5_4-2016q3/bin/../lib/gcc/arm-none-eabi/5.4.1/armv7e-m/fpu/libgcc.a(_arm_unorddf2.o)
                0x0000000000028a84                __aeabi_dcmpun
                0x0000000000028a84                __unorddf2
 .text          0x0000000000028ab0       0x40 /usr/local/gcc-arm-none-eabi-5_4-2016q3/bin/../lib/gcc/arm-none-eabi/5.4.1/armv7e-m/fpu/libgcc.a(_arm_fixunsdfsi.o)
                0x0000000000028ab0                __fixunsdfsi
                0x0000000000028ab0                __aeabi_d2uiz
 .text.__errno  0x0000000000028af0        0xc /usr/local/gcc-arm-none-eabi-5_4-2016q3/bin/../lib/gcc/arm-none-eabi/5.4.1/../../../../arm-none-eabi/lib/armv7e-m/fpu/libc_nano.a(lib_a-errno.o)
                0x0000000000028af0                __errno
 .text.memcpy   0x0000000000028afc       0x16 /usr/local/gcc-arm-none-eabi-5_4-2016q3/bin/../lib/gcc/arm-none-eabi/5.4.1/../../../../arm-none-eabi/lib/armv7e-m/fpu/libc_nano.a(lib_a-memcpy-stub.o)
                0x0000000000028afc                memcpy
 *fill*         0x0000000000028b12        0x2 
 .text.sprintf  0x0000000000028b14       0x48 /usr/local/gcc-arm-none-eabi-5_4-2016q3/bin/../lib/gcc/arm-none-eabi/5.4.1/../../../../arm-none-eabi/lib/armv7e-m/fpu/libc_nano.a(lib_a-sprintf.o)
                0x0000000000028b14                sprintf
                0x0000000000028b14                siprintf
 .text          0x0000000000028b5c       0x10 /usr/local/gcc-arm-none-eabi-5_4-2016q3/bin/../lib/gcc/arm-none-eabi/5.4.1/../../../../arm-none-eabi/lib/armv7e-m/fpu/libc_nano.a(lib_a-strlen.o)
                0x0000000000028b5c                strlen
 .text.__ssputs_r
                0x0000000000028b6c       0xb2 /usr/local/gcc-arm-none-eabi-5_4-2016q3/bin/../lib/gcc/arm-none-eabi/5.4.1/../../../../arm-none-eabi/lib/armv7e-m/fpu/libc_nano.a(lib_a-nano-svfprintf.o)
                0x0000000000028b6c                __ssputs_r
 *fill*         0x0000000000028c1e        0x2 
 .text._svfprintf_r
                0x0000000000028c20      0x1e8 /usr/local/gcc-arm-none-eabi-5_4-2016q3/bin/../lib/gcc/arm-none-eabi/5.4.1/../../../../arm-none-eabi/lib/armv7e-m/fpu/libc_nano.a(lib_a-nano-svfprintf.o)
                0x0000000000028c20                _svfprintf_r
                0x0000000000028c20                _svfiprintf_r
 .text._printf_common
                0x0000000000028e08       0xec /usr/local/gcc-arm-none-eabi-5_4-2016q3/bin/../lib/gcc/arm-none-eabi/5.4.1/../../../../arm-none-eabi/lib/armv7e-m/fpu/libc_nano.a(lib_a-nano-vfprintf_i.o)
                0x0000000000028e08                _printf_common
 .text._printf_i
                0x0000000000028ef4      0x24c /usr/local/gcc-arm-none-eabi-5_4-2016q3/bin/../lib/gcc/arm-none-eabi/5.4.1/../../../../arm-none-eabi/lib/armv7e-m/fpu/libc_nano.a(lib_a-nano-vfprintf_i.o)
                0x0000000000028ef4                _printf_i
 .text          0x0000000000029140       0xa0 /usr/local/gcc-arm-none-eabi-5_4-2016q3/bin/../lib/gcc/arm-none-eabi/5.4.1/../../../../arm-none-eabi/lib/armv7e-m/fpu/libc_nano.a(lib_a-memchr.o)
                0x0000000000029140                memchr
 .text.memmove  0x00000000000291e0       0x36 /usr/local/gcc-arm-none-eabi-5_4-2016q3/bin/../lib/gcc/arm-none-eabi/5.4.1/../../../../arm-none-eabi/lib/armv7e-m/fpu/libc_nano.a(lib_a-memmove.o)
                0x00000000000291e0                memmove
 *fill*         0x0000000000029216        0x2 
 .text._free_r  0x0000000000029218       0x9c /usr/local/gcc-arm-none-eabi-5_4-2016q3/bin/../lib/gcc/arm-none-eabi/5.4.1/../../../../arm-none-eabi/lib/armv7e-m/fpu/libc_nano.a(lib_a-nano-freer.o)
                0x0000000000029218                _free_r
 .text._malloc_r
                0x00000000000292b4       0xbc /usr/local/gcc-arm-none-eabi-5_4-2016q3/bin/../lib/gcc/arm-none-eabi/5.4.1/../../../../arm-none-eabi/lib/armv7e-m/fpu/libc_nano.a(lib_a-nano-mallocr.o)
                0x00000000000292b4                _malloc_r
 .text._realloc_r
                0x0000000000029370       0x4c /usr/local/gcc-arm-none-eabi-5_4-2016q3/bin/../lib/gcc/arm-none-eabi/5.4.1/../../../../arm-none-eabi/lib/armv7e-m/fpu/libc_nano.a(lib_a-nano-reallocr.o)
                0x0000000000029370                _realloc_r
 .text._sbrk_r  0x00000000000293bc       0x20 /usr/local/gcc-arm-none-eabi-5_4-2016q3/bin/../lib/gcc/arm-none-eabi/5.4.1/../../../../arm-none-eabi/lib/armv7e-m/fpu/libc_nano.a(lib_a-sbrkr.o)
                0x00000000000293bc                _sbrk_r
 .text.__malloc_lock
                0x00000000000293dc        0x2 /usr/local/gcc-arm-none-eabi-5_4-2016q3/bin/../lib/gcc/arm-none-eabi/5.4.1/../../../../arm-none-eabi/lib/armv7e-m/fpu/libc_nano.a(lib_a-mlock.o)
                0x00000000000293dc                __malloc_lock
 .text.__malloc_unlock
                0x00000000000293de        0x2 /usr/local/gcc-arm-none-eabi-5_4-2016q3/bin/../lib/gcc/arm-none-eabi/5.4.1/../../../../arm-none-eabi/lib/armv7e-m/fpu/libc_nano.a(lib_a-mlock.o)
                0x00000000000293de                __malloc_unlock
 .text._malloc_usable_size_r
                0x00000000000293e0       0x14 /usr/local/gcc-arm-none-eabi-5_4-2016q3/bin/../lib/gcc/arm-none-eabi/5.4.1/../../../../arm-none-eabi/lib/armv7e-m/fpu/libc_nano.a(lib_a-nano-msizer.o)
                0x00000000000293e0                _malloc_usable_size_r
 .text._sbrk    0x00000000000293f4       0x1c /usr/local/gcc-arm-none-eabi-5_4-2016q3/bin/../lib/gcc/arm-none-eabi/5.4.1/../../../../arm-none-eabi/lib/armv7e-m/fpu/libnosys.a(sbrk.o)
                0x00000000000293f4                _sbrk
 *(.init)
 .init          0x0000000000029410        0x4 /usr/local/gcc-arm-none-eabi-5_4-2016q3/bin/../lib/gcc/arm-none-eabi/5.4.1/armv7e-m/fpu/crti.o
                0x0000000000029410                _init
 .init          0x0000000000029414        0x8 /usr/local/gcc-arm-none-eabi-5_4-2016q3/bin/../lib/gcc/arm-none-eabi/5.4.1/armv7e-m/fpu/crtn.o
 *(.fini)
 .fini          0x000000000002941c        0x4 /usr/local/gcc-arm-none-eabi-5_4-2016q3/bin/../lib/gcc/arm-none-eabi/5.4.1/armv7e-m/fpu/crti.o
                0x000000000002941c                _fini
 .fini          0x0000000000029420        0x8 /usr/local/gcc-arm-none-eabi-5_4-2016q3/bin/../lib/gcc/arm-none-eabi/5.4.1/armv7e-m/fpu/crtn.o
 *crtbegin.o(.ctors)
 *crtbegin?.o(.ctors)
 *(EXCLUDE_FILE(*crtend.o *crtend?.o) .ctors)
 *(SORT(.ctors.*))
 *(.ctors)
 *crtbegin.o(.dtors)
 *crtbegin?.o(.dtors)
 *(EXCLUDE_FILE(*crtend.o *crtend?.o) .dtors)
 *(SORT(.dtors.*))
 *(.dtors)
 *(.rodata*)
 .rodata._global_impure_ptr
                0x0000000000029428        0x4 /usr/local/gcc-arm-none-eabi-5_4-2016q3/bin/../lib/gcc/arm-none-eabi/5.4.1/../../../../arm-none-eabi/lib/armv7e-m/fpu/libc_nano.a(lib_a-impure.o)
                0x0000000000029428                _global_impure_ptr
 .rodata        0x000000000002942c       0x27 _build/nrf52832_xxaa_nrf_log_backend_serial.c.o
 *fill*         0x0000000000029453        0x1 
 .rodata        0x0000000000029454        0xb _build/nrf52832_xxaa_nrf_log_frontend.c.o
 *fill*         0x000000000002945f        0x1 
 .rodata.m_detection_delay_timer_id
                0x0000000000029460        0x4 _build/nrf52832_xxaa_app_button.c.o
 .rodata        0x0000000000029464       0x18 _build/nrf52832_xxaa_app_error_weak.c.o
 .rodata.m_fds_tl_dirty
                0x000000000002947c        0x4 _build/nrf52832_xxaa_fds.c.o
 .rodata.page_tag_swap.6537
                0x0000000000029480        0x8 _build/nrf52832_xxaa_fds.c.o
 .rodata.page_tag_data.6541
                0x0000000000029488        0x8 _build/nrf52832_xxaa_fds.c.o
 .rodata.m_leds_timer_id
                0x0000000000029490        0x4 _build/nrf52832_xxaa_bsp.c.o
 .rodata.m_alert_timer_id
                0x0000000000029494        0x4 _build/nrf52832_xxaa_bsp.c.o
 .rodata.m_button_timer_id
                0x0000000000029498        0x4 _build/nrf52832_xxaa_bsp.c.o
 .rodata.m_buttons_list
                0x000000000002949c       0x10 _build/nrf52832_xxaa_bsp.c.o
 .rodata.app_buttons
                0x00000000000294ac       0x20 _build/nrf52832_xxaa_bsp.c.o
 .rodata.spi    0x00000000000294cc        0x8 _build/nrf52832_xxaa_main.c.o
 .rodata        0x00000000000294d4       0x58 _build/nrf52832_xxaa_main.c.o
 .rodata        0x000000000002952c      0x142 _build/nrf52832_xxaa_softdevice_handler.c.o
 *fill*         0x000000000002966e        0x2 
 .rodata.str1.4
                0x0000000000029670        0x4 /usr/local/gcc-arm-none-eabi-5_4-2016q3/bin/../lib/gcc/arm-none-eabi/5.4.1/../../../../arm-none-eabi/lib/armv7e-m/fpu/libm.a(lib_a-w_pow.o)
 .rodata.str1.4
                0x0000000000029674        0x4 /usr/local/gcc-arm-none-eabi-5_4-2016q3/bin/../lib/gcc/arm-none-eabi/5.4.1/../../../../arm-none-eabi/lib/armv7e-m/fpu/libm.a(lib_a-e_pow.o)
                                          0x1 (size before relaxing)
 .rodata.TWO52  0x0000000000029678       0x10 /usr/local/gcc-arm-none-eabi-5_4-2016q3/bin/../lib/gcc/arm-none-eabi/5.4.1/../../../../arm-none-eabi/lib/armv7e-m/fpu/libm.a(lib_a-s_rint.o)
 .rodata.str1.1
                0x0000000000029688       0x11 /usr/local/gcc-arm-none-eabi-5_4-2016q3/bin/../lib/gcc/arm-none-eabi/5.4.1/../../../../arm-none-eabi/lib/armv7e-m/fpu/libc_nano.a(lib_a-nano-svfprintf.o)
 .rodata.str1.1
                0x0000000000029699       0x22 /usr/local/gcc-arm-none-eabi-5_4-2016q3/bin/../lib/gcc/arm-none-eabi/5.4.1/../../../../arm-none-eabi/lib/armv7e-m/fpu/libc_nano.a(lib_a-nano-vfprintf_i.o)
 *(.eh_frame*)
 *fill*         0x00000000000296bb        0x1 
 .eh_frame      0x00000000000296bc        0x0 /usr/local/gcc-arm-none-eabi-5_4-2016q3/bin/../lib/gcc/arm-none-eabi/5.4.1/armv7e-m/fpu/crtbegin.o
 .eh_frame      0x00000000000296bc        0x4 /usr/local/gcc-arm-none-eabi-5_4-2016q3/bin/../lib/gcc/arm-none-eabi/5.4.1/armv7e-m/fpu/crtend.o

.glue_7         0x00000000000296c0        0x0
 .glue_7        0x00000000000296c0        0x0 linker stubs

.glue_7t        0x00000000000296c0        0x0
 .glue_7t       0x00000000000296c0        0x0 linker stubs

.vfp11_veneer   0x00000000000296c0        0x0
 .vfp11_veneer  0x00000000000296c0        0x0 linker stubs

.v4_bx          0x00000000000296c0        0x0
 .v4_bx         0x00000000000296c0        0x0 linker stubs

.iplt           0x00000000000296c0        0x0
 .iplt          0x00000000000296c0        0x0 /usr/local/gcc-arm-none-eabi-5_4-2016q3/bin/../lib/gcc/arm-none-eabi/5.4.1/armv7e-m/fpu/crtbegin.o

.ARM.extab
 *(.ARM.extab* .gnu.linkonce.armextab.*)
                0x00000000000296c0                __exidx_start = .

.ARM.exidx      0x00000000000296c0        0x8
 *(.ARM.exidx* .gnu.linkonce.armexidx.*)
 .ARM.exidx     0x00000000000296c0        0x8 /usr/local/gcc-arm-none-eabi-5_4-2016q3/bin/../lib/gcc/arm-none-eabi/5.4.1/../../../../arm-none-eabi/lib/armv7e-m/fpu/crt0.o
                0x00000000000296c8                __exidx_end = .
                0x00000000000296c8                __etext = .

.rel.dyn        0x00000000000296c8        0x0
 .rel.iplt      0x00000000000296c8        0x0 /usr/local/gcc-arm-none-eabi-5_4-2016q3/bin/../lib/gcc/arm-none-eabi/5.4.1/armv7e-m/fpu/crtbegin.o

.data           0x0000000020002128       0x84 load address 0x00000000000296c8
                0x0000000020002128                __data_start__ = .
 *(vtable)
 *(.data*)
 .data.impure_data
                0x0000000020002128       0x60 /usr/local/gcc-arm-none-eabi-5_4-2016q3/bin/../lib/gcc/arm-none-eabi/5.4.1/../../../../arm-none-eabi/lib/armv7e-m/fpu/libc_nano.a(lib_a-impure.o)
 .data._impure_ptr
                0x0000000020002188        0x4 /usr/local/gcc-arm-none-eabi-5_4-2016q3/bin/../lib/gcc/arm-none-eabi/5.4.1/../../../../arm-none-eabi/lib/armv7e-m/fpu/libc_nano.a(lib_a-impure.o)
                0x0000000020002188                _impure_ptr
 .data.m_uart   0x000000002000218c        0x8 _build/nrf52832_xxaa_nrf_log_backend_serial.c.o
 .data.m_overflow_info
                0x0000000020002194        0x4 _build/nrf52832_xxaa_nrf_log_frontend.c.o
 .data.SystemCoreClock
                0x0000000020002198        0x4 _build/nrf52832_xxaa_system_nrf52.c.o
                0x0000000020002198                SystemCoreClock
 .data.__fdlib_version
                0x000000002000219c        0x1 /usr/local/gcc-arm-none-eabi-5_4-2016q3/bin/../lib/gcc/arm-none-eabi/5.4.1/../../../../arm-none-eabi/lib/armv7e-m/fpu/libm.a(lib_a-s_lib_ver.o)
                0x000000002000219c                __fdlib_version
                0x00000000200021a0                . = ALIGN (0x4)
 *fill*         0x000000002000219d        0x3 
                0x00000000200021a0                PROVIDE (__preinit_array_start, .)
 *(.preinit_array)
                0x00000000200021a0                PROVIDE (__preinit_array_end, .)
                0x00000000200021a0                . = ALIGN (0x4)
                0x00000000200021a0                PROVIDE (__init_array_start, .)
 *(SORT(.init_array.*))
 *(.init_array)
 .init_array    0x00000000200021a0        0x4 /usr/local/gcc-arm-none-eabi-5_4-2016q3/bin/../lib/gcc/arm-none-eabi/5.4.1/armv7e-m/fpu/crtbegin.o
                0x00000000200021a4                PROVIDE (__init_array_end, .)
                0x00000000200021a4                . = ALIGN (0x4)
                [!provide]                        PROVIDE (__fini_array_start, .)
 *(SORT(.fini_array.*))
 *(.fini_array)
 .fini_array    0x00000000200021a4        0x4 /usr/local/gcc-arm-none-eabi-5_4-2016q3/bin/../lib/gcc/arm-none-eabi/5.4.1/armv7e-m/fpu/crtbegin.o
                [!provide]                        PROVIDE (__fini_array_end, .)
 *(.jcr*)
 .jcr           0x00000000200021a8        0x0 /usr/local/gcc-arm-none-eabi-5_4-2016q3/bin/../lib/gcc/arm-none-eabi/5.4.1/armv7e-m/fpu/crtbegin.o
 .jcr           0x00000000200021a8        0x4 /usr/local/gcc-arm-none-eabi-5_4-2016q3/bin/../lib/gcc/arm-none-eabi/5.4.1/armv7e-m/fpu/crtend.o
                0x00000000200021ac                . = ALIGN (0x4)
                0x00000000200021ac                __data_end__ = .
LOAD /usr/local/gcc-arm-none-eabi-5_4-2016q3/bin/../lib/gcc/arm-none-eabi/5.4.1/armv7e-m/fpu/crti.o
LOAD /usr/local/gcc-arm-none-eabi-5_4-2016q3/bin/../lib/gcc/arm-none-eabi/5.4.1/armv7e-m/fpu/crtbegin.o
LOAD /usr/local/gcc-arm-none-eabi-5_4-2016q3/bin/../lib/gcc/arm-none-eabi/5.4.1/../../../../arm-none-eabi/lib/armv7e-m/fpu/crt0.o
LOAD /usr/local/gcc-arm-none-eabi-5_4-2016q3/bin/../lib/gcc/arm-none-eabi/5.4.1/../../../../arm-none-eabi/lib/armv7e-m/fpu/libc_nano.a
LOAD /usr/local/gcc-arm-none-eabi-5_4-2016q3/bin/../lib/gcc/arm-none-eabi/5.4.1/../../../../arm-none-eabi/lib/armv7e-m/fpu/libnosys.a
LOAD _build/nrf52832_xxaa_nrf_log_backend_serial.c.o
LOAD _build/nrf52832_xxaa_nrf_log_frontend.c.o
LOAD _build/nrf52832_xxaa_app_button.c.o
LOAD _build/nrf52832_xxaa_app_error.c.o
LOAD _build/nrf52832_xxaa_app_error_weak.c.o
LOAD _build/nrf52832_xxaa_app_fifo.c.o
LOAD _build/nrf52832_xxaa_app_timer.c.o
LOAD _build/nrf52832_xxaa_app_util_platform.c.o
LOAD _build/nrf52832_xxaa_crc16.c.o
LOAD _build/nrf52832_xxaa_fds.c.o
LOAD _build/nrf52832_xxaa_fstorage.c.o
LOAD _build/nrf52832_xxaa_hardfault_implementation.c.o
LOAD _build/nrf52832_xxaa_nrf_assert.c.o
LOAD _build/nrf52832_xxaa_sdk_mapped_flags.c.o
LOAD _build/nrf52832_xxaa_app_pwm.c.o
LOAD _build/nrf52832_xxaa_nrf_drv_clock.c.o
LOAD _build/nrf52832_xxaa_nrf_drv_common.c.o
LOAD _build/nrf52832_xxaa_nrf_drv_gpiote.c.o
LOAD _build/nrf52832_xxaa_nrf_drv_uart.c.o
LOAD _build/nrf52832_xxaa_nrf_drv_spi.c.o
LOAD _build/nrf52832_xxaa_bsp.c.o
LOAD _build/nrf52832_xxaa_bsp_btn_ble.c.o
LOAD _build/nrf52832_xxaa_main.c.o
LOAD _build/nrf52832_xxaa_RTT_Syscalls_GCC.c.o
LOAD _build/nrf52832_xxaa_SEGGER_RTT.c.o
LOAD _build/nrf52832_xxaa_SEGGER_RTT_printf.c.o
LOAD _build/nrf52832_xxaa_ble_advdata.c.o
LOAD _build/nrf52832_xxaa_ble_conn_params.c.o
LOAD _build/nrf52832_xxaa_ble_conn_state.c.o
LOAD _build/nrf52832_xxaa_ble_db_discovery.c.o
LOAD _build/nrf52832_xxaa_ble_srv_common.c.o
LOAD _build/nrf52832_xxaa_gatt_cache_manager.c.o
LOAD _build/nrf52832_xxaa_gatts_cache_manager.c.o
LOAD _build/nrf52832_xxaa_id_manager.c.o
LOAD _build/nrf52832_xxaa_peer_data.c.o
LOAD _build/nrf52832_xxaa_peer_data_storage.c.o
LOAD _build/nrf52832_xxaa_peer_database.c.o
LOAD _build/nrf52832_xxaa_peer_id.c.o
LOAD _build/nrf52832_xxaa_peer_manager.c.o
LOAD _build/nrf52832_xxaa_pm_buffer.c.o
LOAD _build/nrf52832_xxaa_pm_mutex.c.o
LOAD _build/nrf52832_xxaa_security_dispatcher.c.o
LOAD _build/nrf52832_xxaa_security_manager.c.o
LOAD _build/nrf52832_xxaa_gcc_startup_nrf52.S.o
LOAD _build/nrf52832_xxaa_system_nrf52.c.o
LOAD _build/nrf52832_xxaa_ble_bas_c.c.o
LOAD _build/nrf52832_xxaa_ble_hrs_c.c.o
LOAD _build/nrf52832_xxaa_softdevice_handler.c.o
LOAD /usr/local/gcc-arm-none-eabi-5_4-2016q3/bin/../lib/gcc/arm-none-eabi/5.4.1/../../../../arm-none-eabi/lib/armv7e-m/fpu/libm.a
START GROUP
LOAD /usr/local/gcc-arm-none-eabi-5_4-2016q3/bin/../lib/gcc/arm-none-eabi/5.4.1/armv7e-m/fpu/libgcc.a
LOAD /usr/local/gcc-arm-none-eabi-5_4-2016q3/bin/../lib/gcc/arm-none-eabi/5.4.1/../../../../arm-none-eabi/lib/armv7e-m/fpu/libc_nano.a
END GROUP
START GROUP
LOAD /usr/local/gcc-arm-none-eabi-5_4-2016q3/bin/../lib/gcc/arm-none-eabi/5.4.1/armv7e-m/fpu/libgcc.a
LOAD /usr/local/gcc-arm-none-eabi-5_4-2016q3/bin/../lib/gcc/arm-none-eabi/5.4.1/../../../../arm-none-eabi/lib/armv7e-m/fpu/libc_nano.a
END GROUP
LOAD /usr/local/gcc-arm-none-eabi-5_4-2016q3/bin/../lib/gcc/arm-none-eabi/5.4.1/armv7e-m/fpu/crtend.o
LOAD /usr/local/gcc-arm-none-eabi-5_4-2016q3/bin/../lib/gcc/arm-none-eabi/5.4.1/armv7e-m/fpu/crtn.o
START GROUP
LOAD /usr/local/gcc-arm-none-eabi-5_4-2016q3/bin/../lib/gcc/arm-none-eabi/5.4.1/armv7e-m/fpu/libgcc.a
LOAD /usr/local/gcc-arm-none-eabi-5_4-2016q3/bin/../lib/gcc/arm-none-eabi/5.4.1/../../../../arm-none-eabi/lib/armv7e-m/fpu/libc.a
LOAD /usr/local/gcc-arm-none-eabi-5_4-2016q3/bin/../lib/gcc/arm-none-eabi/5.4.1/../../../../arm-none-eabi/lib/armv7e-m/fpu/libnosys.a
END GROUP

.igot.plt       0x00000000200021ac        0x0 load address 0x000000000002974c
 .igot.plt      0x00000000200021ac        0x0 /usr/local/gcc-arm-none-eabi-5_4-2016q3/bin/../lib/gcc/arm-none-eabi/5.4.1/armv7e-m/fpu/crtbegin.o

.fs_data        0x00000000200021ac       0x10 load address 0x000000000002974c
                0x00000000200021ac                PROVIDE (__start_fs_data, .)
 *(.fs_data)
 .fs_data       0x00000000200021ac       0x10 _build/nrf52832_xxaa_fds.c.o
                0x00000000200021bc                PROVIDE (__stop_fs_data, .)

.bss            0x00000000200021bc      0x9a4 load address 0x000000000002975c
                0x00000000200021bc                . = ALIGN (0x4)
                0x00000000200021bc                __bss_start__ = .
 *(.bss*)
 .bss           0x00000000200021bc       0x1c /usr/local/gcc-arm-none-eabi-5_4-2016q3/bin/../lib/gcc/arm-none-eabi/5.4.1/armv7e-m/fpu/crtbegin.o
 .bss.m_uart_buffer
                0x00000000200021d8      0x100 _build/nrf52832_xxaa_nrf_log_backend_serial.c.o
 .bss.m_initialized
                0x00000000200022d8        0x1 _build/nrf52832_xxaa_nrf_log_backend_serial.c.o
 .bss.m_blocking_mode
                0x00000000200022d9        0x1 _build/nrf52832_xxaa_nrf_log_backend_serial.c.o
 .bss.m_rx_done
                0x00000000200022da        0x1 _build/nrf52832_xxaa_nrf_log_backend_serial.c.o
 *fill*         0x00000000200022db        0x1 
 .bss.m_log_data
                0x00000000200022dc      0x418 _build/nrf52832_xxaa_nrf_log_frontend.c.o
 .bss.mp_buttons
                0x00000000200026f4        0x4 _build/nrf52832_xxaa_app_button.c.o
 .bss.m_button_count
                0x00000000200026f8        0x1 _build/nrf52832_xxaa_app_button.c.o
 *fill*         0x00000000200026f9        0x3 
 .bss.m_detection_delay
                0x00000000200026fc        0x4 _build/nrf52832_xxaa_app_button.c.o
 .bss.m_detection_delay_timer_id_data
                0x0000000020002700       0x20 _build/nrf52832_xxaa_app_button.c.o
 .bss.m_pin_state
                0x0000000020002720        0x4 _build/nrf52832_xxaa_app_button.c.o
 .bss.m_pin_transition
                0x0000000020002724        0x4 _build/nrf52832_xxaa_app_button.c.o
 .bss.m_op_queue
                0x0000000020002728        0x8 _build/nrf52832_xxaa_app_timer.c.o
 .bss.mp_timer_id_head
                0x0000000020002730        0x4 _build/nrf52832_xxaa_app_timer.c.o
 .bss.m_ticks_latest
                0x0000000020002734        0x4 _build/nrf52832_xxaa_app_timer.c.o
 .bss.m_ticks_elapsed
                0x0000000020002738        0x8 _build/nrf52832_xxaa_app_timer.c.o
 .bss.m_ticks_elapsed_q_read_ind
                0x0000000020002740        0x1 _build/nrf52832_xxaa_app_timer.c.o
 .bss.m_ticks_elapsed_q_write_ind
                0x0000000020002741        0x1 _build/nrf52832_xxaa_app_timer.c.o
 *fill*         0x0000000020002742        0x2 
 .bss.m_evt_schedule_func
                0x0000000020002744        0x4 _build/nrf52832_xxaa_app_timer.c.o
 .bss.m_rtc1_running
                0x0000000020002748        0x1 _build/nrf52832_xxaa_app_timer.c.o
 .bss.m_rtc1_reset
                0x0000000020002749        0x1 _build/nrf52832_xxaa_app_timer.c.o
 .bss.m_flags   0x000000002000274a        0x1 _build/nrf52832_xxaa_fds.c.o
 *fill*         0x000000002000274b        0x1 
 .bss.m_cb_table
                0x000000002000274c       0x20 _build/nrf52832_xxaa_fds.c.o
 .bss.m_op_queue
                0x000000002000276c       0x78 _build/nrf52832_xxaa_fds.c.o
 .bss.m_chunk_queue
                0x00000000200027e4       0x48 _build/nrf52832_xxaa_fds.c.o
 .bss.m_pages   0x000000002000282c       0x20 _build/nrf52832_xxaa_fds.c.o
 .bss.m_swap_page
                0x000000002000284c        0x8 _build/nrf52832_xxaa_fds.c.o
 .bss.m_gc      0x0000000020002854       0x10 _build/nrf52832_xxaa_fds.c.o
 .bss.tok.6675  0x0000000020002864        0x8 _build/nrf52832_xxaa_fds.c.o
 .bss.desc.6769
                0x000000002000286c        0xc _build/nrf52832_xxaa_fds.c.o
 .bss.m_flags   0x0000000020002878        0x1 _build/nrf52832_xxaa_fstorage.c.o
 *fill*         0x0000000020002879        0x3 
 .bss.m_queue   0x000000002000287c       0x68 _build/nrf52832_xxaa_fstorage.c.o
 .bss.m_retry_count
                0x00000000200028e4        0x1 _build/nrf52832_xxaa_fstorage.c.o
 *fill*         0x00000000200028e5        0x3 
 .bss.m_clock_cb
                0x00000000200028e8       0x14 _build/nrf52832_xxaa_nrf_drv_clock.c.o
 .bss.m_cb      0x00000000200028fc       0x58 _build/nrf52832_xxaa_nrf_drv_gpiote.c.o
 .bss.m_cb      0x0000000020002954       0x20 _build/nrf52832_xxaa_nrf_drv_uart.c.o
 .bss.m_cb      0x0000000020002974       0x20 _build/nrf52832_xxaa_nrf_drv_spi.c.o
 .bss.m_stable_state
                0x0000000020002994        0x1 _build/nrf52832_xxaa_bsp.c.o
 *fill*         0x0000000020002995        0x3 
 .bss.m_app_ticks_per_100ms
                0x0000000020002998        0x4 _build/nrf52832_xxaa_bsp.c.o
 .bss.m_indication_type
                0x000000002000299c        0x4 _build/nrf52832_xxaa_bsp.c.o
 .bss.m_alert_mask
                0x00000000200029a0        0x4 _build/nrf52832_xxaa_bsp.c.o
 .bss.m_leds_timer_id_data
                0x00000000200029a4       0x20 _build/nrf52832_xxaa_bsp.c.o
 .bss.m_alert_timer_id_data
                0x00000000200029c4       0x20 _build/nrf52832_xxaa_bsp.c.o
 .bss.m_registered_callback
                0x00000000200029e4        0x4 _build/nrf52832_xxaa_bsp.c.o
 .bss.m_events_list
                0x00000000200029e8        0xc _build/nrf52832_xxaa_bsp.c.o
 .bss.m_button_timer_id_data
                0x00000000200029f4       0x20 _build/nrf52832_xxaa_bsp.c.o
 .bss.current_long_push_pin_no.7005
                0x0000000020002a14        0x1 _build/nrf52832_xxaa_bsp.c.o
 *fill*         0x0000000020002a15        0x3 
 .bss.release_event_at_push.7006
                0x0000000020002a18        0x4 _build/nrf52832_xxaa_bsp.c.o
 .bss.m_error_handler
                0x0000000020002a1c        0x4 _build/nrf52832_xxaa_bsp_btn_ble.c.o
 .bss.m_num_connections
                0x0000000020002a20        0x4 _build/nrf52832_xxaa_bsp_btn_ble.c.o
 .bss.m_memory_access_in_progress
                0x0000000020002a24        0x1 _build/nrf52832_xxaa_main.c.o
 *fill*         0x0000000020002a25        0x3 
 .bss.m_scan_param
                0x0000000020002a28        0x8 _build/nrf52832_xxaa_main.c.o
 .bss.attempts  0x0000000020002a30        0x1 _build/nrf52832_xxaa_main.c.o
 .bss.turned_on
                0x0000000020002a31        0x1 _build/nrf52832_xxaa_main.c.o
 *fill*         0x0000000020002a32        0x2 
 .bss.delay     0x0000000020002a34       0x28 _build/nrf52832_xxaa_main.c.o
 .bss.delay_avg
                0x0000000020002a5c       0x28 _build/nrf52832_xxaa_main.c.o
 .bss.actual_delay
                0x0000000020002a84        0x4 _build/nrf52832_xxaa_main.c.o
 .bss.spi_xfer_done
                0x0000000020002a88        0x1 _build/nrf52832_xxaa_main.c.o
 *fill*         0x0000000020002a89        0x3 
 .bss.m_rx_buf  0x0000000020002a8c        0x8 _build/nrf52832_xxaa_main.c.o
 .bss.BLE_EVT_BUFFER.10077
                0x0000000020002a94       0x50 _build/nrf52832_xxaa_main.c.o
 .bss.APP_TIMER_BUF.10109
                0x0000000020002ae4       0x48 _build/nrf52832_xxaa_main.c.o
 .bss.m_evt_schedule_func
                0x0000000020002b2c        0x4 _build/nrf52832_xxaa_softdevice_handler.c.o
 .bss.m_softdevice_enabled
                0x0000000020002b30        0x1 _build/nrf52832_xxaa_softdevice_handler.c.o
 .bss.m_suspended
                0x0000000020002b31        0x1 _build/nrf52832_xxaa_softdevice_handler.c.o
 *fill*         0x0000000020002b32        0x2 
 .bss.mp_ble_evt_buffer
                0x0000000020002b34        0x4 _build/nrf52832_xxaa_softdevice_handler.c.o
 .bss.m_ble_evt_buffer_size
                0x0000000020002b38        0x2 _build/nrf52832_xxaa_softdevice_handler.c.o
 *fill*         0x0000000020002b3a        0x2 
 .bss.m_ble_evt_handler
                0x0000000020002b3c        0x4 _build/nrf52832_xxaa_softdevice_handler.c.o
 .bss.m_sys_evt_handler
                0x0000000020002b40        0x4 _build/nrf52832_xxaa_softdevice_handler.c.o
 .bss.__malloc_sbrk_start
                0x0000000020002b44        0x4 /usr/local/gcc-arm-none-eabi-5_4-2016q3/bin/../lib/gcc/arm-none-eabi/5.4.1/../../../../arm-none-eabi/lib/armv7e-m/fpu/libc_nano.a(lib_a-nano-mallocr.o)
                0x0000000020002b44                __malloc_sbrk_start
 .bss.__malloc_free_list
                0x0000000020002b48        0x4 /usr/local/gcc-arm-none-eabi-5_4-2016q3/bin/../lib/gcc/arm-none-eabi/5.4.1/../../../../arm-none-eabi/lib/armv7e-m/fpu/libc_nano.a(lib_a-nano-mallocr.o)
                0x0000000020002b48                __malloc_free_list
 .bss.heap_end.4169
                0x0000000020002b4c        0x4 /usr/local/gcc-arm-none-eabi-5_4-2016q3/bin/../lib/gcc/arm-none-eabi/5.4.1/../../../../arm-none-eabi/lib/armv7e-m/fpu/libnosys.a(sbrk.o)
 *(COMMON)
 COMMON         0x0000000020002b50        0xc _build/nrf52832_xxaa_app_util_platform.c.o
                0x0000000020002b50                nrf_nvic_state
 COMMON         0x0000000020002b5c        0x4 /usr/local/gcc-arm-none-eabi-5_4-2016q3/bin/../lib/gcc/arm-none-eabi/5.4.1/../../../../arm-none-eabi/lib/armv7e-m/fpu/libc_nano.a(lib_a-reent.o)
                0x0000000020002b5c                errno
                0x0000000020002b60                . = ALIGN (0x4)
                0x0000000020002b60                __bss_end__ = .

.heap           0x0000000020002b60        0x0
                0x0000000020002b60                __HeapBase = .
                0x0000000020002b60                __end__ = .
                0x0000000020002b60                PROVIDE (end, .)
 *(.heap*)
 .heap          0x0000000020002b60        0x0 _build/nrf52832_xxaa_gcc_startup_nrf52.S.o
                0x0000000020002b60                __HeapLimit = .

.stack_dummy    0x0000000020002b60     0x2000
 *(.stack*)
 .stack         0x0000000020002b60     0x2000 _build/nrf52832_xxaa_gcc_startup_nrf52.S.o
                0x0000000020010000                __StackTop = (ORIGIN (RAM) + LENGTH (RAM))
                0x000000002000e000                __StackLimit = (__StackTop - SIZEOF (.stack_dummy))
                0x0000000020010000                PROVIDE (__stack, __StackTop)
                0x0000000000000001                ASSERT ((__StackLimit >= __HeapLimit), region RAM overflowed with stack)
OUTPUT(_build/nrf52832_xxaa.out elf32-littlearm)

.ARM.attributes
                0x0000000000000000       0x30
 .ARM.attributes
                0x0000000000000000       0x22 /usr/local/gcc-arm-none-eabi-5_4-2016q3/bin/../lib/gcc/arm-none-eabi/5.4.1/armv7e-m/fpu/crti.o
 .ARM.attributes
                0x0000000000000022       0x34 /usr/local/gcc-arm-none-eabi-5_4-2016q3/bin/../lib/gcc/arm-none-eabi/5.4.1/armv7e-m/fpu/crtbegin.o
 .ARM.attributes
                0x0000000000000056       0x20 /usr/local/gcc-arm-none-eabi-5_4-2016q3/bin/../lib/gcc/arm-none-eabi/5.4.1/../../../../arm-none-eabi/lib/armv7e-m/fpu/crt0.o
 .ARM.attributes
                0x0000000000000076       0x34 /usr/local/gcc-arm-none-eabi-5_4-2016q3/bin/../lib/gcc/arm-none-eabi/5.4.1/../../../../arm-none-eabi/lib/armv7e-m/fpu/libc_nano.a(lib_a-exit.o)
 .ARM.attributes
                0x00000000000000aa       0x34 /usr/local/gcc-arm-none-eabi-5_4-2016q3/bin/../lib/gcc/arm-none-eabi/5.4.1/../../../../arm-none-eabi/lib/armv7e-m/fpu/libc_nano.a(lib_a-impure.o)
 .ARM.attributes
                0x00000000000000de       0x34 /usr/local/gcc-arm-none-eabi-5_4-2016q3/bin/../lib/gcc/arm-none-eabi/5.4.1/../../../../arm-none-eabi/lib/armv7e-m/fpu/libc_nano.a(lib_a-init.o)
 .ARM.attributes
                0x0000000000000112       0x34 /usr/local/gcc-arm-none-eabi-5_4-2016q3/bin/../lib/gcc/arm-none-eabi/5.4.1/../../../../arm-none-eabi/lib/armv7e-m/fpu/libc_nano.a(lib_a-memset.o)
 .ARM.attributes
                0x0000000000000146       0x34 /usr/local/gcc-arm-none-eabi-5_4-2016q3/bin/../lib/gcc/arm-none-eabi/5.4.1/../../../../arm-none-eabi/lib/armv7e-m/fpu/libnosys.a(_exit.o)
 .ARM.attributes
                0x000000000000017a       0x39 _build/nrf52832_xxaa_nrf_log_backend_serial.c.o
 .ARM.attributes
                0x00000000000001b3       0x39 _build/nrf52832_xxaa_nrf_log_frontend.c.o
 .ARM.attributes
                0x00000000000001ec       0x39 _build/nrf52832_xxaa_app_button.c.o
 .ARM.attributes
                0x0000000000000225       0x39 _build/nrf52832_xxaa_app_error.c.o
 .ARM.attributes
                0x000000000000025e       0x39 _build/nrf52832_xxaa_app_error_weak.c.o
 .ARM.attributes
                0x0000000000000297       0x39 _build/nrf52832_xxaa_app_timer.c.o
 .ARM.attributes
                0x00000000000002d0       0x39 _build/nrf52832_xxaa_app_util_platform.c.o
 .ARM.attributes
                0x0000000000000309       0x39 _build/nrf52832_xxaa_fds.c.o
 .ARM.attributes
                0x0000000000000342       0x39 _build/nrf52832_xxaa_fstorage.c.o
 .ARM.attributes
                0x000000000000037b       0x39 _build/nrf52832_xxaa_nrf_drv_clock.c.o
 .ARM.attributes
                0x00000000000003b4       0x39 _build/nrf52832_xxaa_nrf_drv_common.c.o
 .ARM.attributes
                0x00000000000003ed       0x39 _build/nrf52832_xxaa_nrf_drv_gpiote.c.o
 .ARM.attributes
                0x0000000000000426       0x39 _build/nrf52832_xxaa_nrf_drv_uart.c.o
 .ARM.attributes
                0x000000000000045f       0x39 _build/nrf52832_xxaa_nrf_drv_spi.c.o
 .ARM.attributes
                0x0000000000000498       0x39 _build/nrf52832_xxaa_bsp.c.o
 .ARM.attributes
                0x00000000000004d1       0x39 _build/nrf52832_xxaa_bsp_btn_ble.c.o
 .ARM.attributes
                0x000000000000050a       0x39 _build/nrf52832_xxaa_main.c.o
 .ARM.attributes
                0x0000000000000543       0x1c _build/nrf52832_xxaa_gcc_startup_nrf52.S.o
 .ARM.attributes
                0x000000000000055f       0x39 _build/nrf52832_xxaa_system_nrf52.c.o
 .ARM.attributes
                0x0000000000000598       0x39 _build/nrf52832_xxaa_softdevice_handler.c.o
 .ARM.attributes
                0x00000000000005d1       0x34 /usr/local/gcc-arm-none-eabi-5_4-2016q3/bin/../lib/gcc/arm-none-eabi/5.4.1/../../../../arm-none-eabi/lib/armv7e-m/fpu/libm.a(lib_a-w_pow.o)
 .ARM.attributes
                0x0000000000000605       0x34 /usr/local/gcc-arm-none-eabi-5_4-2016q3/bin/../lib/gcc/arm-none-eabi/5.4.1/../../../../arm-none-eabi/lib/armv7e-m/fpu/libm.a(lib_a-e_pow.o)
 .ARM.attributes
                0x0000000000000639       0x34 /usr/local/gcc-arm-none-eabi-5_4-2016q3/bin/../lib/gcc/arm-none-eabi/5.4.1/../../../../arm-none-eabi/lib/armv7e-m/fpu/libm.a(lib_a-e_sqrt.o)
 .ARM.attributes
                0x000000000000066d       0x34 /usr/local/gcc-arm-none-eabi-5_4-2016q3/bin/../lib/gcc/arm-none-eabi/5.4.1/../../../../arm-none-eabi/lib/armv7e-m/fpu/libm.a(lib_a-s_fabs.o)
 .ARM.attributes
                0x00000000000006a1       0x34 /usr/local/gcc-arm-none-eabi-5_4-2016q3/bin/../lib/gcc/arm-none-eabi/5.4.1/../../../../arm-none-eabi/lib/armv7e-m/fpu/libm.a(lib_a-s_finite.o)
 .ARM.attributes
                0x00000000000006d5       0x34 /usr/local/gcc-arm-none-eabi-5_4-2016q3/bin/../lib/gcc/arm-none-eabi/5.4.1/../../../../arm-none-eabi/lib/armv7e-m/fpu/libm.a(lib_a-s_lib_ver.o)
 .ARM.attributes
                0x0000000000000709       0x34 /usr/local/gcc-arm-none-eabi-5_4-2016q3/bin/../lib/gcc/arm-none-eabi/5.4.1/../../../../arm-none-eabi/lib/armv7e-m/fpu/libm.a(lib_a-s_matherr.o)
 .ARM.attributes
                0x000000000000073d       0x34 /usr/local/gcc-arm-none-eabi-5_4-2016q3/bin/../lib/gcc/arm-none-eabi/5.4.1/../../../../arm-none-eabi/lib/armv7e-m/fpu/libm.a(lib_a-s_nan.o)
 .ARM.attributes
                0x0000000000000771       0x34 /usr/local/gcc-arm-none-eabi-5_4-2016q3/bin/../lib/gcc/arm-none-eabi/5.4.1/../../../../arm-none-eabi/lib/armv7e-m/fpu/libm.a(lib_a-s_rint.o)
 .ARM.attributes
                0x00000000000007a5       0x34 /usr/local/gcc-arm-none-eabi-5_4-2016q3/bin/../lib/gcc/arm-none-eabi/5.4.1/../../../../arm-none-eabi/lib/armv7e-m/fpu/libm.a(lib_a-s_scalbn.o)
 .ARM.attributes
                0x00000000000007d9       0x34 /usr/local/gcc-arm-none-eabi-5_4-2016q3/bin/../lib/gcc/arm-none-eabi/5.4.1/../../../../arm-none-eabi/lib/armv7e-m/fpu/libm.a(lib_a-s_copysign.o)
 .ARM.attributes
                0x000000000000080d       0x22 /usr/local/gcc-arm-none-eabi-5_4-2016q3/bin/../lib/gcc/arm-none-eabi/5.4.1/armv7e-m/fpu/libgcc.a(_arm_addsubdf3.o)
 .ARM.attributes
                0x000000000000082f       0x22 /usr/local/gcc-arm-none-eabi-5_4-2016q3/bin/../lib/gcc/arm-none-eabi/5.4.1/armv7e-m/fpu/libgcc.a(_arm_muldivdf3.o)
 .ARM.attributes
                0x0000000000000851       0x22 /usr/local/gcc-arm-none-eabi-5_4-2016q3/bin/../lib/gcc/arm-none-eabi/5.4.1/armv7e-m/fpu/libgcc.a(_arm_cmpdf2.o)
 .ARM.attributes
                0x0000000000000873       0x22 /usr/local/gcc-arm-none-eabi-5_4-2016q3/bin/../lib/gcc/arm-none-eabi/5.4.1/armv7e-m/fpu/libgcc.a(_arm_unorddf2.o)
 .ARM.attributes
                0x0000000000000895       0x22 /usr/local/gcc-arm-none-eabi-5_4-2016q3/bin/../lib/gcc/arm-none-eabi/5.4.1/armv7e-m/fpu/libgcc.a(_arm_fixunsdfsi.o)
 .ARM.attributes
                0x00000000000008b7       0x34 /usr/local/gcc-arm-none-eabi-5_4-2016q3/bin/../lib/gcc/arm-none-eabi/5.4.1/../../../../arm-none-eabi/lib/armv7e-m/fpu/libc_nano.a(lib_a-errno.o)
 .ARM.attributes
                0x00000000000008eb       0x34 /usr/local/gcc-arm-none-eabi-5_4-2016q3/bin/../lib/gcc/arm-none-eabi/5.4.1/../../../../arm-none-eabi/lib/armv7e-m/fpu/libc_nano.a(lib_a-memcpy-stub.o)
 .ARM.attributes
                0x000000000000091f       0x34 /usr/local/gcc-arm-none-eabi-5_4-2016q3/bin/../lib/gcc/arm-none-eabi/5.4.1/../../../../arm-none-eabi/lib/armv7e-m/fpu/libc_nano.a(lib_a-sprintf.o)
 .ARM.attributes
                0x0000000000000953       0x1b /usr/local/gcc-arm-none-eabi-5_4-2016q3/bin/../lib/gcc/arm-none-eabi/5.4.1/../../../../arm-none-eabi/lib/armv7e-m/fpu/libc_nano.a(lib_a-strlen.o)
 .ARM.attributes
                0x000000000000096e       0x34 /usr/local/gcc-arm-none-eabi-5_4-2016q3/bin/../lib/gcc/arm-none-eabi/5.4.1/../../../../arm-none-eabi/lib/armv7e-m/fpu/libc_nano.a(lib_a-nano-svfprintf.o)
 .ARM.attributes
                0x00000000000009a2       0x34 /usr/local/gcc-arm-none-eabi-5_4-2016q3/bin/../lib/gcc/arm-none-eabi/5.4.1/../../../../arm-none-eabi/lib/armv7e-m/fpu/libc_nano.a(lib_a-nano-vfprintf_i.o)
 .ARM.attributes
                0x00000000000009d6       0x20 /usr/local/gcc-arm-none-eabi-5_4-2016q3/bin/../lib/gcc/arm-none-eabi/5.4.1/../../../../arm-none-eabi/lib/armv7e-m/fpu/libc_nano.a(lib_a-memchr.o)
 .ARM.attributes
                0x00000000000009f6       0x34 /usr/local/gcc-arm-none-eabi-5_4-2016q3/bin/../lib/gcc/arm-none-eabi/5.4.1/../../../../arm-none-eabi/lib/armv7e-m/fpu/libc_nano.a(lib_a-memmove.o)
 .ARM.attributes
                0x0000000000000a2a       0x34 /usr/local/gcc-arm-none-eabi-5_4-2016q3/bin/../lib/gcc/arm-none-eabi/5.4.1/../../../../arm-none-eabi/lib/armv7e-m/fpu/libc_nano.a(lib_a-nano-freer.o)
 .ARM.attributes
                0x0000000000000a5e       0x34 /usr/local/gcc-arm-none-eabi-5_4-2016q3/bin/../lib/gcc/arm-none-eabi/5.4.1/../../../../arm-none-eabi/lib/armv7e-m/fpu/libc_nano.a(lib_a-nano-mallocr.o)
 .ARM.attributes
                0x0000000000000a92       0x34 /usr/local/gcc-arm-none-eabi-5_4-2016q3/bin/../lib/gcc/arm-none-eabi/5.4.1/../../../../arm-none-eabi/lib/armv7e-m/fpu/libc_nano.a(lib_a-nano-reallocr.o)
 .ARM.attributes
                0x0000000000000ac6       0x34 /usr/local/gcc-arm-none-eabi-5_4-2016q3/bin/../lib/gcc/arm-none-eabi/5.4.1/../../../../arm-none-eabi/lib/armv7e-m/fpu/libc_nano.a(lib_a-sbrkr.o)
 .ARM.attributes
                0x0000000000000afa       0x34 /usr/local/gcc-arm-none-eabi-5_4-2016q3/bin/../lib/gcc/arm-none-eabi/5.4.1/../../../../arm-none-eabi/lib/armv7e-m/fpu/libc_nano.a(lib_a-mlock.o)
 .ARM.attributes
                0x0000000000000b2e       0x34 /usr/local/gcc-arm-none-eabi-5_4-2016q3/bin/../lib/gcc/arm-none-eabi/5.4.1/../../../../arm-none-eabi/lib/armv7e-m/fpu/libc_nano.a(lib_a-nano-msizer.o)
 .ARM.attributes
                0x0000000000000b62       0x34 /usr/local/gcc-arm-none-eabi-5_4-2016q3/bin/../lib/gcc/arm-none-eabi/5.4.1/../../../../arm-none-eabi/lib/armv7e-m/fpu/libc_nano.a(lib_a-reent.o)
 .ARM.attributes
                0x0000000000000b96       0x34 /usr/local/gcc-arm-none-eabi-5_4-2016q3/bin/../lib/gcc/arm-none-eabi/5.4.1/armv7e-m/fpu/crtend.o
 .ARM.attributes
                0x0000000000000bca       0x22 /usr/local/gcc-arm-none-eabi-5_4-2016q3/bin/../lib/gcc/arm-none-eabi/5.4.1/armv7e-m/fpu/crtn.o
 .ARM.attributes
                0x0000000000000bec       0x34 /usr/local/gcc-arm-none-eabi-5_4-2016q3/bin/../lib/gcc/arm-none-eabi/5.4.1/../../../../arm-none-eabi/lib/armv7e-m/fpu/libnosys.a(sbrk.o)

.comment        0x0000000000000000       0x6e
 .comment       0x0000000000000000       0x6e _build/nrf52832_xxaa_nrf_log_backend_serial.c.o
                                         0x6f (size before relaxing)
 .comment       0x000000000000006e       0x6f _build/nrf52832_xxaa_nrf_log_frontend.c.o
 .comment       0x000000000000006e       0x6f _build/nrf52832_xxaa_app_button.c.o
 .comment       0x000000000000006e       0x6f _build/nrf52832_xxaa_app_error.c.o
 .comment       0x000000000000006e       0x6f _build/nrf52832_xxaa_app_error_weak.c.o
 .comment       0x000000000000006e       0x6f _build/nrf52832_xxaa_app_timer.c.o
 .comment       0x000000000000006e       0x6f _build/nrf52832_xxaa_app_util_platform.c.o
 .comment       0x000000000000006e       0x6f _build/nrf52832_xxaa_fds.c.o
 .comment       0x000000000000006e       0x6f _build/nrf52832_xxaa_fstorage.c.o
 .comment       0x000000000000006e       0x6f _build/nrf52832_xxaa_nrf_drv_clock.c.o
 .comment       0x000000000000006e       0x6f _build/nrf52832_xxaa_nrf_drv_common.c.o
 .comment       0x000000000000006e       0x6f _build/nrf52832_xxaa_nrf_drv_gpiote.c.o
 .comment       0x000000000000006e       0x6f _build/nrf52832_xxaa_nrf_drv_uart.c.o
 .comment       0x000000000000006e       0x6f _build/nrf52832_xxaa_nrf_drv_spi.c.o
 .comment       0x000000000000006e       0x6f _build/nrf52832_xxaa_bsp.c.o
 .comment       0x000000000000006e       0x6f _build/nrf52832_xxaa_bsp_btn_ble.c.o
 .comment       0x000000000000006e       0x6f _build/nrf52832_xxaa_main.c.o
 .comment       0x000000000000006e       0x6f _build/nrf52832_xxaa_system_nrf52.c.o
 .comment       0x000000000000006e       0x6f _build/nrf52832_xxaa_softdevice_handler.c.o

.debug_frame    0x0000000000000000     0x844c
 .debug_frame   0x0000000000000000       0x28 /usr/local/gcc-arm-none-eabi-5_4-2016q3/bin/../lib/gcc/arm-none-eabi/5.4.1/../../../../arm-none-eabi/lib/armv7e-m/fpu/libc_nano.a(lib_a-exit.o)
 .debug_frame   0x0000000000000028       0x2c /usr/local/gcc-arm-none-eabi-5_4-2016q3/bin/../lib/gcc/arm-none-eabi/5.4.1/../../../../arm-none-eabi/lib/armv7e-m/fpu/libc_nano.a(lib_a-init.o)
 .debug_frame   0x0000000000000054       0x20 /usr/local/gcc-arm-none-eabi-5_4-2016q3/bin/../lib/gcc/arm-none-eabi/5.4.1/../../../../arm-none-eabi/lib/armv7e-m/fpu/libc_nano.a(lib_a-memset.o)
 .debug_frame   0x0000000000000074       0x20 /usr/local/gcc-arm-none-eabi-5_4-2016q3/bin/../lib/gcc/arm-none-eabi/5.4.1/../../../../arm-none-eabi/lib/armv7e-m/fpu/libnosys.a(_exit.o)
 .debug_frame   0x0000000000000094      0x4bc _build/nrf52832_xxaa_nrf_log_backend_serial.c.o
 .debug_frame   0x0000000000000550      0x534 _build/nrf52832_xxaa_nrf_log_frontend.c.o
 .debug_frame   0x0000000000000a84       0xe8 _build/nrf52832_xxaa_app_button.c.o
 .debug_frame   0x0000000000000b6c      0x320 _build/nrf52832_xxaa_app_error.c.o
 .debug_frame   0x0000000000000e8c      0x2ec _build/nrf52832_xxaa_app_error_weak.c.o
 .debug_frame   0x0000000000001178      0x808 _build/nrf52832_xxaa_app_timer.c.o
 .debug_frame   0x0000000000001980      0x3c8 _build/nrf52832_xxaa_app_util_platform.c.o
 .debug_frame   0x0000000000001d48      0xadc _build/nrf52832_xxaa_fds.c.o
 .debug_frame   0x0000000000002824      0x510 _build/nrf52832_xxaa_fstorage.c.o
 .debug_frame   0x0000000000002d34      0xbe0 _build/nrf52832_xxaa_nrf_drv_clock.c.o
 .debug_frame   0x0000000000003914      0x34c _build/nrf52832_xxaa_nrf_drv_common.c.o
 .debug_frame   0x0000000000003c60      0xca4 _build/nrf52832_xxaa_nrf_drv_gpiote.c.o
 .debug_frame   0x0000000000004904      0xec8 _build/nrf52832_xxaa_nrf_drv_uart.c.o
 .debug_frame   0x00000000000057cc      0x890 _build/nrf52832_xxaa_nrf_drv_spi.c.o
 .debug_frame   0x000000000000605c      0x230 _build/nrf52832_xxaa_bsp.c.o
 .debug_frame   0x000000000000628c      0x578 _build/nrf52832_xxaa_bsp_btn_ble.c.o
 .debug_frame   0x0000000000006804      0xa0c _build/nrf52832_xxaa_main.c.o
 .debug_frame   0x0000000000007210      0x164 _build/nrf52832_xxaa_system_nrf52.c.o
 .debug_frame   0x0000000000007374      0xb68 _build/nrf52832_xxaa_softdevice_handler.c.o
 .debug_frame   0x0000000000007edc       0x6c /usr/local/gcc-arm-none-eabi-5_4-2016q3/bin/../lib/gcc/arm-none-eabi/5.4.1/../../../../arm-none-eabi/lib/armv7e-m/fpu/libm.a(lib_a-w_pow.o)
 .debug_frame   0x0000000000007f48       0x64 /usr/local/gcc-arm-none-eabi-5_4-2016q3/bin/../lib/gcc/arm-none-eabi/5.4.1/../../../../arm-none-eabi/lib/armv7e-m/fpu/libm.a(lib_a-e_pow.o)
 .debug_frame   0x0000000000007fac       0x30 /usr/local/gcc-arm-none-eabi-5_4-2016q3/bin/../lib/gcc/arm-none-eabi/5.4.1/../../../../arm-none-eabi/lib/armv7e-m/fpu/libm.a(lib_a-e_sqrt.o)
 .debug_frame   0x0000000000007fdc       0x20 /usr/local/gcc-arm-none-eabi-5_4-2016q3/bin/../lib/gcc/arm-none-eabi/5.4.1/../../../../arm-none-eabi/lib/armv7e-m/fpu/libm.a(lib_a-s_fabs.o)
 .debug_frame   0x0000000000007ffc       0x20 /usr/local/gcc-arm-none-eabi-5_4-2016q3/bin/../lib/gcc/arm-none-eabi/5.4.1/../../../../arm-none-eabi/lib/armv7e-m/fpu/libm.a(lib_a-s_finite.o)
 .debug_frame   0x000000000000801c       0x20 /usr/local/gcc-arm-none-eabi-5_4-2016q3/bin/../lib/gcc/arm-none-eabi/5.4.1/../../../../arm-none-eabi/lib/armv7e-m/fpu/libm.a(lib_a-s_matherr.o)
 .debug_frame   0x000000000000803c       0x20 /usr/local/gcc-arm-none-eabi-5_4-2016q3/bin/../lib/gcc/arm-none-eabi/5.4.1/../../../../arm-none-eabi/lib/armv7e-m/fpu/libm.a(lib_a-s_nan.o)
 .debug_frame   0x000000000000805c       0x3c /usr/local/gcc-arm-none-eabi-5_4-2016q3/bin/../lib/gcc/arm-none-eabi/5.4.1/../../../../arm-none-eabi/lib/armv7e-m/fpu/libm.a(lib_a-s_rint.o)
 .debug_frame   0x0000000000008098       0x2c /usr/local/gcc-arm-none-eabi-5_4-2016q3/bin/../lib/gcc/arm-none-eabi/5.4.1/../../../../arm-none-eabi/lib/armv7e-m/fpu/libm.a(lib_a-s_scalbn.o)
 .debug_frame   0x00000000000080c4       0x20 /usr/local/gcc-arm-none-eabi-5_4-2016q3/bin/../lib/gcc/arm-none-eabi/5.4.1/../../../../arm-none-eabi/lib/armv7e-m/fpu/libm.a(lib_a-s_copysign.o)