Archive member included to satisfy reference by file (symbol)

/usr/local/gcc-arm-none-eabi-5_4-2016q3/bin/../lib/gcc/arm-none-eabi/5.4.1/../../../../arm-none-eabi/lib/armv7e-m/fpu/libc_nano.a(lib_a-exit.o)
                              /usr/local/gcc-arm-none-eabi-5_4-2016q3/bin/../lib/gcc/arm-none-eabi/5.4.1/../../../../arm-none-eabi/lib/armv7e-m/fpu/crt0.o (exit)
/usr/local/gcc-arm-none-eabi-5_4-2016q3/bin/../lib/gcc/arm-none-eabi/5.4.1/../../../../arm-none-eabi/lib/armv7e-m/fpu/libc_nano.a(lib_a-impure.o)
                              /usr/local/gcc-arm-none-eabi-5_4-2016q3/bin/../lib/gcc/arm-none-eabi/5.4.1/../../../../arm-none-eabi/lib/armv7e-m/fpu/libc_nano.a(lib_a-exit.o) (_global_impure_ptr)
/usr/local/gcc-arm-none-eabi-5_4-2016q3/bin/../lib/gcc/arm-none-eabi/5.4.1/../../../../arm-none-eabi/lib/armv7e-m/fpu/libc_nano.a(lib_a-init.o)
                              /usr/local/gcc-arm-none-eabi-5_4-2016q3/bin/../lib/gcc/arm-none-eabi/5.4.1/../../../../arm-none-eabi/lib/armv7e-m/fpu/crt0.o (__libc_init_array)
/usr/local/gcc-arm-none-eabi-5_4-2016q3/bin/../lib/gcc/arm-none-eabi/5.4.1/../../../../arm-none-eabi/lib/armv7e-m/fpu/libc_nano.a(lib_a-memset.o)
                              /usr/local/gcc-arm-none-eabi-5_4-2016q3/bin/../lib/gcc/arm-none-eabi/5.4.1/../../../../arm-none-eabi/lib/armv7e-m/fpu/crt0.o (memset)
/usr/local/gcc-arm-none-eabi-5_4-2016q3/bin/../lib/gcc/arm-none-eabi/5.4.1/../../../../arm-none-eabi/lib/armv7e-m/fpu/libnosys.a(_exit.o)
                              /usr/local/gcc-arm-none-eabi-5_4-2016q3/bin/../lib/gcc/arm-none-eabi/5.4.1/../../../../arm-none-eabi/lib/armv7e-m/fpu/libc_nano.a(lib_a-exit.o) (_exit)

Discarded input sections

 .text          0x0000000000000000        0x0 /usr/local/gcc-arm-none-eabi-5_4-2016q3/bin/../lib/gcc/arm-none-eabi/5.4.1/armv7e-m/fpu/crti.o
 .data          0x0000000000000000        0x0 /usr/local/gcc-arm-none-eabi-5_4-2016q3/bin/../lib/gcc/arm-none-eabi/5.4.1/armv7e-m/fpu/crti.o
 .bss           0x0000000000000000        0x0 /usr/local/gcc-arm-none-eabi-5_4-2016q3/bin/../lib/gcc/arm-none-eabi/5.4.1/armv7e-m/fpu/crti.o
 .data          0x0000000000000000        0x4 /usr/local/gcc-arm-none-eabi-5_4-2016q3/bin/../lib/gcc/arm-none-eabi/5.4.1/armv7e-m/fpu/crtbegin.o
 .data          0x0000000000000000        0x0 /usr/local/gcc-arm-none-eabi-5_4-2016q3/bin/../lib/gcc/arm-none-eabi/5.4.1/../../../../arm-none-eabi/lib/armv7e-m/fpu/crt0.o
 .bss           0x0000000000000000        0x0 /usr/local/gcc-arm-none-eabi-5_4-2016q3/bin/../lib/gcc/arm-none-eabi/5.4.1/../../../../arm-none-eabi/lib/armv7e-m/fpu/crt0.o
 .ARM.extab     0x0000000000000000        0x0 /usr/local/gcc-arm-none-eabi-5_4-2016q3/bin/../lib/gcc/arm-none-eabi/5.4.1/../../../../arm-none-eabi/lib/armv7e-m/fpu/crt0.o
 .text          0x0000000000000000        0x0 /usr/local/gcc-arm-none-eabi-5_4-2016q3/bin/../lib/gcc/arm-none-eabi/5.4.1/../../../../arm-none-eabi/lib/armv7e-m/fpu/libc_nano.a(lib_a-exit.o)
 .data          0x0000000000000000        0x0 /usr/local/gcc-arm-none-eabi-5_4-2016q3/bin/../lib/gcc/arm-none-eabi/5.4.1/../../../../arm-none-eabi/lib/armv7e-m/fpu/libc_nano.a(lib_a-exit.o)
 .bss           0x0000000000000000        0x0 /usr/local/gcc-arm-none-eabi-5_4-2016q3/bin/../lib/gcc/arm-none-eabi/5.4.1/../../../../arm-none-eabi/lib/armv7e-m/fpu/libc_nano.a(lib_a-exit.o)
 .text          0x0000000000000000        0x0 /usr/local/gcc-arm-none-eabi-5_4-2016q3/bin/../lib/gcc/arm-none-eabi/5.4.1/../../../../arm-none-eabi/lib/armv7e-m/fpu/libc_nano.a(lib_a-impure.o)
 .data          0x0000000000000000        0x0 /usr/local/gcc-arm-none-eabi-5_4-2016q3/bin/../lib/gcc/arm-none-eabi/5.4.1/../../../../arm-none-eabi/lib/armv7e-m/fpu/libc_nano.a(lib_a-impure.o)
 .bss           0x0000000000000000        0x0 /usr/local/gcc-arm-none-eabi-5_4-2016q3/bin/../lib/gcc/arm-none-eabi/5.4.1/../../../../arm-none-eabi/lib/armv7e-m/fpu/libc_nano.a(lib_a-impure.o)
 .data._impure_ptr
                0x0000000000000000        0x4 /usr/local/gcc-arm-none-eabi-5_4-2016q3/bin/../lib/gcc/arm-none-eabi/5.4.1/../../../../arm-none-eabi/lib/armv7e-m/fpu/libc_nano.a(lib_a-impure.o)
 .text          0x0000000000000000        0x0 /usr/local/gcc-arm-none-eabi-5_4-2016q3/bin/../lib/gcc/arm-none-eabi/5.4.1/../../../../arm-none-eabi/lib/armv7e-m/fpu/libc_nano.a(lib_a-init.o)
 .data          0x0000000000000000        0x0 /usr/local/gcc-arm-none-eabi-5_4-2016q3/bin/../lib/gcc/arm-none-eabi/5.4.1/../../../../arm-none-eabi/lib/armv7e-m/fpu/libc_nano.a(lib_a-init.o)
 .bss           0x0000000000000000        0x0 /usr/local/gcc-arm-none-eabi-5_4-2016q3/bin/../lib/gcc/arm-none-eabi/5.4.1/../../../../arm-none-eabi/lib/armv7e-m/fpu/libc_nano.a(lib_a-init.o)
 .text          0x0000000000000000        0x0 /usr/local/gcc-arm-none-eabi-5_4-2016q3/bin/../lib/gcc/arm-none-eabi/5.4.1/../../../../arm-none-eabi/lib/armv7e-m/fpu/libc_nano.a(lib_a-memset.o)
[...]
Memory Configuration

Name             Origin             Length             Attributes
FLASH            0x0000000000000000 0x0000000000080000 xr
RAM              0x0000000020000000 0x0000000000010000 xrw
*default*        0x0000000000000000 0xffffffffffffffff

Linker script and memory map


.text           0x0000000000000000     0x12fc
 *(.isr_vector)
 .isr_vector    0x0000000000000000      0x400 _build/nrf52832_xxaa_gcc_startup_nrf52.S.o
                0x0000000000000000                __isr_vector
 *(.text*)
 .text          0x0000000000000400       0x5c /usr/local/gcc-arm-none-eabi-5_4-2016q3/bin/../lib/gcc/arm-none-eabi/5.4.1/armv7e-m/fpu/crtbegin.o
 .text          0x000000000000045c       0x74 /usr/local/gcc-arm-none-eabi-5_4-2016q3/bin/../lib/gcc/arm-none-eabi/5.4.1/../../../../arm-none-eabi/lib/armv7e-m/fpu/crt0.o
                0x000000000000045c                _mainCRTStartup
                0x000000000000045c                _start
 .text.exit     0x00000000000004d0       0x28 /usr/local/gcc-arm-none-eabi-5_4-2016q3/bin/../lib/gcc/arm-none-eabi/5.4.1/../../../../arm-none-eabi/lib/armv7e-m/fpu/libc_nano.a(lib_a-exit.o)
                0x00000000000004d0                exit
 .text.__libc_init_array
                0x00000000000004f8       0x4c /usr/local/gcc-arm-none-eabi-5_4-2016q3/bin/../lib/gcc/arm-none-eabi/5.4.1/../../../../arm-none-eabi/lib/armv7e-m/fpu/libc_nano.a(lib_a-init.o)
                0x00000000000004f8                __libc_init_array
 .text.memset   0x0000000000000544       0x10 /usr/local/gcc-arm-none-eabi-5_4-2016q3/bin/../lib/gcc/arm-none-eabi/5.4.1/../../../../arm-none-eabi/lib/armv7e-m/fpu/libc_nano.a(lib_a-memset.o)
                0x0000000000000544                memset
 .text._exit    0x0000000000000554        0x4 /usr/local/gcc-arm-none-eabi-5_4-2016q3/bin/../lib/gcc/arm-none-eabi/5.4.1/../../../../arm-none-eabi/lib/armv7e-m/fpu/libnosys.a(_exit.o)
                0x0000000000000554                _exit
 .text          0x0000000000000558       0x3c _build/nrf52832_xxaa_gcc_startup_nrf52.S.o
                0x0000000000000558                Reset_Handler
                0x0000000000000580                NMI_Handler
                0x0000000000000582                HardFault_Handler
                0x0000000000000584                MemoryManagement_Handler
                0x0000000000000586                BusFault_Handler
                0x0000000000000588                UsageFault_Handler
                0x000000000000058a                SVC_Handler
                0x000000000000058c                DebugMon_Handler
                0x000000000000058e                PendSV_Handler
                0x0000000000000590                SysTick_Handler
                0x0000000000000592                FPU_IRQHandler
                0x0000000000000592                SPIM0_SPIS0_TWIM0_TWIS0_SPI0_TWI0_IRQHandler
                0x0000000000000592                UARTE0_UART0_IRQHandler
                0x0000000000000592                TIMER4_IRQHandler
                0x0000000000000592                I2S_IRQHandler
                0x0000000000000592                SWI4_EGU4_IRQHandler
                0x0000000000000592                TIMER0_IRQHandler
                0x0000000000000592                TIMER1_IRQHandler
                0x0000000000000592                PWM2_IRQHandler
                0x0000000000000592                ECB_IRQHandler
                0x0000000000000592                SPIM1_SPIS1_TWIM1_TWIS1_SPI1_TWI1_IRQHandler
                0x0000000000000592                Default_Handler
                0x0000000000000592                SAADC_IRQHandler
                0x0000000000000592                CCM_AAR_IRQHandler
                0x0000000000000592                WDT_IRQHandler
                0x0000000000000592                SWI5_EGU5_IRQHandler
                0x0000000000000592                RNG_IRQHandler
                0x0000000000000592                RTC2_IRQHandler
                0x0000000000000592                PWM0_IRQHandler
                0x0000000000000592                SWI3_EGU3_IRQHandler
                0x0000000000000592                SWI1_EGU1_IRQHandler
                0x0000000000000592                SPIM2_SPIS2_SPI2_IRQHandler
                0x0000000000000592                NFCT_IRQHandler
                0x0000000000000592                MWU_IRQHandler
                0x0000000000000592                TIMER2_IRQHandler
                0x0000000000000592                COMP_LPCOMP_IRQHandler
                0x0000000000000592                RTC0_IRQHandler
                0x0000000000000592                SWI2_EGU2_IRQHandler
                0x0000000000000592                GPIOTE_IRQHandler
                0x0000000000000592                PWM1_IRQHandler
                0x0000000000000592                RADIO_IRQHandler
                0x0000000000000592                PDM_IRQHandler
                0x0000000000000592                TEMP_IRQHandler
                0x0000000000000592                QDEC_IRQHandler
                0x0000000000000592                TIMER3_IRQHandler
 .text.SystemInit
                0x0000000000000594      0x2f0 _build/nrf52832_xxaa_system_nrf52.c.o
                0x0000000000000594                SystemInit
 .text.startup.main
                0x0000000000000884      0x284 _build/nrf52832_xxaa_main.c.o
                0x0000000000000884                main
 .text.app_error_handler_bare
                0x0000000000000b08       0x20 _build/nrf52832_xxaa_app_error.c.o
                0x0000000000000b08                app_error_handler_bare
 .text.app_error_fault_handler
                0x0000000000000b28       0x24 _build/nrf52832_xxaa_app_error_weak.c.o
                0x0000000000000b28                app_error_fault_handler
 .text.RTC1_IRQHandler
                0x0000000000000b4c       0xc4 _build/nrf52832_xxaa_app_timer.c.o
                0x0000000000000b4c                RTC1_IRQHandler
 .text.SWI0_EGU0_IRQHandler
                0x0000000000000c10      0x654 _build/nrf52832_xxaa_app_timer.c.o
                0x0000000000000c10                SWI0_EGU0_IRQHandler
 .text.POWER_CLOCK_IRQHandler
                0x0000000000001264       0x78 _build/nrf52832_xxaa_nrf_drv_clock.c.o
                0x0000000000001264                POWER_CLOCK_IRQHandler
 *(.init)
 .init          0x00000000000012dc        0x4 /usr/local/gcc-arm-none-eabi-5_4-2016q3/bin/../lib/gcc/arm-none-eabi/5.4.1/armv7e-m/fpu/crti.o
                0x00000000000012dc                _init
 .init          0x00000000000012e0        0x8 /usr/local/gcc-arm-none-eabi-5_4-2016q3/bin/../lib/gcc/arm-none-eabi/5.4.1/armv7e-m/fpu/crtn.o
 *(.fini)
 .fini          0x00000000000012e8        0x4 /usr/local/gcc-arm-none-eabi-5_4-2016q3/bin/../lib/gcc/arm-none-eabi/5.4.1/armv7e-m/fpu/crti.o
                0x00000000000012e8                _fini
 .fini          0x00000000000012ec        0x8 /usr/local/gcc-arm-none-eabi-5_4-2016q3/bin/../lib/gcc/arm-none-eabi/5.4.1/armv7e-m/fpu/crtn.o
 *crtbegin.o(.ctors)
 *crtbegin?.o(.ctors)
 *(EXCLUDE_FILE(*crtend.o *crtend?.o) .ctors)
 *(SORT(.ctors.*))
 *(.ctors)
 *crtbegin.o(.dtors)
 *crtbegin?.o(.dtors)
 *(EXCLUDE_FILE(*crtend.o *crtend?.o) .dtors)
 *(SORT(.dtors.*))
 *(.dtors)
 *(.rodata*)
 .rodata._global_impure_ptr
                0x00000000000012f4        0x4 /usr/local/gcc-arm-none-eabi-5_4-2016q3/bin/../lib/gcc/arm-none-eabi/5.4.1/../../../../arm-none-eabi/lib/armv7e-m/fpu/libc_nano.a(lib_a-impure.o)
                0x00000000000012f4                _global_impure_ptr
 *(.eh_frame*)
 .eh_frame      0x00000000000012f8        0x0 /usr/local/gcc-arm-none-eabi-5_4-2016q3/bin/../lib/gcc/arm-none-eabi/5.4.1/armv7e-m/fpu/crtbegin.o
 .eh_frame      0x00000000000012f8        0x4 /usr/local/gcc-arm-none-eabi-5_4-2016q3/bin/../lib/gcc/arm-none-eabi/5.4.1/armv7e-m/fpu/crtend.o

.glue_7         0x00000000000012fc        0x0
 .glue_7        0x00000000000012fc        0x0 linker stubs

.glue_7t        0x00000000000012fc        0x0
 .glue_7t       0x00000000000012fc        0x0 linker stubs

.vfp11_veneer   0x00000000000012fc        0x0
 .vfp11_veneer  0x00000000000012fc        0x0 linker stubs

.v4_bx          0x00000000000012fc        0x0
 .v4_bx         0x00000000000012fc        0x0 linker stubs

.iplt           0x00000000000012fc        0x0
 .iplt          0x00000000000012fc        0x0 /usr/local/gcc-arm-none-eabi-5_4-2016q3/bin/../lib/gcc/arm-none-eabi/5.4.1/armv7e-m/fpu/crtbegin.o

.ARM.extab
 *(.ARM.extab* .gnu.linkonce.armextab.*)
                0x00000000000012fc                __exidx_start = .

.ARM.exidx      0x00000000000012fc        0x8
 *(.ARM.exidx* .gnu.linkonce.armexidx.*)
 .ARM.exidx     0x00000000000012fc        0x8 /usr/local/gcc-arm-none-eabi-5_4-2016q3/bin/../lib/gcc/arm-none-eabi/5.4.1/../../../../arm-none-eabi/lib/armv7e-m/fpu/crt0.o
                0x0000000000001304                __exidx_end = .
                0x0000000000001304                __etext = .

.rel.dyn        0x0000000000001304        0x0
 .rel.iplt      0x0000000000001304        0x0 /usr/local/gcc-arm-none-eabi-5_4-2016q3/bin/../lib/gcc/arm-none-eabi/5.4.1/armv7e-m/fpu/crtbegin.o

.data           0x0000000020000000       0x70 load address 0x0000000000001304
                0x0000000020000000                __data_start__ = .
 *(vtable)
 *(.data*)
 .data.impure_data
                0x0000000020000000       0x60 /usr/local/gcc-arm-none-eabi-5_4-2016q3/bin/../lib/gcc/arm-none-eabi/5.4.1/../../../../arm-none-eabi/lib/armv7e-m/fpu/libc_nano.a(lib_a-impure.o)
 .data.SystemCoreClock
                0x0000000020000060        0x4 _build/nrf52832_xxaa_system_nrf52.c.o
                0x0000000020000060                SystemCoreClock
                0x0000000020000064                . = ALIGN (0x4)
                0x0000000020000064                PROVIDE (__preinit_array_start, .)
 *(.preinit_array)
                0x0000000020000064                PROVIDE (__preinit_array_end, .)
                0x0000000020000064                . = ALIGN (0x4)
                0x0000000020000064                PROVIDE (__init_array_start, .)
 *(SORT(.init_array.*))
 *(.init_array)
 .init_array    0x0000000020000064        0x4 /usr/local/gcc-arm-none-eabi-5_4-2016q3/bin/../lib/gcc/arm-none-eabi/5.4.1/armv7e-m/fpu/crtbegin.o
                0x0000000020000068                PROVIDE (__init_array_end, .)
                0x0000000020000068                . = ALIGN (0x4)
                [!provide]                        PROVIDE (__fini_array_start, .)
 *(SORT(.fini_array.*))
 *(.fini_array)
 .fini_array    0x0000000020000068        0x4 /usr/local/gcc-arm-none-eabi-5_4-2016q3/bin/../lib/gcc/arm-none-eabi/5.4.1/armv7e-m/fpu/crtbegin.o
                [!provide]                        PROVIDE (__fini_array_end, .)
 *(.jcr*)
 .jcr           0x000000002000006c        0x0 /usr/local/gcc-arm-none-eabi-5_4-2016q3/bin/../lib/gcc/arm-none-eabi/5.4.1/armv7e-m/fpu/crtbegin.o
 .jcr           0x000000002000006c        0x4 /usr/local/gcc-arm-none-eabi-5_4-2016q3/bin/../lib/gcc/arm-none-eabi/5.4.1/armv7e-m/fpu/crtend.o
                0x0000000020000070                . = ALIGN (0x4)
                0x0000000020000070                __data_end__ = .
LOAD /usr/local/gcc-arm-none-eabi-5_4-2016q3/bin/../lib/gcc/arm-none-eabi/5.4.1/armv7e-m/fpu/crti.o
LOAD /usr/local/gcc-arm-none-eabi-5_4-2016q3/bin/../lib/gcc/arm-none-eabi/5.4.1/armv7e-m/fpu/crtbegin.o
LOAD /usr/local/gcc-arm-none-eabi-5_4-2016q3/bin/../lib/gcc/arm-none-eabi/5.4.1/../../../../arm-none-eabi/lib/armv7e-m/fpu/crt0.o
LOAD /usr/local/gcc-arm-none-eabi-5_4-2016q3/bin/../lib/gcc/arm-none-eabi/5.4.1/../../../../arm-none-eabi/lib/armv7e-m/fpu/libc_nano.a
LOAD /usr/local/gcc-arm-none-eabi-5_4-2016q3/bin/../lib/gcc/arm-none-eabi/5.4.1/../../../../arm-none-eabi/lib/armv7e-m/fpu/libnosys.a
LOAD _build/nrf52832_xxaa_gcc_startup_nrf52.S.o
LOAD _build/nrf52832_xxaa_system_nrf52.c.o
LOAD _build/nrf52832_xxaa_main.c.o
LOAD _build/nrf52832_xxaa_app_error.c.o
LOAD _build/nrf52832_xxaa_app_error_weak.c.o
LOAD _build/nrf52832_xxaa_app_fifo.c.o
LOAD _build/nrf52832_xxaa_app_timer.c.o
LOAD _build/nrf52832_xxaa_app_util_platform.c.o
LOAD _build/nrf52832_xxaa_hardfault_implementation.c.o
LOAD _build/nrf52832_xxaa_nrf_assert.c.o
LOAD _build/nrf52832_xxaa_nrf_drv_clock.c.o
LOAD _build/nrf52832_xxaa_nrf_drv_common.c.o
LOAD _build/nrf52832_xxaa_nrf_nvic.c.o
LOAD _build/nrf52832_xxaa_nrf_soc.c.o
LOAD /usr/local/gcc-arm-none-eabi-5_4-2016q3/bin/../lib/gcc/arm-none-eabi/5.4.1/../../../../arm-none-eabi/lib/armv7e-m/fpu/libm.a
START GROUP
LOAD /usr/local/gcc-arm-none-eabi-5_4-2016q3/bin/../lib/gcc/arm-none-eabi/5.4.1/armv7e-m/fpu/libgcc.a
LOAD /usr/local/gcc-arm-none-eabi-5_4-2016q3/bin/../lib/gcc/arm-none-eabi/5.4.1/../../../../arm-none-eabi/lib/armv7e-m/fpu/libc_nano.a
END GROUP
START GROUP
LOAD /usr/local/gcc-arm-none-eabi-5_4-2016q3/bin/../lib/gcc/arm-none-eabi/5.4.1/armv7e-m/fpu/libgcc.a
LOAD /usr/local/gcc-arm-none-eabi-5_4-2016q3/bin/../lib/gcc/arm-none-eabi/5.4.1/../../../../arm-none-eabi/lib/armv7e-m/fpu/libc_nano.a
END GROUP
LOAD /usr/local/gcc-arm-none-eabi-5_4-2016q3/bin/../lib/gcc/arm-none-eabi/5.4.1/armv7e-m/fpu/crtend.o
LOAD /usr/local/gcc-arm-none-eabi-5_4-2016q3/bin/../lib/gcc/arm-none-eabi/5.4.1/armv7e-m/fpu/crtn.o
START GROUP
LOAD /usr/local/gcc-arm-none-eabi-5_4-2016q3/bin/../lib/gcc/arm-none-eabi/5.4.1/armv7e-m/fpu/libgcc.a
LOAD /usr/local/gcc-arm-none-eabi-5_4-2016q3/bin/../lib/gcc/arm-none-eabi/5.4.1/../../../../arm-none-eabi/lib/armv7e-m/fpu/libc.a
LOAD /usr/local/gcc-arm-none-eabi-5_4-2016q3/bin/../lib/gcc/arm-none-eabi/5.4.1/../../../../arm-none-eabi/lib/armv7e-m/fpu/libnosys.a
END GROUP

.igot.plt       0x0000000020000070        0x0 load address 0x0000000000001374
 .igot.plt      0x0000000020000070        0x0 /usr/local/gcc-arm-none-eabi-5_4-2016q3/bin/../lib/gcc/arm-none-eabi/5.4.1/armv7e-m/fpu/crtbegin.o

.fs_data        0x0000000020000070        0x0
                [!provide]                        PROVIDE (__start_fs_data, .)
 *(.fs_data)
                [!provide]                        PROVIDE (__stop_fs_data, .)

.bss            0x0000000020000070       0x54 load address 0x0000000000001374
                0x0000000020000070                . = ALIGN (0x4)
                0x0000000020000070                __bss_start__ = .
 *(.bss*)
 .bss           0x0000000020000070       0x1c /usr/local/gcc-arm-none-eabi-5_4-2016q3/bin/../lib/gcc/arm-none-eabi/5.4.1/armv7e-m/fpu/crtbegin.o
 .bss.m_ticks_latest
                0x000000002000008c        0x4 _build/nrf52832_xxaa_app_timer.c.o
 .bss.mp_timer_id_head
                0x0000000020000090        0x4 _build/nrf52832_xxaa_app_timer.c.o
 .bss.m_evt_schedule_func
                0x0000000020000094        0x4 _build/nrf52832_xxaa_app_timer.c.o
 .bss.m_ticks_elapsed_q_read_ind
                0x0000000020000098        0x1 _build/nrf52832_xxaa_app_timer.c.o
 .bss.m_ticks_elapsed_q_write_ind
                0x0000000020000099        0x1 _build/nrf52832_xxaa_app_timer.c.o
 .bss.m_rtc1_reset
                0x000000002000009a        0x1 _build/nrf52832_xxaa_app_timer.c.o
 *fill*         0x000000002000009b        0x1 
 .bss.m_op_queue
                0x000000002000009c        0x8 _build/nrf52832_xxaa_app_timer.c.o
 .bss.m_ticks_elapsed
                0x00000000200000a4        0x8 _build/nrf52832_xxaa_app_timer.c.o
 .bss.m_rtc1_running
                0x00000000200000ac        0x1 _build/nrf52832_xxaa_app_timer.c.o
 *fill*         0x00000000200000ad        0x3 
 .bss.m_clock_cb
                0x00000000200000b0       0x14 _build/nrf52832_xxaa_nrf_drv_clock.c.o
 *(COMMON)
                0x00000000200000c4                . = ALIGN (0x4)
                0x00000000200000c4                __bss_end__ = .

.heap           0x00000000200000c8     0x2000
                0x00000000200000c8                __HeapBase = .
                0x00000000200000c8                __end__ = .
                [!provide]                        PROVIDE (end, .)
 *(.heap*)
 .heap          0x00000000200000c8     0x2000 _build/nrf52832_xxaa_gcc_startup_nrf52.S.o
                0x00000000200020c8                __HeapLimit = .

.stack_dummy    0x00000000200000c8     0x2000
 *(.stack*)
 .stack         0x00000000200000c8     0x2000 _build/nrf52832_xxaa_gcc_startup_nrf52.S.o
                0x0000000020010000                __StackTop = (ORIGIN (RAM) + LENGTH (RAM))
                0x000000002000e000                __StackLimit = (__StackTop - SIZEOF (.stack_dummy))
                0x0000000020010000                PROVIDE (__stack, __StackTop)
                0x0000000000000001                ASSERT ((__StackLimit >= __HeapLimit), region RAM overflowed with stack)
OUTPUT(_build/nrf52832_xxaa.out elf32-littlearm)

.ARM.attributes
                0x0000000000000000       0x30
 .ARM.attributes
                0x0000000000000000       0x22 /usr/local/gcc-arm-none-eabi-5_4-2016q3/bin/../lib/gcc/arm-none-eabi/5.4.1/armv7e-m/fpu/crti.o
 .ARM.attributes
                0x0000000000000022       0x34 /usr/local/gcc-arm-none-eabi-5_4-2016q3/bin/../lib/gcc/arm-none-eabi/5.4.1/armv7e-m/fpu/crtbegin.o
 .ARM.attributes
                0x0000000000000056       0x20 /usr/local/gcc-arm-none-eabi-5_4-2016q3/bin/../lib/gcc/arm-none-eabi/5.4.1/../../../../arm-none-eabi/lib/armv7e-m/fpu/crt0.o
 .ARM.attributes
                0x0000000000000076       0x34 /usr/local/gcc-arm-none-eabi-5_4-2016q3/bin/../lib/gcc/arm-none-eabi/5.4.1/../../../../arm-none-eabi/lib/armv7e-m/fpu/libc_nano.a(lib_a-exit.o)
 .ARM.attributes
                0x00000000000000aa       0x34 /usr/local/gcc-arm-none-eabi-5_4-2016q3/bin/../lib/gcc/arm-none-eabi/5.4.1/../../../../arm-none-eabi/lib/armv7e-m/fpu/libc_nano.a(lib_a-impure.o)
 .ARM.attributes
                0x00000000000000de       0x34 /usr/local/gcc-arm-none-eabi-5_4-2016q3/bin/../lib/gcc/arm-none-eabi/5.4.1/../../../../arm-none-eabi/lib/armv7e-m/fpu/libc_nano.a(lib_a-init.o)
 .ARM.attributes
                0x0000000000000112       0x34 /usr/local/gcc-arm-none-eabi-5_4-2016q3/bin/../lib/gcc/arm-none-eabi/5.4.1/../../../../arm-none-eabi/lib/armv7e-m/fpu/libc_nano.a(lib_a-memset.o)
 .ARM.attributes
                0x0000000000000146       0x34 /usr/local/gcc-arm-none-eabi-5_4-2016q3/bin/../lib/gcc/arm-none-eabi/5.4.1/../../../../arm-none-eabi/lib/armv7e-m/fpu/libnosys.a(_exit.o)
 .ARM.attributes
                0x000000000000017a       0x1c _build/nrf52832_xxaa_gcc_startup_nrf52.S.o
 .ARM.attributes
                0x0000000000000196       0x39 _build/nrf52832_xxaa_system_nrf52.c.o
 .ARM.attributes
                0x00000000000001cf       0x39 _build/nrf52832_xxaa_main.c.o
 .ARM.attributes
                0x0000000000000208       0x39 _build/nrf52832_xxaa_app_error.c.o
 .ARM.attributes
                0x0000000000000241       0x39 _build/nrf52832_xxaa_app_error_weak.c.o
 .ARM.attributes
                0x000000000000027a       0x39 _build/nrf52832_xxaa_app_timer.c.o
 .ARM.attributes
                0x00000000000002b3       0x39 _build/nrf52832_xxaa_nrf_drv_clock.c.o
 .ARM.attributes
                0x00000000000002ec       0x34 /usr/local/gcc-arm-none-eabi-5_4-2016q3/bin/../lib/gcc/arm-none-eabi/5.4.1/armv7e-m/fpu/crtend.o
 .ARM.attributes
                0x0000000000000320       0x22 /usr/local/gcc-arm-none-eabi-5_4-2016q3/bin/../lib/gcc/arm-none-eabi/5.4.1/armv7e-m/fpu/crtn.o

.comment        0x0000000000000000       0x6e
 .comment       0x0000000000000000       0x6e _build/nrf52832_xxaa_system_nrf52.c.o
                                         0x6f (size before relaxing)
 .comment       0x000000000000006e       0x6f _build/nrf52832_xxaa_main.c.o
 .comment       0x000000000000006e       0x6f _build/nrf52832_xxaa_app_error.c.o
 .comment       0x000000000000006e       0x6f _build/nrf52832_xxaa_app_error_weak.c.o
 .comment       0x000000000000006e       0x6f _build/nrf52832_xxaa_app_timer.c.o
 .comment       0x000000000000006e       0x6f _build/nrf52832_xxaa_nrf_drv_clock.c.o

.debug_frame    0x0000000000000000      0x3e0
 .debug_frame   0x0000000000000000       0x28 /usr/local/gcc-arm-none-eabi-5_4-2016q3/bin/../lib/gcc/arm-none-eabi/5.4.1/../../../../arm-none-eabi/lib/armv7e-m/fpu/libc_nano.a(lib_a-exit.o)
 .debug_frame   0x0000000000000028       0x2c /usr/local/gcc-arm-none-eabi-5_4-2016q3/bin/../lib/gcc/arm-none-eabi/5.4.1/../../../../arm-none-eabi/lib/armv7e-m/fpu/libc_nano.a(lib_a-init.o)
 .debug_frame   0x0000000000000054       0x20 /usr/local/gcc-arm-none-eabi-5_4-2016q3/bin/../lib/gcc/arm-none-eabi/5.4.1/../../../../arm-none-eabi/lib/armv7e-m/fpu/libc_nano.a(lib_a-memset.o)
 .debug_frame   0x0000000000000074       0x20 /usr/local/gcc-arm-none-eabi-5_4-2016q3/bin/../lib/gcc/arm-none-eabi/5.4.1/../../../../arm-none-eabi/lib/armv7e-m/fpu/libnosys.a(_exit.o)
 .debug_frame   0x0000000000000094       0x48 _build/nrf52832_xxaa_system_nrf52.c.o
 .debug_frame   0x00000000000000dc       0x28 _build/nrf52832_xxaa_main.c.o
 .debug_frame   0x0000000000000104       0x70 _build/nrf52832_xxaa_app_error.c.o
 .debug_frame   0x0000000000000174       0x20 _build/nrf52832_xxaa_app_error_weak.c.o
 .debug_frame   0x0000000000000194      0x114 _build/nrf52832_xxaa_app_timer.c.o
 .debug_frame   0x00000000000002a8      0x138 _build/nrf52832_xxaa_nrf_drv_clock.c.o

.debug_info     0x0000000000000000     0x44e6
 .debug_info    0x0000000000000000      0xe06 _build/nrf52832_xxaa_system_nrf52.c.o
 .debug_info    0x0000000000000e06      0x4ac _build/nrf52832_xxaa_main.c.o
 .debug_info    0x00000000000012b2      0x34f _build/nrf52832_xxaa_app_error.c.o
 .debug_info    0x0000000000001601      0x331 _build/nrf52832_xxaa_app_error_weak.c.o
 .debug_info    0x0000000000001932     0x1b6c _build/nrf52832_xxaa_app_timer.c.o
 .debug_info    0x000000000000349e     0x1048 _build/nrf52832_xxaa_nrf_drv_clock.c.o

.debug_abbrev   0x0000000000000000      0xe0c
 .debug_abbrev  0x0000000000000000      0x1e7 _build/nrf52832_xxaa_system_nrf52.c.o
 .debug_abbrev  0x00000000000001e7      0x1e2 _build/nrf52832_xxaa_main.c.o
 .debug_abbrev  0x00000000000003c9      0x13a _build/nrf52832_xxaa_app_error.c.o
 .debug_abbrev  0x0000000000000503      0x13a _build/nrf52832_xxaa_app_error_weak.c.o
 .debug_abbrev  0x000000000000063d      0x407 _build/nrf52832_xxaa_app_timer.c.o
 .debug_abbrev  0x0000000000000a44      0x3c8 _build/nrf52832_xxaa_nrf_drv_clock.c.o

.debug_aranges  0x0000000000000000      0x170
 .debug_aranges
                0x0000000000000000       0x28 _build/nrf52832_xxaa_system_nrf52.c.o
 .debug_aranges
                0x0000000000000028       0x20 _build/nrf52832_xxaa_main.c.o
 .debug_aranges
                0x0000000000000048       0x30 _build/nrf52832_xxaa_app_error.c.o
 .debug_aranges
                0x0000000000000078       0x20 _build/nrf52832_xxaa_app_error_weak.c.o
 .debug_aranges
                0x0000000000000098       0x60 _build/nrf52832_xxaa_app_timer.c.o
 .debug_aranges
                0x00000000000000f8       0x78 _build/nrf52832_xxaa_nrf_drv_clock.c.o

.debug_ranges   0x0000000000000000      0x8d8
 .debug_ranges  0x0000000000000000      0x108 _build/nrf52832_xxaa_system_nrf52.c.o
 .debug_ranges  0x0000000000000108       0xc8 _build/nrf52832_xxaa_main.c.o
 .debug_ranges  0x00000000000001d0       0x20 _build/nrf52832_xxaa_app_error.c.o
 .debug_ranges  0x00000000000001f0       0x10 _build/nrf52832_xxaa_app_error_weak.c.o
 .debug_ranges  0x0000000000000200      0x448 _build/nrf52832_xxaa_app_timer.c.o
 .debug_ranges  0x0000000000000648      0x290 _build/nrf52832_xxaa_nrf_drv_clock.c.o

.debug_macro    0x0000000000000000    0x12726
 .debug_macro   0x0000000000000000       0xf5 _build/nrf52832_xxaa_system_nrf52.c.o
 .debug_macro   0x00000000000000f5      0x8f2 _build/nrf52832_xxaa_system_nrf52.c.o
 .debug_macro   0x00000000000009e7       0x22 _build/nrf52832_xxaa_system_nrf52.c.o
 .debug_macro   0x0000000000000a09       0x4f _build/nrf52832_xxaa_system_nrf52.c.o
 .debug_macro   0x0000000000000a58       0x44 _build/nrf52832_xxaa_system_nrf52.c.o
 .debug_macro   0x0000000000000a9c       0xfd _build/nrf52832_xxaa_system_nrf52.c.o
 .debug_macro   0x0000000000000b99       0x5e _build/nrf52832_xxaa_system_nrf52.c.o
 .debug_macro   0x0000000000000bf7      0x1df _build/nrf52832_xxaa_system_nrf52.c.o
 .debug_macro   0x0000000000000dd6       0x22 _build/nrf52832_xxaa_system_nrf52.c.o
 .debug_macro   0x0000000000000df8       0x1c _build/nrf52832_xxaa_system_nrf52.c.o
 .debug_macro   0x0000000000000e14       0x2d _build/nrf52832_xxaa_system_nrf52.c.o
 .debug_macro   0x0000000000000e41       0x3b _build/nrf52832_xxaa_system_nrf52.c.o
 .debug_macro   0x0000000000000e7c       0x50 _build/nrf52832_xxaa_system_nrf52.c.o
 .debug_macro   0x0000000000000ecc      0xe66 _build/nrf52832_xxaa_system_nrf52.c.o
 .debug_macro   0x0000000000001d32      0x392 _build/nrf52832_xxaa_system_nrf52.c.o
 .debug_macro   0x00000000000020c4     0xcc30 _build/nrf52832_xxaa_system_nrf52.c.o
 .debug_macro   0x000000000000ecf4     0x130f _build/nrf52832_xxaa_system_nrf52.c.o
 .debug_macro   0x0000000000010003       0x88 _build/nrf52832_xxaa_system_nrf52.c.o
 .debug_macro   0x000000000001008b       0x22 _build/nrf52832_xxaa_system_nrf52.c.o
 .debug_macro   0x00000000000100ad      0x12b _build/nrf52832_xxaa_main.c.o
 .debug_macro   0x00000000000101d8       0x10 _build/nrf52832_xxaa_main.c.o
 .debug_macro   0x00000000000101e8      0x284 _build/nrf52832_xxaa_main.c.o
 .debug_macro   0x000000000001046c       0x22 _build/nrf52832_xxaa_main.c.o
 .debug_macro   0x000000000001048e       0x4c _build/nrf52832_xxaa_main.c.o
 .debug_macro   0x00000000000104da      0x28b _build/nrf52832_xxaa_app_error.c.o
 .debug_macro   0x0000000000010765       0x35 _build/nrf52832_xxaa_app_error.c.o
 .debug_macro   0x000000000001079a       0x52 _build/nrf52832_xxaa_app_error.c.o
 .debug_macro   0x00000000000107ec       0x35 _build/nrf52832_xxaa_app_error.c.o
 .debug_macro   0x0000000000010821       0x9c _build/nrf52832_xxaa_app_error.c.o
 .debug_macro   0x00000000000108bd       0x16 _build/nrf52832_xxaa_app_error.c.o
 .debug_macro   0x00000000000108d3       0x97 _build/nrf52832_xxaa_app_error.c.o
 .debug_macro   0x000000000001096a      0x330 _build/nrf52832_xxaa_app_error.c.o
 .debug_macro   0x0000000000010c9a       0xf6 _build/nrf52832_xxaa_app_error.c.o
 .debug_macro   0x0000000000010d90       0x10 _build/nrf52832_xxaa_app_error.c.o
 .debug_macro   0x0000000000010da0       0x52 _build/nrf52832_xxaa_app_error.c.o
 .debug_macro   0x0000000000010df2       0x1f _build/nrf52832_xxaa_app_error.c.o
 .debug_macro   0x0000000000010e11       0x43 _build/nrf52832_xxaa_app_error.c.o
 .debug_macro   0x0000000000010e54       0x20 _build/nrf52832_xxaa_app_error.c.o
 .debug_macro   0x0000000000010e74      0x187 _build/nrf52832_xxaa_app_error.c.o
 .debug_macro   0x0000000000010ffb       0x10 _build/nrf52832_xxaa_app_error.c.o
 .debug_macro   0x000000000001100b       0xb6 _build/nrf52832_xxaa_app_error.c.o
 .debug_macro   0x00000000000110c1       0x16 _build/nrf52832_xxaa_app_error.c.o
 .debug_macro   0x00000000000110d7      0x145 _build/nrf52832_xxaa_app_error.c.o
 .debug_macro   0x000000000001121c       0x8e _build/nrf52832_xxaa_app_error.c.o
 .debug_macro   0x00000000000112aa       0x70 _build/nrf52832_xxaa_app_error.c.o
 .debug_macro   0x000000000001131a      0x151 _build/nrf52832_xxaa_app_error.c.o
 .debug_macro   0x000000000001146b       0x2b _build/nrf52832_xxaa_app_error.c.o
 .debug_macro   0x0000000000011496      0x21c _build/nrf52832_xxaa_app_error.c.o
 .debug_macro   0x00000000000116b2       0x1c _build/nrf52832_xxaa_app_error.c.o
 .debug_macro   0x00000000000116ce       0x83 _build/nrf52832_xxaa_app_error.c.o
 .debug_macro   0x0000000000011751       0x10 _build/nrf52832_xxaa_app_error.c.o
 .debug_macro   0x0000000000011761       0x35 _build/nrf52832_xxaa_app_error.c.o
 .debug_macro   0x0000000000011796      0x45d _build/nrf52832_xxaa_app_error.c.o
 .debug_macro   0x0000000000011bf3      0x16c _build/nrf52832_xxaa_app_error.c.o
 .debug_macro   0x0000000000011d5f       0x59 _build/nrf52832_xxaa_app_error.c.o
 .debug_macro   0x0000000000011db8       0x28 _build/nrf52832_xxaa_app_error.c.o
 .debug_macro   0x0000000000011de0       0x22 _build/nrf52832_xxaa_app_error.c.o
 .debug_macro   0x0000000000011e02      0x28b _build/nrf52832_xxaa_app_error_weak.c.o
 .debug_macro   0x000000000001208d       0x16 _build/nrf52832_xxaa_app_error_weak.c.o
 .debug_macro   0x00000000000120a3      0x308 _build/nrf52832_xxaa_app_timer.c.o
 .debug_macro   0x00000000000123ab       0x35 _build/nrf52832_xxaa_app_timer.c.o
 .debug_macro   0x00000000000123e0       0x10 _build/nrf52832_xxaa_app_timer.c.o
 .debug_macro   0x00000000000123f0       0x67 _build/nrf52832_xxaa_app_timer.c.o
 .debug_macro   0x0000000000012457      0x2af _build/nrf52832_xxaa_nrf_drv_clock.c.o
 .debug_macro   0x0000000000012706       0x10 _build/nrf52832_xxaa_nrf_drv_clock.c.o
 .debug_macro   0x0000000000012716       0x10 _build/nrf52832_xxaa_nrf_drv_clock.c.o

.debug_line     0x0000000000000000     0x25d6
 .debug_line    0x0000000000000000      0x436 _build/nrf52832_xxaa_system_nrf52.c.o
 .debug_line    0x0000000000000436      0x46d _build/nrf52832_xxaa_main.c.o
 .debug_line    0x00000000000008a3      0x5ac _build/nrf52832_xxaa_app_error.c.o
 .debug_line    0x0000000000000e4f      0x573 _build/nrf52832_xxaa_app_error_weak.c.o
 .debug_line    0x00000000000013c2      0xa24 _build/nrf52832_xxaa_app_timer.c.o
 .debug_line    0x0000000000001de6      0x7f0 _build/nrf52832_xxaa_nrf_drv_clock.c.o

.debug_str      0x0000000000000000    0x6549b
 .debug_str     0x0000000000000000    0x5aeb9 _build/nrf52832_xxaa_system_nrf52.c.o
                                      0x5b936 (size before relaxing)
 .debug_str     0x000000000005aeb9     0x12ce _build/nrf52832_xxaa_main.c.o
                                      0x5c7a3 (size before relaxing)
 .debug_str     0x000000000005c187     0x762e _build/nrf52832_xxaa_app_error.c.o
                                      0x62bdf (size before relaxing)
 .debug_str     0x00000000000637b5       0x5d _build/nrf52832_xxaa_app_error_weak.c.o
                                      0x62b68 (size before relaxing)
 .debug_str     0x0000000000063812     0x144c _build/nrf52832_xxaa_app_timer.c.o
                                      0x618d5 (size before relaxing)
 .debug_str     0x0000000000064c5e      0x83d _build/nrf52832_xxaa_nrf_drv_clock.c.o
                                      0x61066 (size before relaxing)

.debug_loc      0x0000000000000000     0x14b6
 .debug_loc     0x0000000000000000      0x1a4 _build/nrf52832_xxaa_main.c.o
 .debug_loc     0x00000000000001a4      0x145 _build/nrf52832_xxaa_app_error.c.o
 .debug_loc     0x00000000000002e9       0x42 _build/nrf52832_xxaa_app_error_weak.c.o
 .debug_loc     0x000000000000032b      0xdee _build/nrf52832_xxaa_app_timer.c.o
 .debug_loc     0x0000000000001119      0x39d _build/nrf52832_xxaa_nrf_drv_clock.c.o
